Archive member included to satisfy reference by file (symbol)

app/libapp.a(main.c.obj)      (--whole-archive)
app/libapp.a(flash_map_extended.c.obj)
                              (--whole-archive)
app/libapp.a(os.c.obj)        (--whole-archive)
app/libapp.a(keys.c.obj)      (--whole-archive)
app/libapp.a(image_validate.c.obj)
                              (--whole-archive)
app/libapp.a(tlv.c.obj)       (--whole-archive)
app/libapp.a(encrypted.c.obj)
                              (--whole-archive)
app/libapp.a(image_rsa.c.obj)
                              (--whole-archive)
app/libapp.a(image_ec256.c.obj)
                              (--whole-archive)
app/libapp.a(image_ed25519.c.obj)
                              (--whole-archive)
app/libapp.a(bootutil_misc.c.obj)
                              (--whole-archive)
app/libapp.a(fault_injection_hardening.c.obj)
                              (--whole-archive)
app/libapp.a(loader.c.obj)    (--whole-archive)
app/libapp.a(swap_misc.c.obj)
                              (--whole-archive)
app/libapp.a(swap_scratch.c.obj)
                              (--whole-archive)
app/libapp.a(swap_move.c.obj)
                              (--whole-archive)
app/libapp.a(caps.c.obj)      (--whole-archive)
app/libapp.a(asn1parse.c.obj)
                              (--whole-archive)
app/libapp.a(platform_util.c.obj)
                              (--whole-archive)
app/libapp.a(cc310_glue.c.obj)
                              (--whole-archive)
app/libapp.a(autogen-pubkey.c.obj)
                              (--whole-archive)
app/libapp.a(nrf_cleanup.c.obj)
                              (--whole-archive)
zephyr/libzephyr.a(base64.c.obj)
                              (--whole-archive)
zephyr/libzephyr.a(cbprintf.c.obj)
                              (--whole-archive)
zephyr/libzephyr.a(cbprintf_packaged.c.obj)
                              (--whole-archive)
zephyr/libzephyr.a(crc32c_sw.c.obj)
                              (--whole-archive)
zephyr/libzephyr.a(crc32_sw.c.obj)
                              (--whole-archive)
zephyr/libzephyr.a(crc16_sw.c.obj)
                              (--whole-archive)
zephyr/libzephyr.a(crc8_sw.c.obj)
                              (--whole-archive)
zephyr/libzephyr.a(crc7_sw.c.obj)
                              (--whole-archive)
zephyr/libzephyr.a(dec.c.obj)
                              (--whole-archive)
zephyr/libzephyr.a(fdtable.c.obj)
                              (--whole-archive)
zephyr/libzephyr.a(hex.c.obj)
                              (--whole-archive)
zephyr/libzephyr.a(notify.c.obj)
                              (--whole-archive)
zephyr/libzephyr.a(printk.c.obj)
                              (--whole-archive)
zephyr/libzephyr.a(onoff.c.obj)
                              (--whole-archive)
zephyr/libzephyr.a(rb.c.obj)  (--whole-archive)
zephyr/libzephyr.a(sem.c.obj)
                              (--whole-archive)
zephyr/libzephyr.a(thread_entry.c.obj)
                              (--whole-archive)
zephyr/libzephyr.a(timeutil.c.obj)
                              (--whole-archive)
zephyr/libzephyr.a(heap.c.obj)
                              (--whole-archive)
zephyr/libzephyr.a(heap-validate.c.obj)
                              (--whole-archive)
zephyr/libzephyr.a(bitarray.c.obj)
                              (--whole-archive)
zephyr/libzephyr.a(cbprintf_nano.c.obj)
                              (--whole-archive)
zephyr/libzephyr.a(reboot.c.obj)
                              (--whole-archive)
zephyr/libzephyr.a(configs.c.obj)
                              (--whole-archive)
zephyr/libzephyr.a(soc.c.obj)
                              (--whole-archive)
zephyr/libzephyr.a(validate_base_addresses.c.obj)
                              (--whole-archive)
zephyr/libzephyr.a(validate_enabled_instances.c.obj)
                              (--whole-archive)
zephyr/libzephyr.a(log_minimal.c.obj)
                              (--whole-archive)
zephyr/libzephyr.a(flash_map.c.obj)
                              (--whole-archive)
zephyr/libzephyr.a(clock_control_nrf.c.obj)
                              (--whole-archive)
zephyr/libzephyr.a(sys_clock_init.c.obj)
                              (--whole-archive)
zephyr/libzephyr.a(nrf_rtc_timer.c.obj)
                              (--whole-archive)
zephyr/libzephyr.a(adp536x.c.obj)
                              (--whole-archive)
zephyr/libzephyr.a(flash_map_partition_manager.c.obj)
                              (--whole-archive)
zephyr/libzephyr.a(nrf_cc3xx_platform_abort_zephyr.c.obj)
                              (--whole-archive)
zephyr/libzephyr.a(nrf_cc3xx_platform_no_mutex_zephyr.c.obj)
                              (--whole-archive)
zephyr/libzephyr.a(serial_adapter.c.obj)
                              (--whole-archive)
zephyr/libzephyr.a(boot_serial.c.obj)
                              (--whole-archive)
zephyr/libzephyr.a(serial_recovery_cbor.c.obj)
                              (--whole-archive)
[...]
Memory Configuration

Name             Origin             Length             Attributes
FLASH            0x00000000         0x0000c000         xr
SRAM             0x200144e8         0x0002bb18         xw
IDT_LIST         0x20040000         0x00000800         xw
*default*        0x00000000         0xffffffff

Linker script and memory map

LOAD zephyr/CMakeFiles/zephyr_final.dir/misc/empty_file.c.obj
LOAD zephyr/CMakeFiles/zephyr_final.dir/isr_tables.c.obj
LOAD zephyr/CMakeFiles/zephyr_final.dir/dev_handles.c.obj
                0x00000020                _region_min_align = 0x20

.rel.plt        0x00000000        0x0
 *(SORT_BY_ALIGNMENT(.rel.plt))
                [!provide]                PROVIDE (__rel_iplt_start = .)
 *(SORT_BY_ALIGNMENT(.rel.iplt))
 .rel.iplt      0x00000000        0x0 zephyr/CMakeFiles/zephyr_final.dir/isr_tables.c.obj
                [!provide]                PROVIDE (__rel_iplt_end = .)

.rela.plt       0x00000000        0x0
 *(SORT_BY_ALIGNMENT(.rela.plt))
                [!provide]                PROVIDE (__rela_iplt_start = .)
 *(SORT_BY_ALIGNMENT(.rela.iplt))
                [!provide]                PROVIDE (__rela_iplt_end = .)

.rel.dyn
 *(SORT_BY_ALIGNMENT(.rel.*))

.rela.dyn
 *(SORT_BY_ALIGNMENT(.rela.*))

/DISCARD/
 *(SORT_BY_ALIGNMENT(.plt))
 *(SORT_BY_ALIGNMENT(.iplt))
 *(SORT_BY_ALIGNMENT(.got.plt))
 *(SORT_BY_ALIGNMENT(.igot.plt))
 *(SORT_BY_ALIGNMENT(.got))
 *(SORT_BY_ALIGNMENT(.igot))
 *(SORT_BY_ALIGNMENT(.irq_info*))
 *(SORT_BY_ALIGNMENT(.intList*))
 *(SORT_BY_ALIGNMENT(.note.GNU-stack))
                0x00000000                _image_rom_start = 0x0

rom_start       0x00000000      0x144
                0x00000000                . = 0x0
                0x00000000                . = ALIGN (0x4)
                0x00000000                . = ALIGN (0x80)
                0x00000000                . = ALIGN (0x200)
                0x00000000                _vector_start = .
 *(SORT_BY_ALIGNMENT(.exc_vector_table))
 *(SORT_BY_ALIGNMENT(.exc_vector_table.*))
 .exc_vector_table._vector_table_section
                0x00000000       0x40 zephyr/arch/arch/arm/core/aarch32/cortex_m/libarch__arm__core__aarch32__cortex_m.a(vector_table.S.obj)
                0x00000000                _vector_table
 *(SORT_BY_ALIGNMENT(.gnu.linkonce.irq_vector_table*))
 .gnu.linkonce.irq_vector_table
                0x00000040      0x104 zephyr/CMakeFiles/zephyr_final.dir/isr_tables.c.obj
                0x00000040                _irq_vector_table
 *(SORT_BY_ALIGNMENT(.vectors))
                0x00000144                _vector_end = .

text            0x00000144     0x726c
                0x00000144                _image_text_start = .
 *(SORT_BY_ALIGNMENT(.text))
 .text          0x00000144       0x30 c:/users/helo/v1.6.0/toolchain/opt/bin/../lib/gcc/arm-none-eabi/9.2.1/thumb/v8-m.main+fp/hard\libgcc.a(_aeabi_uldivmod.o)
                0x00000144                __aeabi_uldivmod
 .text          0x00000174      0x2c0 c:/users/helo/v1.6.0/toolchain/opt/bin/../lib/gcc/arm-none-eabi/9.2.1/thumb/v8-m.main+fp/hard\libgcc.a(_udivmoddi4.o)
                0x00000174                __udivmoddi4
 .text          0x00000434        0x4 c:/users/helo/v1.6.0/toolchain/opt/bin/../lib/gcc/arm-none-eabi/9.2.1/thumb/v8-m.main+fp/hard\libgcc.a(_dvmd_tls.o)
                0x00000434                __aeabi_idiv0
                0x00000434                __aeabi_ldiv0
 *(SORT_BY_ALIGNMENT(.text.*))
 .text.main     0x00000438      0x138 app/libapp.a(main.c.obj)
                0x00000438                main
 .text.flash_device_get_binding
                0x00000570       0x18 app/libapp.a(flash_map_extended.c.obj)
                0x00000570                flash_device_get_binding
 .text.flash_device_base
                0x00000588       0x20 app/libapp.a(flash_map_extended.c.obj)
                0x00000588                flash_device_base
 .text.flash_area_sector_from_off
                0x000005a8       0x24 app/libapp.a(flash_map_extended.c.obj)
                0x000005a8                flash_area_sector_from_off
 .text.bootutil_img_validate
                0x000005cc      0x230 app/libapp.a(image_validate.c.obj)
                0x000005cc                bootutil_img_validate
 .text.bootutil_verify_sig
                0x000007fc       0xf0 app/libapp.a(image_ec256.c.obj)
                0x000007fc                bootutil_verify_sig
 .text.boot_read_swap_size
                0x000008ec       0x80 app/libapp.a(bootutil_misc.c.obj)
                0x000008ec                boot_read_swap_size
 .text.boot_validate_slot.isra.0
                0x0000096c      0x104 app/libapp.a(loader.c.obj)
 .text.boot_swap_image
                0x00000a70       0x7c app/libapp.a(loader.c.obj)
 .text.boot_copy_region
                0x00000aec       0x84 app/libapp.a(loader.c.obj)
                0x00000aec                boot_copy_region
 .text.context_boot_go
                0x00000b70      0x24c app/libapp.a(loader.c.obj)
                0x00000b70                context_boot_go
 .text.boot_go  0x00000dbc       0x10 app/libapp.a(loader.c.obj)
                0x00000dbc                boot_go
 .text.boot_read_image_header
                0x00000dcc       0x9c app/libapp.a(swap_move.c.obj)
                0x00000dcc                boot_read_image_header
 .text.swap_read_status_bytes
                0x00000e68       0xcc app/libapp.a(swap_move.c.obj)
                0x00000e68                swap_read_status_bytes
 .text.boot_slots_compatible
                0x00000f34       0x70 app/libapp.a(swap_move.c.obj)
                0x00000f34                boot_slots_compatible
 .text.swap_status_source
                0x00000fa4       0xcc app/libapp.a(swap_move.c.obj)
                0x00000fa4                swap_status_source
 .text.fixup_revert
                0x00001070       0x98 app/libapp.a(swap_move.c.obj)
                0x00001070                fixup_revert
 .text.swap_run
                0x00001108      0x210 app/libapp.a(swap_move.c.obj)
                0x00001108                swap_run
 .text.mbedtls_platform_zeroize
                0x00001318       0x10 app/libapp.a(platform_util.c.obj)
                0x00001318                mbedtls_platform_zeroize
 .text.cc310_init
                0x00001328       0x30 app/libapp.a(cc310_glue.c.obj)
                0x00001328                cc310_init
 .text.cc310_ecdsa_verify_secp256r1
                0x00001358       0x34 app/libapp.a(cc310_glue.c.obj)
                0x00001358                cc310_ecdsa_verify_secp256r1
 .text.nrf_cleanup_peripheral
                0x0000138c       0x58 app/libapp.a(nrf_cleanup.c.obj)
                0x0000138c                nrf_cleanup_peripheral
 .text.base64_encode
                0x000013e4      0x100 zephyr/libzephyr.a(base64.c.obj)
                0x000013e4                base64_encode
 .text.base64_decode
                0x000014e4      0x140 zephyr/libzephyr.a(base64.c.obj)
                0x000014e4                base64_decode
 .text.char_out
                0x00001624       0x10 zephyr/libzephyr.a(printk.c.obj)
 .text.vprintk  0x00001634       0x1c zephyr/libzephyr.a(printk.c.obj)
                0x00001634                vprintk
 .text.process_event
                0x00001650      0x1d0 zephyr/libzephyr.a(onoff.c.obj)
 .text.cbvprintf
                0x00001820      0x47c zephyr/libzephyr.a(cbprintf_nano.c.obj)
                0x00001820                cbvprintf
 .text.sys_reboot
                0x00001c9c       0x30 zephyr/libzephyr.a(reboot.c.obj)
                0x00001c9c                sys_reboot
 .text.nordicsemi_nrf91_init
                0x00001ccc       0x28 zephyr/libzephyr.a(soc.c.obj)
 .text.arch_busy_wait
                0x00001cf4       0x14 zephyr/libzephyr.a(soc.c.obj)
                0x00001cf4                arch_busy_wait
 .text.get_flash_area_from_id
                0x00001d08       0x30 zephyr/libzephyr.a(flash_map.c.obj)
 .text.flash_area_open
                0x00001d38       0x28 zephyr/libzephyr.a(flash_map.c.obj)
                0x00001d38                flash_area_open
 .text.flash_area_get_sectors
                0x00001d60       0x50 zephyr/libzephyr.a(flash_map.c.obj)
                0x00001d60                flash_area_get_sectors
 .text.onoff_stop
                0x00001db0       0x48 zephyr/libzephyr.a(clock_control_nrf.c.obj)
 .text.onoff_start
                0x00001df8       0x54 zephyr/libzephyr.a(clock_control_nrf.c.obj)
 .text.clk_init
                0x00001e4c       0x60 zephyr/libzephyr.a(clock_control_nrf.c.obj)
 .text.clkstarted_handle.constprop.0
                0x00001eac       0x3c zephyr/libzephyr.a(clock_control_nrf.c.obj)
 .text.clock_event_handler
                0x00001ee8       0x1c zephyr/libzephyr.a(clock_control_nrf.c.obj)
 .text.generic_hfclk_start
                0x00001f04       0x64 zephyr/libzephyr.a(clock_control_nrf.c.obj)
 .text.generic_hfclk_stop
                0x00001f68       0x24 zephyr/libzephyr.a(clock_control_nrf.c.obj)
 .text.z_nrf_clock_control_lf_on
                0x00001f8c      0x100 zephyr/libzephyr.a(clock_control_nrf.c.obj)
                0x00001f8c                z_nrf_clock_control_lf_on
 .text.rtc_nrf_isr
                0x0000208c       0x50 zephyr/libzephyr.a(nrf_rtc_timer.c.obj)
                0x0000208c                rtc_nrf_isr
 .text.sys_clock_driver_init
                0x000020dc       0x54 zephyr/libzephyr.a(nrf_rtc_timer.c.obj)
                0x000020dc                sys_clock_driver_init
 .text.nrf_cc3xx_platform_abort_init
                0x00002130        0xc zephyr/libzephyr.a(nrf_cc3xx_platform_abort_zephyr.c.obj)
                0x00002130                nrf_cc3xx_platform_abort_init
 .text.boot_uart_fifo_callback
                0x0000213c       0xb4 zephyr/libzephyr.a(serial_adapter.c.obj)
 .text.console_out
                0x000021f0       0x18 zephyr/libzephyr.a(serial_adapter.c.obj)
                0x000021f0                console_out
 .text.console_read
                0x00002208       0x8c zephyr/libzephyr.a(serial_adapter.c.obj)
                0x00002208                console_read
 .text.boot_console_init
                0x00002294       0x9c zephyr/libzephyr.a(serial_adapter.c.obj)
                0x00002294                boot_console_init
 .text.bs_cbor_writer
                0x00002330       0x2c zephyr/libzephyr.a(boot_serial.c.obj)
 .text.boot_serial_output
                0x0000235c      0x124 zephyr/libzephyr.a(boot_serial.c.obj)
 .text.bs_empty_rsp.isra.0
                0x00002480       0x40 zephyr/libzephyr.a(boot_serial.c.obj)
 .text.boot_serial_in_dec.constprop.0
                0x000024c0       0x7c zephyr/libzephyr.a(boot_serial.c.obj)
 .text.boot_serial_input
                0x0000253c      0x458 zephyr/libzephyr.a(boot_serial.c.obj)
                0x0000253c                boot_serial_input
 .text.boot_serial_start
                0x00002994       0x80 zephyr/libzephyr.a(boot_serial.c.obj)
                0x00002994                boot_serial_start
 .text.decode_Member
                0x00002a14      0x134 zephyr/libzephyr.a(serial_recovery_cbor.c.obj)
 .text.cbor_decode_Upload
                0x00002b48       0x48 zephyr/libzephyr.a(serial_recovery_cbor.c.obj)
                0x00002b48                cbor_decode_Upload
 .text.z_arm_svc
                0x00002b90       0x20 zephyr/arch/arch/arm/core/aarch32/libarch__arm__core__aarch32.a(swap_helper.S.obj)
                0x00002b90                z_arm_svc
 .text.arch_irq_enable
                0x00002bb0       0x20 zephyr/arch/arch/arm/core/aarch32/libarch__arm__core__aarch32.a(irq_manage.c.obj)
                0x00002bb0                arch_irq_enable
 .text.arch_irq_is_enabled
                0x00002bd0       0x1c zephyr/arch/arch/arm/core/aarch32/libarch__arm__core__aarch32.a(irq_manage.c.obj)
                0x00002bd0                arch_irq_is_enabled
 .text.z_arm_irq_priority_set
                0x00002bec       0x2c zephyr/arch/arch/arm/core/aarch32/libarch__arm__core__aarch32.a(irq_manage.c.obj)
                0x00002bec                z_arm_irq_priority_set
 .text.z_arm_switch_to_main_no_multithreading
                0x00002c18       0x40 zephyr/arch/arch/arm/core/aarch32/libarch__arm__core__aarch32.a(thread.c.obj)
                0x00002c18                z_arm_switch_to_main_no_multithreading
 .text.z_arm_cpu_idle_init
                0x00002c58        0xc zephyr/arch/arch/arm/core/aarch32/libarch__arm__core__aarch32.a(cpu_idle.S.obj)
                0x00002c58                z_arm_cpu_idle_init
 .text.arch_cpu_idle
                0x00002c64       0x1c zephyr/arch/arch/arm/core/aarch32/libarch__arm__core__aarch32.a(cpu_idle.S.obj)
                0x00002c64                arch_cpu_idle
 .text.arch_cpu_atomic_idle
                0x00002c80       0x14 zephyr/arch/arch/arm/core/aarch32/libarch__arm__core__aarch32.a(cpu_idle.S.obj)
                0x00002c80                arch_cpu_atomic_idle
 .text.z_arm_fatal_error
                0x00002c94       0x5c zephyr/arch/arch/arm/core/aarch32/libarch__arm__core__aarch32.a(fatal.c.obj)
                0x00002c94                z_arm_fatal_error
 .text.z_SysNmiOnReset
                0x00002cf0        0x8 zephyr/arch/arch/arm/core/aarch32/libarch__arm__core__aarch32.a(nmi_on_reset.S.obj)
                0x00002cf0                z_SysNmiOnReset
 .text.z_arm_prep_c
                0x00002cf8       0x5c zephyr/arch/arch/arm/core/aarch32/libarch__arm__core__aarch32.a(prep_c.c.obj)
                0x00002cf8                z_arm_prep_c
 .text._isr_wrapper
                0x00002d54       0x28 zephyr/arch/arch/arm/core/aarch32/libarch__arm__core__aarch32.a(isr_wrapper.S.obj)
                0x00002d54                _isr_wrapper
 .text._reset_section
                0x00002d7c       0x60 zephyr/arch/arch/arm/core/aarch32/cortex_m/libarch__arm__core__aarch32__cortex_m.a(reset.S.obj)
                0x00002d7c                __start
                0x00002d7c                z_arm_reset
 .text.__fault  0x00002ddc       0x14 zephyr/arch/arch/arm/core/aarch32/cortex_m/libarch__arm__core__aarch32__cortex_m.a(fault_s.S.obj)
                0x00002ddc                z_arm_usage_fault
                0x00002ddc                z_arm_mpu_fault
                0x00002ddc                z_arm_exc_spurious
                0x00002ddc                z_arm_debug_monitor
                0x00002ddc                z_arm_hard_fault
                0x00002ddc                z_arm_bus_fault
 .text.mem_manage_fault.isra.0
                0x00002df0       0xac zephyr/arch/arch/arm/core/aarch32/cortex_m/libarch__arm__core__aarch32__cortex_m.a(fault.c.obj)
 .text.bus_fault.isra.0
                0x00002e9c       0xb4 zephyr/arch/arch/arm/core/aarch32/cortex_m/libarch__arm__core__aarch32__cortex_m.a(fault.c.obj)
 .text.usage_fault.isra.0
                0x00002f50       0xac zephyr/arch/arch/arm/core/aarch32/cortex_m/libarch__arm__core__aarch32__cortex_m.a(fault.c.obj)
 .text.z_arm_fault
                0x00002ffc      0x160 zephyr/arch/arch/arm/core/aarch32/cortex_m/libarch__arm__core__aarch32__cortex_m.a(fault.c.obj)
                0x00002ffc                z_arm_fault
 .text.z_arm_fault_init
                0x0000315c       0x18 zephyr/arch/arch/arm/core/aarch32/cortex_m/libarch__arm__core__aarch32__cortex_m.a(fault.c.obj)
                0x0000315c                z_arm_fault_init
 .text._HandlerModeExit
                0x00003174        0x4 zephyr/arch/arch/arm/core/aarch32/cortex_m/libarch__arm__core__aarch32__cortex_m.a(exc_exit.S.obj)
                0x00003174                z_arm_int_exit
                0x00003174                z_arm_exc_exit
 .text.sys_arch_reboot
                0x00003178       0x24 zephyr/arch/arch/arm/core/aarch32/cortex_m/libarch__arm__core__aarch32__cortex_m.a(scb.c.obj)
                0x00003178                sys_arch_reboot
 .text.z_arm_clear_arm_mpu_config
                0x0000319c       0x20 zephyr/arch/arch/arm/core/aarch32/cortex_m/libarch__arm__core__aarch32__cortex_m.a(scb.c.obj)
                0x0000319c                z_arm_clear_arm_mpu_config
 .text.z_arm_init_arch_hw_at_boot
                0x000031bc       0x4c zephyr/arch/arch/arm/core/aarch32/cortex_m/libarch__arm__core__aarch32__cortex_m.a(scb.c.obj)
                0x000031bc                z_arm_init_arch_hw_at_boot
 .text.z_arm_interrupt_init
                0x00003208       0x18 zephyr/arch/arch/arm/core/aarch32/cortex_m/libarch__arm__core__aarch32__cortex_m.a(irq_init.c.obj)
                0x00003208                z_arm_interrupt_init
 .text.z_arm_configure_static_mpu_regions
                0x00003220       0x18 zephyr/arch/arch/arm/core/aarch32/mpu/libarch__arm__core__aarch32__mpu.a(arm_core_mpu.c.obj)
                0x00003220                z_arm_configure_static_mpu_regions
 .text.region_init
                0x00003238       0x30 zephyr/arch/arch/arm/core/aarch32/mpu/libarch__arm__core__aarch32__mpu.a(arm_mpu.c.obj)
 .text.mpu_configure_region
                0x00003268       0x50 zephyr/arch/arch/arm/core/aarch32/mpu/libarch__arm__core__aarch32__mpu.a(arm_mpu.c.obj)
 .text.mpu_configure_regions_and_partition.constprop.0
                0x000032b8      0x168 zephyr/arch/arch/arm/core/aarch32/mpu/libarch__arm__core__aarch32__mpu.a(arm_mpu.c.obj)
 .text.arm_core_mpu_enable
                0x00003420       0x14 zephyr/arch/arch/arm/core/aarch32/mpu/libarch__arm__core__aarch32__mpu.a(arm_mpu.c.obj)
                0x00003420                arm_core_mpu_enable
 .text.arm_core_mpu_disable
                0x00003434       0x10 zephyr/arch/arch/arm/core/aarch32/mpu/libarch__arm__core__aarch32__mpu.a(arm_mpu.c.obj)
                0x00003434                arm_core_mpu_disable
 .text.arm_core_mpu_configure_static_mpu_regions
                0x00003444       0x14 zephyr/arch/arch/arm/core/aarch32/mpu/libarch__arm__core__aarch32__mpu.a(arm_mpu.c.obj)
                0x00003444                arm_core_mpu_configure_static_mpu_regions
 .text.z_arm_mpu_init
                0x00003458       0x4c zephyr/arch/arch/arm/core/aarch32/mpu/libarch__arm__core__aarch32__mpu.a(arm_mpu.c.obj)
                0x00003458                z_arm_mpu_init
 .text.nrf_gpio_cfg_sense_set
                0x000034a4       0x20 zephyr/drivers/gpio/libdrivers__gpio.a(gpio_nrfx.c.obj)
 .text.gpio_nrfx_init
                0x000034c4       0x30 zephyr/drivers/gpio/libdrivers__gpio.a(gpio_nrfx.c.obj)
 .text.gpio_nrfx_pin_interrupt_configure
                0x000034f4      0x198 zephyr/drivers/gpio/libdrivers__gpio.a(gpio_nrfx.c.obj)
 .text.gpio_nrfx_config
                0x0000368c       0xb4 zephyr/drivers/gpio/libdrivers__gpio.a(gpio_nrfx.c.obj)
 .text.gpiote_event_handler
                0x00003740      0x130 zephyr/drivers/gpio/libdrivers__gpio.a(gpio_nrfx.c.obj)
 .text.flash_nrf_pages_layout
                0x00003870       0x10 zephyr/drivers/flash/libdrivers__flash.a(soc_flash_nrf.c.obj)
 .text.flash_nrf_get_parameters
                0x00003880        0x8 zephyr/drivers/flash/libdrivers__flash.a(soc_flash_nrf.c.obj)
 .text.nrf_flash_init
                0x00003888       0x18 zephyr/drivers/flash/libdrivers__flash.a(soc_flash_nrf.c.obj)
 .text.flash_nrf_erase
                0x000038a0       0x6c zephyr/drivers/flash/libdrivers__flash.a(soc_flash_nrf.c.obj)
 .text.flash_nrf_read
                0x0000390c       0x40 zephyr/drivers/flash/libdrivers__flash.a(soc_flash_nrf.c.obj)
 .text.flash_nrf_write
                0x0000394c       0x70 zephyr/drivers/flash/libdrivers__flash.a(soc_flash_nrf.c.obj)
 .text.uarte_nrfx_configure
                0x000039bc      0x16c zephyr/drivers/serial/libdrivers__serial.a(uart_nrfx_uarte.c.obj)
 .text.uarte_nrfx_poll_out
                0x00003b28       0x8c zephyr/drivers/serial/libdrivers__serial.a(uart_nrfx_uarte.c.obj)
 .text.uarte_instance_init.isra.0
                0x00003bb4      0x13c zephyr/drivers/serial/libdrivers__serial.a(uart_nrfx_uarte.c.obj)
 .text.uarte_0_init
                0x00003cf0       0x30 zephyr/drivers/serial/libdrivers__serial.a(uart_nrfx_uarte.c.obj)
 .text.uarte_1_init
                0x00003d20       0x30 zephyr/drivers/serial/libdrivers__serial.a(uart_nrfx_uarte.c.obj)
 .text.k_sys_fatal_error_handler
                0x00003d50       0x14 modules/nrf/lib/fatal_error/lib..__nrf__lib__fatal_error.a(fatal_error.c.obj)
                0x00003d50                k_sys_fatal_error_handler
 .text.boot_write_magic
                0x00003d64       0x1c modules/mcuboot/boot/bootutil/zephyr/libmcuboot_util.a(bootutil_public.c.obj)
                0x00003d64                boot_write_magic
 .text.boot_read_swap_state
                0x00003d80       0xa0 modules/mcuboot/boot/bootutil/zephyr/libmcuboot_util.a(bootutil_public.c.obj)
                0x00003d80                boot_read_swap_state
 .text.boot_swap_type_multi
                0x00003e20       0xd0 modules/mcuboot/boot/bootutil/zephyr/libmcuboot_util.a(bootutil_public.c.obj)
                0x00003e20                boot_swap_type_multi
 .text.nrf91_errata_14
                0x00003ef0       0x1c modules/hal_nordic/nrfx/libmodules__hal_nordic__nrfx.a(system_nrf9160.c.obj)
 .text.SystemInit
                0x00003f0c      0x164 modules/hal_nordic/nrfx/libmodules__hal_nordic__nrfx.a(system_nrf9160.c.obj)
                0x00003f0c                SystemInit
 .text.nrfx_clock_init
                0x00004070       0x20 modules/hal_nordic/nrfx/libmodules__hal_nordic__nrfx.a(nrfx_clock.c.obj)
                0x00004070                nrfx_clock_init
 .text.nrfx_clock_start
                0x00004090       0x64 modules/hal_nordic/nrfx/libmodules__hal_nordic__nrfx.a(nrfx_clock.c.obj)
                0x00004090                nrfx_clock_start
 .text.nrfx_clock_stop
                0x000040f4       0x84 modules/hal_nordic/nrfx/libmodules__hal_nordic__nrfx.a(nrfx_clock.c.obj)
                0x000040f4                nrfx_clock_stop
 .text.nrfx_power_clock_irq_handler
                0x00004178       0x68 modules/hal_nordic/nrfx/libmodules__hal_nordic__nrfx.a(nrfx_clock.c.obj)
                0x00004178                nrfx_power_clock_irq_handler
 .text.nrfx_dppi_channel_alloc
                0x000041e0       0x54 modules/hal_nordic/nrfx/libmodules__hal_nordic__nrfx.a(nrfx_dppi.c.obj)
                0x000041e0                nrfx_dppi_channel_alloc
 .text.nrfx_gpiote_channel_free
                0x00004234       0x44 modules/hal_nordic/nrfx/libmodules__hal_nordic__nrfx.a(nrfx_gpiote.c.obj)
                0x00004234                nrfx_gpiote_channel_free
 .text.nrfx_gpiote_channel_alloc
                0x00004278       0x70 modules/hal_nordic/nrfx/libmodules__hal_nordic__nrfx.a(nrfx_gpiote.c.obj)
                0x00004278                nrfx_gpiote_channel_alloc
 .text.nvmc_readonly_mode_set
                0x000042e8       0x14 modules/hal_nordic/nrfx/libmodules__hal_nordic__nrfx.a(nrfx_nvmc.c.obj)
 .text.nrfx_nvmc_page_erase
                0x000042fc       0x3c modules/hal_nordic/nrfx/libmodules__hal_nordic__nrfx.a(nrfx_nvmc.c.obj)
                0x000042fc                nrfx_nvmc_page_erase
 .text.nrfx_nvmc_word_write
                0x00004338       0x24 modules/hal_nordic/nrfx/libmodules__hal_nordic__nrfx.a(nrfx_nvmc.c.obj)
                0x00004338                nrfx_nvmc_word_write
 .text.z_sys_init_run_level
                0x0000435c       0x40 zephyr/kernel/libkernel.a(device.c.obj)
                0x0000435c                z_sys_init_run_level
 .text.z_impl_device_get_binding
                0x0000439c       0x58 zephyr/kernel/libkernel.a(device.c.obj)
                0x0000439c                z_impl_device_get_binding
 .text.z_fatal_error
                0x000043f4       0x7c zephyr/kernel/libkernel.a(fatal.c.obj)
                0x000043f4                z_fatal_error
 .text.z_bss_zero
                0x00004470       0x14 zephyr/kernel/libkernel.a(init.c.obj)
                0x00004470                z_bss_zero
 .text.bg_thread_main
                0x00004484       0x30 zephyr/kernel/libkernel.a(init.c.obj)
 .text.z_cstart
                0x000044b4       0x6c zephyr/kernel/libkernel.a(init.c.obj)
                0x000044b4                z_cstart
 .text.z_data_copy
                0x00004520       0x34 zephyr/kernel/libkernel.a(xip.c.obj)
                0x00004520                z_data_copy
 .text.nrf_cc3xx_platform_init_no_rng
                0x00004554       0x38 C:/Users/helo/v1.6.0/nrfxlib/crypto/nrf_cc310_platform/lib/cortex-m33/hard-float/no-interrupts/libnrf_cc310_platform_0.9.10.a(nrf_cc3xx_platform.c.obj)
                0x00004554                nrf_cc3xx_platform_init_no_rng
 .text.nrf_cc3xx_platform_abort
                0x0000458c       0x24 C:/Users/helo/v1.6.0/nrfxlib/crypto/nrf_cc310_platform/lib/cortex-m33/hard-float/no-interrupts/libnrf_cc310_platform_0.9.10.a(nrf_cc3xx_platform_abort.c.obj)
 .text.CC_PalAbort
                0x000045b0       0x38 C:/Users/helo/v1.6.0/nrfxlib/crypto/nrf_cc310_platform/lib/cortex-m33/hard-float/no-interrupts/libnrf_cc310_platform_0.9.10.a(nrf_cc3xx_platform_abort.c.obj)
                0x000045b0                CC_PalAbort
 .text.nrf_cc3xx_platform_set_abort
                0x000045e8       0x10 C:/Users/helo/v1.6.0/nrfxlib/crypto/nrf_cc310_platform/lib/cortex-m33/hard-float/no-interrupts/libnrf_cc310_platform_0.9.10.a(nrf_cc3xx_platform_abort.c.obj)
                0x000045e8                nrf_cc3xx_platform_set_abort
 .text.CC_LibInitNoRng
                0x000045f8       0x6c C:/Users/helo/v1.6.0/nrfxlib/crypto/nrf_cc310_platform/lib/cortex-m33/hard-float/no-interrupts/libnrf_cc310_platform_0.9.10.a(cc_lib.c.obj)
                0x000045f8                CC_LibInitNoRng
 .text.CC_HalInit
                0x00004664        0x4 C:/Users/helo/v1.6.0/nrfxlib/crypto/nrf_cc310_platform/lib/cortex-m33/hard-float/no-interrupts/libnrf_cc310_platform_0.9.10.a(cc_hal.c.obj)
                0x00004664                CC_HalInit
 .text.CC_HalTerminate
                0x00004668        0x4 C:/Users/helo/v1.6.0/nrfxlib/crypto/nrf_cc310_platform/lib/cortex-m33/hard-float/no-interrupts/libnrf_cc310_platform_0.9.10.a(cc_hal.c.obj)
                0x00004668                CC_HalTerminate
 .text.CC_HalMaskInterrupt
                0x0000466c        0xc C:/Users/helo/v1.6.0/nrfxlib/crypto/nrf_cc310_platform/lib/cortex-m33/hard-float/no-interrupts/libnrf_cc310_platform_0.9.10.a(cc_hal.c.obj)
                0x0000466c                CC_HalMaskInterrupt
 .text.CC_PalInit
                0x00004678       0x5c C:/Users/helo/v1.6.0/nrfxlib/crypto/nrf_cc310_platform/lib/cortex-m33/hard-float/no-interrupts/libnrf_cc310_platform_0.9.10.a(cc_pal.c.obj)
                0x00004678                CC_PalInit
 .text.CC_PalTerminate
                0x000046d4       0x34 C:/Users/helo/v1.6.0/nrfxlib/crypto/nrf_cc310_platform/lib/cortex-m33/hard-float/no-interrupts/libnrf_cc310_platform_0.9.10.a(cc_pal.c.obj)
                0x000046d4                CC_PalTerminate
 .text.CC_PalDmaInit
                0x00004708        0x4 C:/Users/helo/v1.6.0/nrfxlib/crypto/nrf_cc310_platform/lib/cortex-m33/hard-float/no-interrupts/libnrf_cc310_platform_0.9.10.a(cc_pal_dma.c.obj)
                0x00004708                CC_PalDmaInit
 .text.CC_PalDmaTerminate
                0x0000470c        0x4 C:/Users/helo/v1.6.0/nrfxlib/crypto/nrf_cc310_platform/lib/cortex-m33/hard-float/no-interrupts/libnrf_cc310_platform_0.9.10.a(cc_pal_dma.c.obj)
                0x0000470c                CC_PalDmaTerminate
 .text.CC_PalMutexCreate
                0x00004710       0x14 C:/Users/helo/v1.6.0/nrfxlib/crypto/nrf_cc310_platform/lib/cortex-m33/hard-float/no-interrupts/libnrf_cc310_platform_0.9.10.a(cc_pal_mutex.c.obj)
                0x00004710                CC_PalMutexCreate
 .text.CC_PalMutexDestroy
                0x00004724       0x14 C:/Users/helo/v1.6.0/nrfxlib/crypto/nrf_cc310_platform/lib/cortex-m33/hard-float/no-interrupts/libnrf_cc310_platform_0.9.10.a(cc_pal_mutex.c.obj)
                0x00004724                CC_PalMutexDestroy
 .text.CC_PalPowerSaveModeInit
                0x00004738       0x3c C:/Users/helo/v1.6.0/nrfxlib/crypto/nrf_cc310_platform/lib/cortex-m33/hard-float/no-interrupts/libnrf_cc310_platform_0.9.10.a(cc_pal_pm.c.obj)
                0x00004738                CC_PalPowerSaveModeInit
 .text.CC_PalPowerSaveModeSelect
                0x00004774       0x84 C:/Users/helo/v1.6.0/nrfxlib/crypto/nrf_cc310_platform/lib/cortex-m33/hard-float/no-interrupts/libnrf_cc310_platform_0.9.10.a(cc_pal_pm.c.obj)
                0x00004774                CC_PalPowerSaveModeSelect
 .text.mutex_unlock
                0x000047f8       0x20 C:/Users/helo/v1.6.0/nrfxlib/crypto/nrf_cc310_platform/lib/cortex-m33/hard-float/no-interrupts/libnrf_cc310_platform_0.9.10.a(nrf_cc3xx_platform_mutex.c.obj)
 .text.mutex_free
                0x00004818       0x24 C:/Users/helo/v1.6.0/nrfxlib/crypto/nrf_cc310_platform/lib/cortex-m33/hard-float/no-interrupts/libnrf_cc310_platform_0.9.10.a(nrf_cc3xx_platform_mutex.c.obj)
 .text.mutex_init
                0x0000483c       0x20 C:/Users/helo/v1.6.0/nrfxlib/crypto/nrf_cc310_platform/lib/cortex-m33/hard-float/no-interrupts/libnrf_cc310_platform_0.9.10.a(nrf_cc3xx_platform_mutex.c.obj)
 .text.mutex_lock
                0x0000485c       0x30 C:/Users/helo/v1.6.0/nrfxlib/crypto/nrf_cc310_platform/lib/cortex-m33/hard-float/no-interrupts/libnrf_cc310_platform_0.9.10.a(nrf_cc3xx_platform_mutex.c.obj)
 .text.verify_context_ecdsa_verify_secp256r1
                0x0000488c       0x20 C:/Users/helo/v1.6.0/nrfxlib/crypto/nrf_cc310_bl/lib/cortex-m33/hard-float/no-interrupts/libnrf_cc310_bl_0.9.12.a(nrf_cc310_bl_ecdsa_verify_secp256r1.c.obj)
 .text.nrf_cc310_bl_ecdsa_verify_init_secp256r1
                0x000048ac       0x4c C:/Users/helo/v1.6.0/nrfxlib/crypto/nrf_cc310_bl/lib/cortex-m33/hard-float/no-interrupts/libnrf_cc310_bl_0.9.12.a(nrf_cc310_bl_ecdsa_verify_secp256r1.c.obj)
                0x000048ac                nrf_cc310_bl_ecdsa_verify_init_secp256r1
 .text.nrf_cc310_bl_ecdsa_verify_hash_secp256r1
                0x000048f8      0x168 C:/Users/helo/v1.6.0/nrfxlib/crypto/nrf_cc310_bl/lib/cortex-m33/hard-float/no-interrupts/libnrf_cc310_bl_0.9.12.a(nrf_cc310_bl_ecdsa_verify_secp256r1.c.obj)
                0x000048f8                nrf_cc310_bl_ecdsa_verify_hash_secp256r1
 .text.set_digest_in_hw_sha256
                0x00004a60       0x38 C:/Users/helo/v1.6.0/nrfxlib/crypto/nrf_cc310_bl/lib/cortex-m33/hard-float/no-interrupts/libnrf_cc310_bl_0.9.12.a(nrf_cc310_bl_hash_sha256.c.obj)
 .text.read_digest_in_hw_sha256
                0x00004a98       0x54 C:/Users/helo/v1.6.0/nrfxlib/crypto/nrf_cc310_bl/lib/cortex-m33/hard-float/no-interrupts/libnrf_cc310_bl_0.9.12.a(nrf_cc310_bl_hash_sha256.c.obj)
 .text.verify_context_hash_sha256
                0x00004aec       0x20 C:/Users/helo/v1.6.0/nrfxlib/crypto/nrf_cc310_bl/lib/cortex-m33/hard-float/no-interrupts/libnrf_cc310_bl_0.9.12.a(nrf_cc310_bl_hash_sha256.c.obj)
 .text.nrf_cc310_bl_hash_sha256_init
                0x00004b0c       0x34 C:/Users/helo/v1.6.0/nrfxlib/crypto/nrf_cc310_bl/lib/cortex-m33/hard-float/no-interrupts/libnrf_cc310_bl_0.9.12.a(nrf_cc310_bl_hash_sha256.c.obj)
                0x00004b0c                nrf_cc310_bl_hash_sha256_init
 .text.nrf_cc310_bl_hash_sha256_update
                0x00004b40       0xb0 C:/Users/helo/v1.6.0/nrfxlib/crypto/nrf_cc310_bl/lib/cortex-m33/hard-float/no-interrupts/libnrf_cc310_bl_0.9.12.a(nrf_cc310_bl_hash_sha256.c.obj)
                0x00004b40                nrf_cc310_bl_hash_sha256_update
 .text.nrf_cc310_bl_hash_sha256_finalize
                0x00004bf0       0x60 C:/Users/helo/v1.6.0/nrfxlib/crypto/nrf_cc310_bl/lib/cortex-m33/hard-float/no-interrupts/libnrf_cc310_bl_0.9.12.a(nrf_cc310_bl_hash_sha256.c.obj)
                0x00004bf0                nrf_cc310_bl_hash_sha256_finalize
 .text.nrf_cc310_bl_init
                0x00004c50       0x34 C:/Users/helo/v1.6.0/nrfxlib/crypto/nrf_cc310_bl/lib/cortex-m33/hard-float/no-interrupts/libnrf_cc310_bl_0.9.12.a(nrf_cc310_bl_init.c.obj)
                0x00004c50                nrf_cc310_bl_init
 .text.PkaSetRegsMapTab
                0x00004c84       0x48 C:/Users/helo/v1.6.0/nrfxlib/crypto/nrf_cc310_bl/lib/cortex-m33/hard-float/no-interrupts/libnrf_cc310_bl_0.9.12.a(pka.c.obj)
                0x00004c84                PkaSetRegsMapTab
 .text.PkaGetRegEffectiveSizeInBits
                0x00004ccc       0x8c C:/Users/helo/v1.6.0/nrfxlib/crypto/nrf_cc310_bl/lib/cortex-m33/hard-float/no-interrupts/libnrf_cc310_bl_0.9.12.a(pka.c.obj)
                0x00004ccc                PkaGetRegEffectiveSizeInBits
 .text.PkaGetNextMsBit
                0x00004d58       0x7c C:/Users/helo/v1.6.0/nrfxlib/crypto/nrf_cc310_bl/lib/cortex-m33/hard-float/no-interrupts/libnrf_cc310_bl_0.9.12.a(pka.c.obj)
                0x00004d58                PkaGetNextMsBit
 .text.PkaSetRegsSizesTab
                0x00004dd4       0x3c C:/Users/helo/v1.6.0/nrfxlib/crypto/nrf_cc310_bl/lib/cortex-m33/hard-float/no-interrupts/libnrf_cc310_bl_0.9.12.a(pka.c.obj)
                0x00004dd4                PkaSetRegsSizesTab
 .text.PkaInitPka
                0x00004e10       0x74 C:/Users/helo/v1.6.0/nrfxlib/crypto/nrf_cc310_bl/lib/cortex-m33/hard-float/no-interrupts/libnrf_cc310_bl_0.9.12.a(pka.c.obj)
                0x00004e10                PkaInitPka
 .text.PkaClearBlockOfRegs
                0x00004e84      0x134 C:/Users/helo/v1.6.0/nrfxlib/crypto/nrf_cc310_bl/lib/cortex-m33/hard-float/no-interrupts/libnrf_cc310_bl_0.9.12.a(pka.c.obj)
                0x00004e84                PkaClearBlockOfRegs
 .text.PkaFinishAndMutexUnlock
                0x00004fb8       0x24 C:/Users/helo/v1.6.0/nrfxlib/crypto/nrf_cc310_bl/lib/cortex-m33/hard-float/no-interrupts/libnrf_cc310_bl_0.9.12.a(pka.c.obj)
                0x00004fb8                PkaFinishAndMutexUnlock
 .text.PkaCopyDataIntoPkaReg
                0x00004fdc       0xb8 C:/Users/helo/v1.6.0/nrfxlib/crypto/nrf_cc310_bl/lib/cortex-m33/hard-float/no-interrupts/libnrf_cc310_bl_0.9.12.a(pka.c.obj)
                0x00004fdc                PkaCopyDataIntoPkaReg
 .text.PkaEcdsaVerify
                0x00005094      0x284 C:/Users/helo/v1.6.0/nrfxlib/crypto/nrf_cc310_bl/lib/cortex-m33/hard-float/no-interrupts/libnrf_cc310_bl_0.9.12.a(pka_ec_wrst_dsa_verify.c.obj)
                0x00005094                PkaEcdsaVerify
 .text.nrf_cc310_bl_hash_update_internal
                0x00005318       0xf0 C:/Users/helo/v1.6.0/nrfxlib/crypto/nrf_cc310_bl/lib/cortex-m33/hard-float/no-interrupts/libnrf_cc310_bl_0.9.12.a(nrf_cc310_bl_hash.c.obj)
                0x00005318                nrf_cc310_bl_hash_update_internal
 .text.PkaDoubleMdf2Mdf
                0x00005408      0x1ac C:/Users/helo/v1.6.0/nrfxlib/crypto/nrf_cc310_bl/lib/cortex-m33/hard-float/no-interrupts/libnrf_cc310_bl_0.9.12.a(pka_ec_wrst.c.obj)
                0x00005408                PkaDoubleMdf2Mdf
 .text.PkaDoubleMdf2Jcb
                0x000055b4      0x178 C:/Users/helo/v1.6.0/nrfxlib/crypto/nrf_cc310_bl/lib/cortex-m33/hard-float/no-interrupts/libnrf_cc310_bl_0.9.12.a(pka_ec_wrst.c.obj)
                0x000055b4                PkaDoubleMdf2Jcb
 .text.PkaAddJcbAfn2Mdf
                0x0000572c      0x194 C:/Users/helo/v1.6.0/nrfxlib/crypto/nrf_cc310_bl/lib/cortex-m33/hard-float/no-interrupts/libnrf_cc310_bl_0.9.12.a(pka_ec_wrst.c.obj)
                0x0000572c                PkaAddJcbAfn2Mdf
 .text.PkaJcb2Afn
                0x000058c0       0xb0 C:/Users/helo/v1.6.0/nrfxlib/crypto/nrf_cc310_bl/lib/cortex-m33/hard-float/no-interrupts/libnrf_cc310_bl_0.9.12.a(pka_ec_wrst.c.obj)
                0x000058c0                PkaJcb2Afn
 .text.PkaAddAff
                0x00005970      0x114 C:/Users/helo/v1.6.0/nrfxlib/crypto/nrf_cc310_bl/lib/cortex-m33/hard-float/no-interrupts/libnrf_cc310_bl_0.9.12.a(pka_ec_wrst.c.obj)
                0x00005970                PkaAddAff
 .text.PkaSum2ScalarMullt
                0x00005a84      0x1e4 C:/Users/helo/v1.6.0/nrfxlib/crypto/nrf_cc310_bl/lib/cortex-m33/hard-float/no-interrupts/libnrf_cc310_bl_0.9.12.a(pka_ec_wrst.c.obj)
                0x00005a84                PkaSum2ScalarMullt
 .text.SaSi_HalClearInterruptBit
                0x00005c68        0xc C:/Users/helo/v1.6.0/nrfxlib/crypto/nrf_cc310_bl/lib/cortex-m33/hard-float/no-interrupts/libnrf_cc310_bl_0.9.12.a(ssi_hal.c.obj)
                0x00005c68                SaSi_HalClearInterruptBit
 .text.SaSi_HalMaskInterrupt
                0x00005c74        0xc C:/Users/helo/v1.6.0/nrfxlib/crypto/nrf_cc310_bl/lib/cortex-m33/hard-float/no-interrupts/libnrf_cc310_bl_0.9.12.a(ssi_hal.c.obj)
                0x00005c74                SaSi_HalMaskInterrupt
 .text.SaSi_HalWaitInterrupt
                0x00005c80       0x18 C:/Users/helo/v1.6.0/nrfxlib/crypto/nrf_cc310_bl/lib/cortex-m33/hard-float/no-interrupts/libnrf_cc310_bl_0.9.12.a(ssi_hal.c.obj)
                0x00005c80                SaSi_HalWaitInterrupt
 .text.flash_area_id_from_multi_image_slot
                0x00005c98       0x12 app/libapp.a(flash_map_extended.c.obj)
                0x00005c98                flash_area_id_from_multi_image_slot
 .text.os_heap_init
                0x00005caa        0x2 app/libapp.a(os.c.obj)
                0x00005caa                os_heap_init
 .text.bootutil_tlv_iter_begin
                0x00005cac       0x98 app/libapp.a(tlv.c.obj)
                0x00005cac                bootutil_tlv_iter_begin
 .text.bootutil_tlv_iter_next
                0x00005d44       0x96 app/libapp.a(tlv.c.obj)
                0x00005d44                bootutil_tlv_iter_next
 .text.bootutil_read_bigint
                0x00005dda       0x58 app/libapp.a(image_ec256.c.obj)
 .text.boot_fih_memequal
                0x00005e32        0x4 app/libapp.a(bootutil_misc.c.obj)
                0x00005e32                boot_fih_memequal
 .text.boot_trailer_sz
                0x00005e36        0xa app/libapp.a(bootutil_misc.c.obj)
                0x00005e36                boot_trailer_sz
 .text.boot_status_entries
                0x00005e40       0x14 app/libapp.a(bootutil_misc.c.obj)
                0x00005e40                boot_status_entries
 .text.boot_status_off
                0x00005e54       0x16 app/libapp.a(bootutil_misc.c.obj)
                0x00005e54                boot_status_off
 .text.boot_write_copy_done
                0x00005e6a        0xa app/libapp.a(bootutil_misc.c.obj)
                0x00005e6a                boot_write_copy_done
 .text.boot_write_swap_size
                0x00005e74       0x1e app/libapp.a(bootutil_misc.c.obj)
                0x00005e74                boot_write_swap_size
 .text.boot_read_image_size
                0x00005e92       0x90 app/libapp.a(loader.c.obj)
 .text.boot_read_image_headers
                0x00005f22       0x32 app/libapp.a(loader.c.obj)
 .text.boot_read_sectors
                0x00005f54       0x40 app/libapp.a(loader.c.obj)
 .text.boot_status_reset
                0x00005f94       0x12 app/libapp.a(loader.c.obj)
                0x00005f94                boot_status_reset
 .text.boot_status_is_reset
                0x00005fa6       0x1a app/libapp.a(loader.c.obj)
                0x00005fa6                boot_status_is_reset
 .text.boot_write_status
                0x00005fc0       0x64 app/libapp.a(loader.c.obj)
                0x00005fc0                boot_write_status
 .text.boot_erase_region
                0x00006024        0x4 app/libapp.a(loader.c.obj)
                0x00006024                boot_erase_region
 .text.swap_erase_trailer_sectors
                0x00006028       0x6c app/libapp.a(swap_misc.c.obj)
                0x00006028                swap_erase_trailer_sectors
 .text.swap_status_init
                0x00006094       0x3e app/libapp.a(swap_misc.c.obj)
                0x00006094                swap_status_init
 .text.swap_read_status
                0x000060d2       0x76 app/libapp.a(swap_misc.c.obj)
                0x000060d2                swap_read_status
 .text.swap_set_copy_done
                0x00006148       0x24 app/libapp.a(swap_misc.c.obj)
                0x00006148                swap_set_copy_done
 .text.swap_set_image_ok
                0x0000616c       0x3c app/libapp.a(swap_misc.c.obj)
                0x0000616c                swap_set_image_ok
 .text.boot_status_internal_off
                0x000061a8       0x2c app/libapp.a(swap_move.c.obj)
                0x000061a8                boot_status_internal_off
 .text.mbedtls_asn1_get_len
                0x000061d4       0x90 app/libapp.a(asn1parse.c.obj)
                0x000061d4                mbedtls_asn1_get_len
 .text.mbedtls_asn1_get_tag
                0x00006264       0x28 app/libapp.a(asn1parse.c.obj)
                0x00006264                mbedtls_asn1_get_tag
 .text.mbedtls_asn1_get_bitstring_null
                0x0000628c       0x28 app/libapp.a(asn1parse.c.obj)
                0x0000628c                mbedtls_asn1_get_bitstring_null
 .text.mbedtls_asn1_get_alg
                0x000062b4       0x96 app/libapp.a(asn1parse.c.obj)
                0x000062b4                mbedtls_asn1_get_alg
 .text.cc310_sha256_update
                0x0000634a       0x36 app/libapp.a(cc310_glue.c.obj)
                0x0000634a                cc310_sha256_update
 .text.crc16    0x00006380       0x58 zephyr/libzephyr.a(crc16_sw.c.obj)
                0x00006380                crc16
 .text.sys_notify_validate
                0x000063d8       0x22 zephyr/libzephyr.a(notify.c.obj)
                0x000063d8                sys_notify_validate
 .text.sys_notify_finalize
                0x000063fa       0x18 zephyr/libzephyr.a(notify.c.obj)
                0x000063fa                sys_notify_finalize
 .text.arch_printk_char_out
                0x00006412        0x4 zephyr/libzephyr.a(printk.c.obj)
                0x00006412                arch_printk_char_out
 .text.printk   0x00006416       0x1a zephyr/libzephyr.a(printk.c.obj)
                0x00006416                printk
 .text.process_recheck
                0x00006430       0x38 zephyr/libzephyr.a(onoff.c.obj)
 .text.notify_one
                0x00006468       0x2c zephyr/libzephyr.a(onoff.c.obj)
 .text.transition_complete
                0x00006494       0x1e zephyr/libzephyr.a(onoff.c.obj)
 .text.validate_args
                0x000064b2       0x1e zephyr/libzephyr.a(onoff.c.obj)
 .text.onoff_manager_init
                0x000064d0       0x26 zephyr/libzephyr.a(onoff.c.obj)
                0x000064d0                onoff_manager_init
 .text.onoff_request
                0x000064f6       0x92 zephyr/libzephyr.a(onoff.c.obj)
                0x000064f6                onoff_request
 .text._ConfigAbsSyms
                0x00006588        0x2 zephyr/libzephyr.a(configs.c.obj)
                0x00006588                _ConfigAbsSyms
 .text.z_platform_init
                0x0000658a        0x4 zephyr/libzephyr.a(soc.c.obj)
                0x0000658a                z_platform_init
 .text.z_log_minimal_printk
                0x0000658e       0x1a zephyr/libzephyr.a(log_minimal.c.obj)
                0x0000658e                z_log_minimal_printk
 .text.device_get_binding
                0x000065a8        0x4 zephyr/libzephyr.a(flash_map.c.obj)
 .text.get_sectors_cb
                0x000065ac       0x3c zephyr/libzephyr.a(flash_map.c.obj)
 .text.flash_area_close
                0x000065e8        0x2 zephyr/libzephyr.a(flash_map.c.obj)
                0x000065e8                flash_area_close
 .text.flash_area_read
                0x000065ea       0x3a zephyr/libzephyr.a(flash_map.c.obj)
                0x000065ea                flash_area_read
 .text.flash_area_write
                0x00006624       0x64 zephyr/libzephyr.a(flash_map.c.obj)
                0x00006624                flash_area_write
 .text.flash_area_erase
                0x00006688       0x60 zephyr/libzephyr.a(flash_map.c.obj)
                0x00006688                flash_area_erase
 .text.flash_area_align
                0x000066e8       0x12 zephyr/libzephyr.a(flash_map.c.obj)
                0x000066e8                flash_area_align
 .text.flash_area_erased_val
                0x000066fa       0x12 zephyr/libzephyr.a(flash_map.c.obj)
                0x000066fa                flash_area_erased_val
 .text.get_status
                0x0000670c       0x12 zephyr/libzephyr.a(clock_control_nrf.c.obj)
 .text.set_off_state
                0x0000671e       0x32 zephyr/libzephyr.a(clock_control_nrf.c.obj)
 .text.set_starting_state
                0x00006750       0x3c zephyr/libzephyr.a(clock_control_nrf.c.obj)
 .text.set_on_state
                0x0000678c       0x26 zephyr/libzephyr.a(clock_control_nrf.c.obj)
 .text.api_blocking_start
                0x000067b2        0x6 zephyr/libzephyr.a(clock_control_nrf.c.obj)
 .text.onoff_started_callback
                0x000067b8       0x14 zephyr/libzephyr.a(clock_control_nrf.c.obj)
 .text.lfclk_start
                0x000067cc        0x6 zephyr/libzephyr.a(clock_control_nrf.c.obj)
 .text.lfclk_stop
                0x000067d2        0x6 zephyr/libzephyr.a(clock_control_nrf.c.obj)
 .text.api_stop
                0x000067d8       0x28 zephyr/libzephyr.a(clock_control_nrf.c.obj)
 .text.api_start
                0x00006800       0x34 zephyr/libzephyr.a(clock_control_nrf.c.obj)
 .text.sys_clock_isr
                0x00006834        0x2 zephyr/libzephyr.a(sys_clock_init.c.obj)
                0x00006834                sys_clock_isr
 .text.sys_clock_disable
                0x00006836        0x2 zephyr/libzephyr.a(sys_clock_init.c.obj)
                0x00006836                sys_clock_disable
 .text.abort_function
                0x00006838        0x6 zephyr/libzephyr.a(nrf_cc3xx_platform_abort_zephyr.c.obj)
 .text.nrf_cc3xx_platform_mutex_init
                0x0000683e        0x2 zephyr/libzephyr.a(nrf_cc3xx_platform_no_mutex_zephyr.c.obj)
                0x0000683e                nrf_cc3xx_platform_mutex_init
 .text.console_write
                0x00006840       0x1c zephyr/libzephyr.a(serial_adapter.c.obj)
                0x00006840                console_write
 .text.u32toa   0x0000685c       0x44 zephyr/libzephyr.a(boot_serial.c.obj)
 .text.cbor_encode_text_stringz
                0x000068a0       0x1c zephyr/libzephyr.a(boot_serial.c.obj)
 .text.value_extract
                0x000068bc       0x82 zephyr/libzephyr.a(cbor_decode.c.obj)
 .text.uint32_decode
                0x0000693e       0x2e zephyr/libzephyr.a(cbor_decode.c.obj)
 .text.intx32_decode
                0x0000696c       0x4e zephyr/libzephyr.a(cbor_decode.c.obj)
                0x0000696c                intx32_decode
 .text.strx_start_decode
                0x000069ba       0x26 zephyr/libzephyr.a(cbor_decode.c.obj)
                0x000069ba                strx_start_decode
 .text.strx_decode
                0x000069e0       0x16 zephyr/libzephyr.a(cbor_decode.c.obj)
                0x000069e0                strx_decode
 .text.list_start_decode
                0x000069f6       0x3c zephyr/libzephyr.a(cbor_decode.c.obj)
                0x000069f6                list_start_decode
 .text.multi_decode
                0x00006a32       0x52 zephyr/libzephyr.a(cbor_decode.c.obj)
                0x00006a32                multi_decode
 .text.z_irq_spurious
                0x00006a84        0x8 zephyr/arch/arch/arm/core/aarch32/libarch__arm__core__aarch32.a(irq_manage.c.obj)
                0x00006a84                z_irq_spurious
 .text.z_do_kernel_oops
                0x00006a8c        0x8 zephyr/arch/arch/arm/core/aarch32/libarch__arm__core__aarch32.a(fatal.c.obj)
                0x00006a8c                z_do_kernel_oops
 .text.z_arm_nmi
                0x00006a94        0xe zephyr/arch/arch/arm/core/aarch32/libarch__arm__core__aarch32.a(nmi.c.obj)
                0x00006a94                z_arm_nmi
 .text.arm_cmse_mpu_region_get
                0x00006aa2       0x14 zephyr/arch/arch/arm/core/aarch32/cortex_m/cmse/libarch__arm__core__aarch32__cortex_m__cmse.a(arm_core_cmse.c.obj)
                0x00006aa2                arm_cmse_mpu_region_get
 .text.strlen   0x00006ab6        0xe zephyr/lib/libc/minimal/liblib__libc__minimal.a(string.c.obj)
                0x00006ab6                strlen
 .text.strcmp   0x00006ac4       0x18 zephyr/lib/libc/minimal/liblib__libc__minimal.a(string.c.obj)
                0x00006ac4                strcmp
 .text.memcmp   0x00006adc       0x20 zephyr/lib/libc/minimal/liblib__libc__minimal.a(string.c.obj)
                0x00006adc                memcmp
 .text.memcpy   0x00006afc       0x56 zephyr/lib/libc/minimal/liblib__libc__minimal.a(string.c.obj)
                0x00006afc                memcpy
 .text.memset   0x00006b52       0x46 zephyr/lib/libc/minimal/liblib__libc__minimal.a(string.c.obj)
                0x00006b52                memset
 .text.gpio_nrfx_port_get_raw
                0x00006b98        0xc zephyr/drivers/gpio/libdrivers__gpio.a(gpio_nrfx.c.obj)
 .text.gpio_nrfx_port_set_masked_raw
                0x00006ba4       0x12 zephyr/drivers/gpio/libdrivers__gpio.a(gpio_nrfx.c.obj)
 .text.gpio_nrfx_port_set_bits_raw
                0x00006bb6        0xa zephyr/drivers/gpio/libdrivers__gpio.a(gpio_nrfx.c.obj)
 .text.gpio_nrfx_port_clear_bits_raw
                0x00006bc0        0xa zephyr/drivers/gpio/libdrivers__gpio.a(gpio_nrfx.c.obj)
 .text.gpio_nrfx_port_toggle_bits
                0x00006bca        0xe zephyr/drivers/gpio/libdrivers__gpio.a(gpio_nrfx.c.obj)
 .text.gpio_nrfx_manage_callback
                0x00006bd8       0x56 zephyr/drivers/gpio/libdrivers__gpio.a(gpio_nrfx.c.obj)
 .text.is_regular_addr_valid
                0x00006c2e       0x26 zephyr/drivers/flash/libdrivers__flash.a(soc_flash_nrf.c.obj)
 .text.flash_get_page_info
                0x00006c54       0x80 zephyr/drivers/flash/libdrivers__flash.a(flash_page_layout.c.obj)
 .text.z_impl_flash_get_page_info_by_offs
                0x00006cd4        0x8 zephyr/drivers/flash/libdrivers__flash.a(flash_page_layout.c.obj)
                0x00006cd4                z_impl_flash_get_page_info_by_offs
 .text.flash_page_foreach
                0x00006cdc       0x58 zephyr/drivers/flash/libdrivers__flash.a(flash_page_layout.c.obj)
                0x00006cdc                flash_page_foreach
 .text.uarte_nrfx_isr_int
                0x00006d34       0xc0 zephyr/drivers/serial/libdrivers__serial.a(uart_nrfx_uarte.c.obj)
 .text.uarte_nrfx_config_get
                0x00006df4       0x10 zephyr/drivers/serial/libdrivers__serial.a(uart_nrfx_uarte.c.obj)
 .text.uarte_nrfx_err_check
                0x00006e04        0xe zephyr/drivers/serial/libdrivers__serial.a(uart_nrfx_uarte.c.obj)
 .text.is_tx_ready
                0x00006e12       0x20 zephyr/drivers/serial/libdrivers__serial.a(uart_nrfx_uarte.c.obj)
 .text.uarte_nrfx_poll_in
                0x00006e32       0x26 zephyr/drivers/serial/libdrivers__serial.a(uart_nrfx_uarte.c.obj)
 .text.uarte_nrfx_fifo_read
                0x00006e58       0x28 zephyr/drivers/serial/libdrivers__serial.a(uart_nrfx_uarte.c.obj)
 .text.uarte_nrfx_irq_tx_enable
                0x00006e80       0x2e zephyr/drivers/serial/libdrivers__serial.a(uart_nrfx_uarte.c.obj)
 .text.uarte_nrfx_irq_tx_disable
                0x00006eae        0xa zephyr/drivers/serial/libdrivers__serial.a(uart_nrfx_uarte.c.obj)
 .text.uarte_nrfx_irq_tx_ready_complete
                0x00006eb8       0x2a zephyr/drivers/serial/libdrivers__serial.a(uart_nrfx_uarte.c.obj)
 .text.uarte_nrfx_irq_rx_ready
                0x00006ee2       0x10 zephyr/drivers/serial/libdrivers__serial.a(uart_nrfx_uarte.c.obj)
 .text.uarte_nrfx_irq_rx_enable
                0x00006ef2        0xc zephyr/drivers/serial/libdrivers__serial.a(uart_nrfx_uarte.c.obj)
 .text.uarte_nrfx_irq_rx_disable
                0x00006efe        0xc zephyr/drivers/serial/libdrivers__serial.a(uart_nrfx_uarte.c.obj)
 .text.uarte_nrfx_irq_err_enable
                0x00006f0a        0xe zephyr/drivers/serial/libdrivers__serial.a(uart_nrfx_uarte.c.obj)
 .text.uarte_nrfx_irq_err_disable
                0x00006f18        0xe zephyr/drivers/serial/libdrivers__serial.a(uart_nrfx_uarte.c.obj)
 .text.uarte_nrfx_irq_update
                0x00006f26        0x4 zephyr/drivers/serial/libdrivers__serial.a(uart_nrfx_uarte.c.obj)
 .text.uarte_nrfx_irq_callback_set
                0x00006f2a        0xa zephyr/drivers/serial/libdrivers__serial.a(uart_nrfx_uarte.c.obj)
 .text.tx_start
                0x00006f34       0x38 zephyr/drivers/serial/libdrivers__serial.a(uart_nrfx_uarte.c.obj)
 .text.uarte_nrfx_fifo_fill
                0x00006f6c       0x78 zephyr/drivers/serial/libdrivers__serial.a(uart_nrfx_uarte.c.obj)
 .text.uarte_nrfx_irq_is_pending
                0x00006fe4       0x36 zephyr/drivers/serial/libdrivers__serial.a(uart_nrfx_uarte.c.obj)
 .text.hw_cc3xx_init_internal
                0x0000701a        0x4 modules/nrf/drivers/hw_cc310/lib..__nrf__drivers__hw_cc310.a(hw_cc310.c.obj)
 .text.hw_cc3xx_init
                0x0000701e       0x12 modules/nrf/drivers/hw_cc310/lib..__nrf__drivers__hw_cc310.a(hw_cc310.c.obj)
 .text.bootutil_buffer_is_erased.part.0
                0x00007030       0x22 modules/mcuboot/boot/bootutil/zephyr/libmcuboot_util.a(bootutil_public.c.obj)
 .text.boot_swap_info_off
                0x00007052        0x6 modules/mcuboot/boot/bootutil/zephyr/libmcuboot_util.a(bootutil_public.c.obj)
                0x00007052                boot_swap_info_off
 .text.boot_magic_compatible_check
                0x00007058       0x1c modules/mcuboot/boot/bootutil/zephyr/libmcuboot_util.a(bootutil_public.c.obj)
                0x00007058                boot_magic_compatible_check
 .text.bootutil_buffer_is_erased
                0x00007074        0xc modules/mcuboot/boot/bootutil/zephyr/libmcuboot_util.a(bootutil_public.c.obj)
                0x00007074                bootutil_buffer_is_erased
 .text.boot_read_flag
                0x00007080       0x3a modules/mcuboot/boot/bootutil/zephyr/libmcuboot_util.a(bootutil_public.c.obj)
 .text.boot_write_trailer
                0x000070ba       0x5a modules/mcuboot/boot/bootutil/zephyr/libmcuboot_util.a(bootutil_public.c.obj)
                0x000070ba                boot_write_trailer
 .text.boot_write_trailer_flag
                0x00007114       0x14 modules/mcuboot/boot/bootutil/zephyr/libmcuboot_util.a(bootutil_public.c.obj)
                0x00007114                boot_write_trailer_flag
 .text.boot_write_image_ok
                0x00007128        0xa modules/mcuboot/boot/bootutil/zephyr/libmcuboot_util.a(bootutil_public.c.obj)
                0x00007128                boot_write_image_ok
 .text.boot_read_image_ok
                0x00007132        0x8 modules/mcuboot/boot/bootutil/zephyr/libmcuboot_util.a(bootutil_public.c.obj)
                0x00007132                boot_read_image_ok
 .text.boot_read_swap_state_by_id
                0x0000713a       0x28 modules/mcuboot/boot/bootutil/zephyr/libmcuboot_util.a(bootutil_public.c.obj)
                0x0000713a                boot_read_swap_state_by_id
 .text.boot_write_swap_info
                0x00007162       0x1e modules/mcuboot/boot/bootutil/zephyr/libmcuboot_util.a(bootutil_public.c.obj)
                0x00007162                boot_write_swap_info
 .text.nrfx_isr
                0x00007180        0x2 modules/hal_nordic/nrfx/libmodules__hal_nordic__nrfx.a(nrfx_glue.c.obj)
                0x00007180                nrfx_isr
 .text.nrfx_busy_wait
                0x00007182        0x4 modules/hal_nordic/nrfx/libmodules__hal_nordic__nrfx.a(nrfx_glue.c.obj)
                0x00007182                nrfx_busy_wait
 .text.nrfx_clock_enable
                0x00007186       0x16 modules/hal_nordic/nrfx/libmodules__hal_nordic__nrfx.a(nrfx_clock.c.obj)
                0x00007186                nrfx_clock_enable
 .text.nrfx_nvmc_flash_size_get
                0x0000719c        0x6 modules/hal_nordic/nrfx/libmodules__hal_nordic__nrfx.a(nrfx_nvmc.c.obj)
                0x0000719c                nrfx_nvmc_flash_size_get
 .text.nrfx_nvmc_flash_page_size_get
                0x000071a2        0x6 modules/hal_nordic/nrfx/libmodules__hal_nordic__nrfx.a(nrfx_nvmc.c.obj)
                0x000071a2                nrfx_nvmc_flash_page_size_get
 .text.nrfx_nvmc_flash_page_count_get
                0x000071a8        0x6 modules/hal_nordic/nrfx/libmodules__hal_nordic__nrfx.a(nrfx_nvmc.c.obj)
                0x000071a8                nrfx_nvmc_flash_page_count_get
 .text.append_to_buffer.isra.0
                0x000071ae        0x4 modules/tinycbor/lib..__modules__lib__tinycbor__zephyr.a(cborencoder.c.obj)
 .text.encode_number_no_update
                0x000071b2       0x78 modules/tinycbor/lib..__modules__lib__tinycbor__zephyr.a(cborencoder.c.obj)
 .text.encode_number
                0x0000722a       0x14 modules/tinycbor/lib..__modules__lib__tinycbor__zephyr.a(cborencoder.c.obj)
 .text.create_container
                0x0000723e       0x44 modules/tinycbor/lib..__modules__lib__tinycbor__zephyr.a(cborencoder.c.obj)
 .text.cbor_encoder_init
                0x00007282        0xa modules/tinycbor/lib..__modules__lib__tinycbor__zephyr.a(cborencoder.c.obj)
                0x00007282                cbor_encoder_init
 .text.cbor_encode_uint
                0x0000728c       0x10 modules/tinycbor/lib..__modules__lib__tinycbor__zephyr.a(cborencoder.c.obj)
                0x0000728c                cbor_encode_uint
 .text.cbor_encode_int
                0x0000729c       0x1c modules/tinycbor/lib..__modules__lib__tinycbor__zephyr.a(cborencoder.c.obj)
                0x0000729c                cbor_encode_int
 .text.cbor_encode_text_string
                0x000072b8       0x24 modules/tinycbor/lib..__modules__lib__tinycbor__zephyr.a(cborencoder.c.obj)
                0x000072b8                cbor_encode_text_string
 .text.cbor_encoder_create_array
                0x000072dc        0x6 modules/tinycbor/lib..__modules__lib__tinycbor__zephyr.a(cborencoder.c.obj)
                0x000072dc                cbor_encoder_create_array
 .text.cbor_encoder_create_map
                0x000072e2       0x22 modules/tinycbor/lib..__modules__lib__tinycbor__zephyr.a(cborencoder.c.obj)
                0x000072e2                cbor_encoder_create_map
 .text.cbor_encoder_close_container
                0x00007304       0x28 modules/tinycbor/lib..__modules__lib__tinycbor__zephyr.a(cborencoder.c.obj)
                0x00007304                cbor_encoder_close_container
 .text.z_device_state_init
                0x0000732c        0x2 zephyr/kernel/libkernel.a(device.c.obj)
                0x0000732c                z_device_state_init
 .text.z_device_ready
                0x0000732e       0x12 zephyr/kernel/libkernel.a(device.c.obj)
                0x0000732e                z_device_ready
 .text.k_is_in_isr
                0x00007340        0xc zephyr/kernel/libkernel.a(thread.c.obj)
                0x00007340                k_is_in_isr
 .text.z_impl_k_busy_wait
                0x0000734c        0x8 zephyr/kernel/libkernel.a(timeout.c.obj)
                0x0000734c                z_impl_k_busy_wait
 .text.boot_banner
                0x00007354        0x2 zephyr/kernel/libkernel.a(banner.c.obj)
                0x00007354                boot_banner
 .text._OffsetAbsSyms
                0x00007356        0x2 zephyr/CMakeFiles/offsets.dir/./arch/arm/core/offsets/offsets.c.obj
                0x00007356                _OffsetAbsSyms
 .text.nrf_cc310_bl_ecdsa_verify_secp256r1
                0x00007358       0x26 C:/Users/helo/v1.6.0/nrfxlib/crypto/nrf_cc310_bl/lib/cortex-m33/hard-float/no-interrupts/libnrf_cc310_bl_0.9.12.a(nrf_cc310_bl_ecdsa_verify_secp256r1.c.obj)
                0x00007358                nrf_cc310_bl_ecdsa_verify_secp256r1
 .text.PkaInitAndMutexLock
                0x0000737e        0x8 C:/Users/helo/v1.6.0/nrfxlib/crypto/nrf_cc310_bl/lib/cortex-m33/hard-float/no-interrupts/libnrf_cc310_bl_0.9.12.a(pka.c.obj)
                0x0000737e                PkaInitAndMutexLock
 .text.SaSi_PalMemCopy
                0x00007386        0x4 C:/Users/helo/v1.6.0/nrfxlib/crypto/nrf_cc310_bl/lib/cortex-m33/hard-float/no-interrupts/libnrf_cc310_bl_0.9.12.a(ssi_pal_mem.c.obj)
                0x00007386                SaSi_PalMemCopy
 .text.SaSi_PalMemSet
                0x0000738a        0x4 C:/Users/helo/v1.6.0/nrfxlib/crypto/nrf_cc310_bl/lib/cortex-m33/hard-float/no-interrupts/libnrf_cc310_bl_0.9.12.a(ssi_pal_mem.c.obj)
                0x0000738a                SaSi_PalMemSet
 .text.SaSi_PalMemSetZero
                0x0000738e        0x8 C:/Users/helo/v1.6.0/nrfxlib/crypto/nrf_cc310_bl/lib/cortex-m33/hard-float/no-interrupts/libnrf_cc310_bl_0.9.12.a(ssi_pal_mem.c.obj)
                0x0000738e                SaSi_PalMemSetZero
 .text.CRYS_COMMON_ReverseMemcpy32
                0x00007396       0x1a C:/Users/helo/v1.6.0/nrfxlib/crypto/nrf_cc310_bl/lib/cortex-m33/hard-float/no-interrupts/libnrf_cc310_bl_0.9.12.a(crys_common_conv_endian.c.obj)
                0x00007396                CRYS_COMMON_ReverseMemcpy32
 *(SORT_BY_ALIGNMENT(.TEXT.*))
 *(SORT_BY_ALIGNMENT(.gnu.linkonce.t.*))
 *(SORT_BY_ALIGNMENT(.glue_7t))
 .glue_7t       0x000073b0        0x0 linker stubs
 *(SORT_BY_ALIGNMENT(.glue_7))
 .glue_7        0x000073b0        0x0 linker stubs
 *(SORT_BY_ALIGNMENT(.vfp11_veneer))
 .vfp11_veneer  0x000073b0        0x0 linker stubs
 *(SORT_BY_ALIGNMENT(.v4_bx))
 .v4_bx         0x000073b0        0x0 linker stubs
                0x000073b0                _image_text_end = .

.ARM.exidx      0x000073b0        0x8
                0x000073b0                __exidx_start = .
 *(SORT_BY_ALIGNMENT(.ARM.exidx*) SORT_BY_ALIGNMENT(gnu.linkonce.armexidx.*))
 .ARM.exidx     0x000073b0        0x8 c:/users/helo/v1.6.0/toolchain/opt/bin/../lib/gcc/arm-none-eabi/9.2.1/thumb/v8-m.main+fp/hard\libgcc.a(_udivmoddi4.o)
                0x000073b8                __exidx_end = .
                0x000073b8                _image_rodata_start = .

initlevel       0x000073b8       0x48
                0x000073b8                __init_start = .
                0x000073b8                __init_PRE_KERNEL_1_start = .
 *(SORT_BY_NAME(SORT_BY_ALIGNMENT(.z_init_PRE_KERNEL_1[0-9]_*)))
 .z_init_PRE_KERNEL_10_
                0x000073b8        0x8 zephyr/libzephyr.a(soc.c.obj)
 *(SORT_BY_NAME(SORT_BY_ALIGNMENT(.z_init_PRE_KERNEL_1[1-9][0-9]_*)))
 .z_init_PRE_KERNEL_140_
                0x000073c0        0x8 modules/nrf/drivers/hw_cc310/lib..__nrf__drivers__hw_cc310.a(hw_cc310.c.obj)
 .z_init_PRE_KERNEL_150_
                0x000073c8        0x8 zephyr/libzephyr.a(clock_control_nrf.c.obj)
 .z_init_PRE_KERNEL_150_
                0x000073d0       0x10 zephyr/drivers/serial/libdrivers__serial.a(uart_nrfx_uarte.c.obj)
                0x000073e0                __init_PRE_KERNEL_2_start = .
 *(SORT_BY_NAME(SORT_BY_ALIGNMENT(.z_init_PRE_KERNEL_2[0-9]_*)))
 .z_init_PRE_KERNEL_20_
                0x000073e0        0x8 zephyr/libzephyr.a(sys_clock_init.c.obj)
 *(SORT_BY_NAME(SORT_BY_ALIGNMENT(.z_init_PRE_KERNEL_2[1-9][0-9]_*)))
                0x000073e8                __init_POST_KERNEL_start = .
 *(SORT_BY_NAME(SORT_BY_ALIGNMENT(.z_init_POST_KERNEL[0-9]_*)))
 *(SORT_BY_NAME(SORT_BY_ALIGNMENT(.z_init_POST_KERNEL[1-9][0-9]_*)))
 .z_init_POST_KERNEL40_
                0x000073e8        0x8 zephyr/drivers/gpio/libdrivers__gpio.a(gpio_nrfx.c.obj)
 .z_init_POST_KERNEL40_
                0x000073f0        0x8 modules/nrf/drivers/hw_cc310/lib..__nrf__drivers__hw_cc310.a(hw_cc310.c.obj)
 .z_init_POST_KERNEL50_
                0x000073f8        0x8 zephyr/drivers/flash/libdrivers__flash.a(soc_flash_nrf.c.obj)
                0x00007400                __init_APPLICATION_start = .
 *(SORT_BY_NAME(SORT_BY_ALIGNMENT(.z_init_APPLICATION[0-9]_*)))
 *(SORT_BY_NAME(SORT_BY_ALIGNMENT(.z_init_APPLICATION[1-9][0-9]_*)))
                0x00007400                __init_SMP_start = .
 *(SORT_BY_NAME(SORT_BY_ALIGNMENT(.z_init_SMP[0-9]_*)))
 *(SORT_BY_NAME(SORT_BY_ALIGNMENT(.z_init_SMP[1-9][0-9]_*)))
                0x00007400                __init_end = .

sw_isr_table    0x00007400      0x208
                0x00007400                . = ALIGN (0x0)
 *(SORT_BY_ALIGNMENT(.gnu.linkonce.sw_isr_table*))
 .gnu.linkonce.sw_isr_table
                0x00007400      0x208 zephyr/CMakeFiles/zephyr_final.dir/isr_tables.c.obj
                0x00007400                _sw_isr_table

initlevel_error
                0x000073b8        0x0
 *(SORT_BY_NAME(SORT_BY_ALIGNMENT(.z_init_[_A-Z0-9]*)))
                0x00000001                ASSERT ((SIZEOF (initlevel_error) == 0x0), Undefined initialization levels used.)

app_shmem_regions
                0x00007608        0x0
                0x00007608                __app_shmem_regions_start = .
 *(SORT_BY_NAME(SORT_BY_ALIGNMENT(.app_regions.*)))
                0x00007608                __app_shmem_regions_end = .

bt_l2cap_fixed_chan_area
                0x00007608        0x0
                0x00007608                _bt_l2cap_fixed_chan_list_start = .
 *(SORT_BY_NAME(SORT_BY_ALIGNMENT(._bt_l2cap_fixed_chan.static.*)))
                0x00007608                _bt_l2cap_fixed_chan_list_end = .

bt_gatt_service_static_area
                0x00007608        0x0
                0x00007608                _bt_gatt_service_static_list_start = .
 *(SORT_BY_NAME(SORT_BY_ALIGNMENT(._bt_gatt_service_static.static.*)))
                0x00007608                _bt_gatt_service_static_list_end = .

k_p4wq_initparam_area
                0x00007608        0x0
                0x00007608                _k_p4wq_initparam_list_start = .
 *(SORT_BY_NAME(SORT_BY_ALIGNMENT(._k_p4wq_initparam.static.*)))
                0x00007608                _k_p4wq_initparam_list_end = .

log_strings_sections
                0x00007608        0x0
                0x00007608                __log_strings_start = .
 *(SORT_BY_NAME(SORT_BY_ALIGNMENT(.log_strings*)))
                0x00007608                __log_strings_end = .

log_const_sections
                0x00007608       0x48
                0x00007608                __log_const_start = .
 *(SORT_BY_NAME(SORT_BY_ALIGNMENT(.log_const_*)))
 .log_const_clock_control
                0x00007608        0x8 zephyr/libzephyr.a(clock_control_nrf.c.obj)
                0x00007608                log_const_clock_control
 .log_const_fatal_error
                0x00007610        0x8 modules/nrf/lib/fatal_error/lib..__nrf__lib__fatal_error.a(fatal_error.c.obj)
                0x00007610                log_const_fatal_error
 .log_const_flash_nrf
                0x00007618        0x8 zephyr/drivers/flash/libdrivers__flash.a(soc_flash_nrf.c.obj)
                0x00007618                log_const_flash_nrf
 .log_const_mcuboot
                0x00007620        0x8 app/libapp.a(main.c.obj)
                0x00007620                log_const_mcuboot
 .log_const_mpu
                0x00007628        0x8 zephyr/arch/arch/arm/core/aarch32/mpu/libarch__arm__core__aarch32__mpu.a(arm_core_mpu.c.obj)
                0x00007628                log_const_mpu
 .log_const_os  0x00007630        0x8 zephyr/kernel/libkernel.a(init.c.obj)
                0x00007630                log_const_os
 .log_const_serial_adapter
                0x00007638        0x8 zephyr/libzephyr.a(serial_adapter.c.obj)
                0x00007638                log_const_serial_adapter
 .log_const_soc
                0x00007640        0x8 zephyr/libzephyr.a(soc.c.obj)
                0x00007640                log_const_soc
 .log_const_uart_nrfx_uarte
                0x00007648        0x8 zephyr/drivers/serial/libdrivers__serial.a(uart_nrfx_uarte.c.obj)
                0x00007648                log_const_uart_nrfx_uarte
                0x00007650                __log_const_end = .

log_backends_sections
                0x00007650        0x0
                0x00007650                __log_backends_start = .
 *(SORT_BY_ALIGNMENT(._log_backend.*))
                0x00007650                __log_backends_end = .

shell_area      0x00007650        0x0
                0x00007650                _shell_list_start = .
 *(SORT_BY_NAME(SORT_BY_ALIGNMENT(._shell.static.*)))
                0x00007650                _shell_list_end = .

shell_root_cmds_sections
                0x00007650        0x0
                0x00007650                __shell_root_cmds_start = .
 *(SORT_BY_NAME(SORT_BY_ALIGNMENT(.shell_root_cmd_*)))
                0x00007650                __shell_root_cmds_end = .

font_entry_sections
                0x00007650        0x0
                0x00007650                __font_entry_start = .
 *(SORT_BY_NAME(SORT_BY_ALIGNMENT(._cfb_font.*)))
                0x00007650                __font_entry_end = .

tracing_backend_area
                0x00007650        0x0
                0x00007650                _tracing_backend_list_start = .
 *(SORT_BY_NAME(SORT_BY_ALIGNMENT(._tracing_backend.static.*)))
                0x00007650                _tracing_backend_list_end = .

zephyr_dbg_info
 *(SORT_BY_ALIGNMENT(.dbg_thread_info))

device_handles  0x00007650       0x34
                0x00007650                __device_handles_start = .
 *(SORT_BY_NAME(SORT_BY_ALIGNMENT(.__device_handles_pass2*)))
 .__device_handles_pass2
                0x00007650       0x34 zephyr/CMakeFiles/zephyr_final.dir/dev_handles.c.obj
                0x00007650                __devicehdl_DT_N_S_soc_S_peripheral_50000000_S_flash_controller_39000
                0x00007658                __devicehdl_DT_N_S_soc_S_peripheral_50000000_S_gpio_842500
                0x00007660                __devicehdl_sys_init_sys_clock_driver_init0
                0x00007666                __devicehdl_DT_N_S_soc_S_peripheral_50000000_S_uart_8000
                0x00007670                __devicehdl_DT_N_S_soc_S_peripheral_50000000_S_uart_9000
                0x0000767a                __devicehdl_DT_N_S_soc_S_peripheral_50000000_S_clock_5000
                0x00007684                __device_handles_end = .

rodata          0x00007690     0x1164
 *(SORT_BY_ALIGNMENT(.rodata))
 .rodata        0x00007690       0x20 zephyr/drivers/serial/libdrivers__serial.a(uart_nrfx_uarte.c.obj)
 .rodata        0x000076b0       0x10 C:/Users/helo/v1.6.0/nrfxlib/crypto/nrf_cc310_bl/lib/cortex-m33/hard-float/no-interrupts/libnrf_cc310_bl_0.9.12.a(nrf_cc310_bl_hash_sha256.c.obj)
 *(SORT_BY_ALIGNMENT(.rodata.*))
 .rodata.delay_machine_code.10019
                0x000076c0        0x6 zephyr/libzephyr.a(soc.c.obj)
 *fill*         0x000076c6        0x2 
 .rodata.boot_funcs
                0x000076c8        0x8 app/libapp.a(main.c.obj)
                0x000076c8                boot_funcs
 .rodata.bootutil_key_cnt
                0x000076d0        0x4 app/libapp.a(keys.c.obj)
                0x000076d0                bootutil_key_cnt
 .rodata.bootutil_keys
                0x000076d4        0x8 app/libapp.a(keys.c.obj)
                0x000076d4                bootutil_keys
 .rodata.ecdsa_pub_key_len
                0x000076dc        0x4 app/libapp.a(autogen-pubkey.c.obj)
                0x000076dc                ecdsa_pub_key_len
 .rodata.clock_control_api
                0x000076e0       0x14 zephyr/libzephyr.a(clock_control_nrf.c.obj)
 .rodata.config
                0x000076f4       0x18 zephyr/libzephyr.a(clock_control_nrf.c.obj)
 .rodata.transitions.12312
                0x0000770c        0xc zephyr/libzephyr.a(clock_control_nrf.c.obj)
 .rodata.default_flash_map
                0x00007718       0x90 zephyr/libzephyr.a(flash_map_partition_manager.c.obj)
                0x00007718                default_flash_map
 .rodata.flash_map_entries
                0x000077a8        0x4 zephyr/libzephyr.a(flash_map_partition_manager.c.obj)
                0x000077a8                flash_map_entries
 .rodata.apis   0x000077ac        0x8 zephyr/libzephyr.a(nrf_cc3xx_platform_abort_zephyr.c.obj)
 .rodata.static_regions
                0x000077b4        0xc zephyr/arch/arch/arm/core/aarch32/mpu/libarch__arm__core__aarch32__mpu.a(arm_core_mpu.c.obj)
 .rodata.mpu_config
                0x000077c0        0x8 zephyr/soc/arm/common/cortex_m/libsoc__arm__common__cortex_m.a(arm_mpu_regions.c.obj)
                0x000077c0                mpu_config
 .rodata.mpu_regions
                0x000077c8       0x20 zephyr/soc/arm/common/cortex_m/libsoc__arm__common__cortex_m.a(arm_mpu_regions.c.obj)
 .rodata.gpio_nrfx_drv_api_funcs
                0x000077e8       0x24 zephyr/drivers/gpio/libdrivers__gpio.a(gpio_nrfx.c.obj)
 .rodata.gpio_nrfx_p0_cfg
                0x0000780c        0xc zephyr/drivers/gpio/libdrivers__gpio.a(gpio_nrfx.c.obj)
 .rodata.flash_nrf_api
                0x00007818       0x18 zephyr/drivers/flash/libdrivers__flash.a(soc_flash_nrf.c.obj)
 .rodata.flash_nrf_parameters
                0x00007830        0x8 zephyr/drivers/flash/libdrivers__flash.a(soc_flash_nrf.c.obj)
 .rodata.uart_nrfx_uarte_driver_api
                0x00007838       0x4c zephyr/drivers/serial/libdrivers__serial.a(uart_nrfx_uarte.c.obj)
 .rodata.uarte_0z_config
                0x00007884        0x8 zephyr/drivers/serial/libdrivers__serial.a(uart_nrfx_uarte.c.obj)
 .rodata.uarte_1z_config
                0x0000788c        0x8 zephyr/drivers/serial/libdrivers__serial.a(uart_nrfx_uarte.c.obj)
 .rodata.boot_img_magic
                0x00007894       0x10 modules/mcuboot/boot/bootutil/zephyr/libmcuboot_util.a(bootutil_public.c.obj)
                0x00007894                boot_img_magic
 .rodata.levels.10315
                0x000078a4       0x14 zephyr/kernel/libkernel.a(device.c.obj)
 .rodata.CSWTCH.417
                0x000078b8       0x14 zephyr/kernel/libkernel.a(fatal.c.obj)
 .rodata.CSWTCH.8
                0x000078cc       0x1c C:/Users/helo/v1.6.0/nrfxlib/crypto/nrf_cc310_platform/lib/cortex-m33/hard-float/no-interrupts/libnrf_cc310_platform_0.9.10.a(nrf_cc3xx_platform.c.obj)
 .rodata.CC_PalPowerSaveModeInit.str1.4
                0x000078e8       0x20 C:/Users/helo/v1.6.0/nrfxlib/crypto/nrf_cc310_platform/lib/cortex-m33/hard-float/no-interrupts/libnrf_cc310_platform_0.9.10.a(cc_pal_pm.c.obj)
 .rodata.mutex_free.str1.4
                0x00007908       0x26 C:/Users/helo/v1.6.0/nrfxlib/crypto/nrf_cc310_platform/lib/cortex-m33/hard-float/no-interrupts/libnrf_cc310_platform_0.9.10.a(nrf_cc3xx_platform_mutex.c.obj)
 *fill*         0x0000792e        0x2 
 .rodata.mutex_init.str1.4
                0x00007930       0x23 C:/Users/helo/v1.6.0/nrfxlib/crypto/nrf_cc310_platform/lib/cortex-m33/hard-float/no-interrupts/libnrf_cc310_platform_0.9.10.a(nrf_cc3xx_platform_mutex.c.obj)
 *fill*         0x00007953        0x1 
 .rodata.domain_secp256r1
                0x00007954       0xcc C:/Users/helo/v1.6.0/nrfxlib/crypto/nrf_cc310_bl/lib/cortex-m33/hard-float/no-interrupts/libnrf_cc310_bl_0.9.12.a(nrf_cc310_bl_ecdsa_verify_secp256r1.c.obj)
                0x00007954                domain_secp256r1
 .rodata.NRF_CC310_BL_HASH_LARVAL_SHA256
                0x00007a20       0x20 C:/Users/helo/v1.6.0/nrfxlib/crypto/nrf_cc310_bl/lib/cortex-m33/hard-float/no-interrupts/libnrf_cc310_bl_0.9.12.a(nrf_cc310_bl_hash_sha256.c.obj)
                0x00007a20                NRF_CC310_BL_HASH_LARVAL_SHA256
 .rodata.main.str1.1
                0x00007a40      0x108 app/libapp.a(main.c.obj)
 .rodata.str1.1
                0x00007b48        0x8 app/libapp.a(main.c.obj)
 .rodata.flash_device_base.str1.1
                0x00007b50       0x26 app/libapp.a(flash_map_extended.c.obj)
 .rodata.ec_pubkey_oid
                0x00007b76        0x8 app/libapp.a(image_ec256.c.obj)
 .rodata.ec_secp256r1_oid
                0x00007b7e        0x9 app/libapp.a(image_ec256.c.obj)
 .rodata.boot_validate_slot.isra.0.str1.1
                0x00007b87       0x3a app/libapp.a(loader.c.obj)
 .rodata.boot_swap_image.str1.1
                0x00007bc1       0x2f app/libapp.a(loader.c.obj)
 .rodata.context_boot_go.str1.1
                0x00007bf0       0xa4 app/libapp.a(loader.c.obj)
 .rodata.swap_read_status_bytes.str1.1
                0x00007c94       0x23 app/libapp.a(swap_move.c.obj)
 .rodata.boot_slots_compatible.str1.1
                0x00007cb7       0x93 app/libapp.a(swap_move.c.obj)
 .rodata.swap_status_source.str1.1
                0x00007d4a       0xa4 app/libapp.a(swap_move.c.obj)
 .rodata.swap_run.str1.1
                0x00007dee       0x2f app/libapp.a(swap_move.c.obj)
 .rodata.ecdsa_pub_key
                0x00007e1d       0x5b app/libapp.a(autogen-pubkey.c.obj)
                0x00007e1d                ecdsa_pub_key
 .rodata.base64_dec_map
                0x00007e78       0x80 zephyr/libzephyr.a(base64.c.obj)
 .rodata.base64_enc_map
                0x00007ef8       0x40 zephyr/libzephyr.a(base64.c.obj)
 .rodata.cbvprintf.str1.1
                0x00007f38       0x10 zephyr/libzephyr.a(cbprintf_nano.c.obj)
                                 0x13 (size before relaxing)
 .rodata.sys_reboot.str1.1
                0x00007f48       0x29 zephyr/libzephyr.a(reboot.c.obj)
 .rodata.str1.1
                0x00007f71        0x4 zephyr/libzephyr.a(soc.c.obj)
 .rodata.str1.1
                0x00007f75       0x20 zephyr/libzephyr.a(clock_control_nrf.c.obj)
 .rodata.str1.1
                0x00007f95        0xa zephyr/libzephyr.a(sys_clock_init.c.obj)
 .rodata.str1.1
                0x00007f9f       0x13 zephyr/libzephyr.a(flash_map_partition_manager.c.obj)
 .rodata.boot_uart_fifo_callback.str1.1
                0x00007f9f       0x2f zephyr/libzephyr.a(serial_adapter.c.obj)
 .rodata.boot_console_init.str1.1
                0x00007fce        0x7 zephyr/libzephyr.a(serial_adapter.c.obj)
 .rodata.str1.1
                0x00007fd5        0xf zephyr/libzephyr.a(serial_adapter.c.obj)
 .rodata.boot_serial_output.str1.1
                0x00007fe4        0xb zephyr/libzephyr.a(boot_serial.c.obj)
 .rodata.bs_empty_rsp.isra.0.str1.1
                0x00007fef        0x3 zephyr/libzephyr.a(boot_serial.c.obj)
 .rodata.boot_serial_input.str1.1
                0x00007ff2       0xf1 zephyr/libzephyr.a(boot_serial.c.obj)
 .rodata.decode_Member.str1.1
                0x000080e3        0xd zephyr/libzephyr.a(serial_recovery_cbor.c.obj)
                                 0x17 (size before relaxing)
 .rodata.z_arm_fatal_error.str1.1
                0x000080f0       0xaf zephyr/arch/arch/arm/core/aarch32/libarch__arm__core__aarch32.a(fatal.c.obj)
 .rodata.mem_manage_fault.isra.0.str1.1
                0x0000819f       0xfb zephyr/arch/arch/arm/core/aarch32/cortex_m/libarch__arm__core__aarch32__cortex_m.a(fault.c.obj)
 .rodata.bus_fault.isra.0.str1.1
                0x0000829a       0xa6 zephyr/arch/arch/arm/core/aarch32/cortex_m/libarch__arm__core__aarch32__cortex_m.a(fault.c.obj)
 .rodata.usage_fault.isra.0.str1.1
                0x00008340      0x11f zephyr/arch/arch/arm/core/aarch32/cortex_m/libarch__arm__core__aarch32__cortex_m.a(fault.c.obj)
 .rodata.z_arm_fault.str1.1
                0x0000845f      0x105 zephyr/arch/arch/arm/core/aarch32/cortex_m/libarch__arm__core__aarch32__cortex_m.a(fault.c.obj)
 .rodata.str1.1
                0x00008564        0x4 zephyr/arch/arch/arm/core/aarch32/mpu/libarch__arm__core__aarch32__mpu.a(arm_core_mpu.c.obj)
 .rodata.mpu_configure_region.str1.1
                0x00008568       0x2b zephyr/arch/arch/arm/core/aarch32/mpu/libarch__arm__core__aarch32__mpu.a(arm_mpu.c.obj)
 .rodata.mpu_configure_regions_and_partition.constprop.0.str1.1
                0x00008593       0x50 zephyr/arch/arch/arm/core/aarch32/mpu/libarch__arm__core__aarch32__mpu.a(arm_mpu.c.obj)
 .rodata.str1.1
                0x000085e3        0xf zephyr/soc/arm/common/cortex_m/libsoc__arm__common__cortex_m.a(arm_mpu_regions.c.obj)
 .rodata.str1.1
                0x000085f2        0x7 zephyr/drivers/gpio/libdrivers__gpio.a(gpio_nrfx.c.obj)
 .rodata.flash_nrf_erase.str1.1
                0x000085f2       0x46 zephyr/drivers/flash/libdrivers__flash.a(soc_flash_nrf.c.obj)
 .rodata.flash_nrf_write.str1.1
                0x00008638       0x23 zephyr/drivers/flash/libdrivers__flash.a(soc_flash_nrf.c.obj)
 .rodata.str1.1
                0x0000865b        0xa zephyr/drivers/flash/libdrivers__flash.a(soc_flash_nrf.c.obj)
                                 0x1d (size before relaxing)
 .rodata.uarte_instance_init.isra.0.str1.1
                0x00008665       0x24 zephyr/drivers/serial/libdrivers__serial.a(uart_nrfx_uarte.c.obj)
 .rodata.str1.1
                0x00008689       0x17 zephyr/drivers/serial/libdrivers__serial.a(uart_nrfx_uarte.c.obj)
                                 0x1e (size before relaxing)
 .rodata.k_sys_fatal_error_handler.str1.1
                0x000086a0       0x16 modules/nrf/lib/fatal_error/lib..__nrf__lib__fatal_error.a(fatal_error.c.obj)
 .rodata.str1.1
                0x000086b6        0xc modules/nrf/lib/fatal_error/lib..__nrf__lib__fatal_error.a(fatal_error.c.obj)
 .rodata.boot_swap_type_multi.str1.1
                0x000086c2       0x4b modules/mcuboot/boot/bootutil/zephyr/libmcuboot_util.a(bootutil_public.c.obj)
 .rodata.boot_swap_tables
                0x0000870d       0x12 modules/mcuboot/boot/bootutil/zephyr/libmcuboot_util.a(bootutil_public.c.obj)
 .rodata.z_fatal_error.str1.1
                0x0000871f       0x86 zephyr/kernel/libkernel.a(fatal.c.obj)
 .rodata.str1.1
                0x000087a5       0x4a zephyr/kernel/libkernel.a(fatal.c.obj)
 .rodata.str1.1
                0x000087ef        0x3 zephyr/kernel/libkernel.a(init.c.obj)
 *(SORT_BY_ALIGNMENT(.gnu.linkonce.r.*))
                0x000087f4                . = ALIGN (0x4)
 *fill*         0x000087f2        0x2 
                0x000087f4                _image_rodata_end = .
                0x00008800                . = ALIGN (_region_min_align)
                0x00008800                _image_rom_end = .
                0x200144e8                . = 0x200144e8
                0x20014500                . = ALIGN (_region_min_align)
                0x20014500                _image_ram_start = .

.ramfunc        0x200144e8       0x18 load address 0x000087f4
                0x20014500                . = ALIGN (_region_min_align)
 *fill*         0x200144e8       0x18 
                0x20014500                _ramfunc_ram_start = .
 *(SORT_BY_ALIGNMENT(.ramfunc))
 *(SORT_BY_ALIGNMENT(.ramfunc.*))
                0x20014500                . = ALIGN (_region_min_align)
                0x20014500                _ramfunc_ram_end = .
                0x00000000                _ramfunc_ram_size = (_ramfunc_ram_end - _ramfunc_ram_start)
                0x000087f4                _ramfunc_rom_start = LOADADDR (.ramfunc)

datas           0x20014500       0xdc load address 0x0000880c
                0x20014500                __data_ram_start = .
 *(SORT_BY_ALIGNMENT(.data))
 *(SORT_BY_ALIGNMENT(.data.*))
 .data.FIH_FAILURE
                0x20014500        0x4 app/libapp.a(fault_injection_hardening.c.obj)
                0x20014500                FIH_FAILURE
 .data.g_last_idx
                0x20014504        0x4 app/libapp.a(swap_move.c.obj)
 .data.memset_func
                0x20014508        0x4 app/libapp.a(platform_util.c.obj)
 .data._char_out
                0x2001450c        0x4 zephyr/libzephyr.a(printk.c.obj)
                0x2001450c                _char_out
 .data.flash_map
                0x20014510        0x4 zephyr/libzephyr.a(flash_map_partition_manager.c.obj)
                0x20014510                flash_map
 .data.bs_writer
                0x20014514        0x8 zephyr/libzephyr.a(boot_serial.c.obj)
 .data.off_last.12532
                0x2001451c        0x4 zephyr/libzephyr.a(boot_serial.c.obj)
 .data.uarte0_int_driven
                0x20014520       0x14 zephyr/drivers/serial/libdrivers__serial.a(uart_nrfx_uarte.c.obj)
 .data.uarte1_int_driven
                0x20014534       0x14 zephyr/drivers/serial/libdrivers__serial.a(uart_nrfx_uarte.c.obj)
 .data.uarte_0_data
                0x20014548       0x18 zephyr/drivers/serial/libdrivers__serial.a(uart_nrfx_uarte.c.obj)
 .data.uarte_1_data
                0x20014560       0x18 zephyr/drivers/serial/libdrivers__serial.a(uart_nrfx_uarte.c.obj)
 .data.SystemCoreClock
                0x20014578        0x4 modules/hal_nordic/nrfx/libmodules__hal_nordic__nrfx.a(system_nrf9160.c.obj)
                0x20014578                SystemCoreClock
 .data.platform_abort_apis
                0x2001457c        0x8 C:/Users/helo/v1.6.0/nrfxlib/crypto/nrf_cc310_platform/lib/cortex-m33/hard-float/no-interrupts/libnrf_cc310_platform_0.9.10.a(nrf_cc3xx_platform_abort.c.obj)
                0x2001457c                platform_abort_apis
 .data.CCAsymCryptoMutex
                0x20014584        0x4 C:/Users/helo/v1.6.0/nrfxlib/crypto/nrf_cc310_platform/lib/cortex-m33/hard-float/no-interrupts/libnrf_cc310_platform_0.9.10.a(cc_pal.c.obj)
                0x20014584                CCAsymCryptoMutex
 .data.CCPowerMutex
                0x20014588        0x4 C:/Users/helo/v1.6.0/nrfxlib/crypto/nrf_cc310_platform/lib/cortex-m33/hard-float/no-interrupts/libnrf_cc310_platform_0.9.10.a(cc_pal.c.obj)
                0x20014588                CCPowerMutex
 .data.CCRndCryptoMutex
                0x2001458c        0x4 C:/Users/helo/v1.6.0/nrfxlib/crypto/nrf_cc310_platform/lib/cortex-m33/hard-float/no-interrupts/libnrf_cc310_platform_0.9.10.a(cc_pal.c.obj)
                0x2001458c                CCRndCryptoMutex
 .data.CCSymCryptoMutex
                0x20014590        0x4 C:/Users/helo/v1.6.0/nrfxlib/crypto/nrf_cc310_platform/lib/cortex-m33/hard-float/no-interrupts/libnrf_cc310_platform_0.9.10.a(cc_pal.c.obj)
                0x20014590                CCSymCryptoMutex
 .data.pCCRndCryptoMutex
                0x20014594        0x4 C:/Users/helo/v1.6.0/nrfxlib/crypto/nrf_cc310_platform/lib/cortex-m33/hard-float/no-interrupts/libnrf_cc310_platform_0.9.10.a(cc_pal.c.obj)
                0x20014594                pCCRndCryptoMutex
 .data.asym_mutex
                0x20014598        0x8 C:/Users/helo/v1.6.0/nrfxlib/crypto/nrf_cc310_platform/lib/cortex-m33/hard-float/no-interrupts/libnrf_cc310_platform_0.9.10.a(nrf_cc3xx_platform_mutex.c.obj)
 .data.platform_mutex_apis
                0x200145a0       0x10 C:/Users/helo/v1.6.0/nrfxlib/crypto/nrf_cc310_platform/lib/cortex-m33/hard-float/no-interrupts/libnrf_cc310_platform_0.9.10.a(nrf_cc3xx_platform_mutex.c.obj)
                0x200145a0                platform_mutex_apis
 .data.platform_mutexes
                0x200145b0       0x14 C:/Users/helo/v1.6.0/nrfxlib/crypto/nrf_cc310_platform/lib/cortex-m33/hard-float/no-interrupts/libnrf_cc310_platform_0.9.10.a(nrf_cc3xx_platform_mutex.c.obj)
                0x200145b0                platform_mutexes
 .data.power_mutex
                0x200145c4        0x8 C:/Users/helo/v1.6.0/nrfxlib/crypto/nrf_cc310_platform/lib/cortex-m33/hard-float/no-interrupts/libnrf_cc310_platform_0.9.10.a(nrf_cc3xx_platform_mutex.c.obj)
 .data.rng_mutex
                0x200145cc        0x8 C:/Users/helo/v1.6.0/nrfxlib/crypto/nrf_cc310_platform/lib/cortex-m33/hard-float/no-interrupts/libnrf_cc310_platform_0.9.10.a(nrf_cc3xx_platform_mutex.c.obj)
 .data.sym_mutex
                0x200145d4        0x8 C:/Users/helo/v1.6.0/nrfxlib/crypto/nrf_cc310_platform/lib/cortex-m33/hard-float/no-interrupts/libnrf_cc310_platform_0.9.10.a(nrf_cc3xx_platform_mutex.c.obj)
 *(SORT_BY_ALIGNMENT(.kernel.*))
                0x0000880c                __data_rom_start = LOADADDR (datas)

devices         0x200145dc       0x90 load address 0x000088e8
                0x200145dc                __device_start = .
                0x200145dc                __device_PRE_KERNEL_1_start = .
 *(SORT_BY_NAME(SORT_BY_ALIGNMENT(.z_device_PRE_KERNEL_1[0-9]_*)))
 *(SORT_BY_NAME(SORT_BY_ALIGNMENT(.z_device_PRE_KERNEL_1[1-9][0-9]_*)))
 .z_device_PRE_KERNEL_150_
                0x200145dc       0x18 zephyr/libzephyr.a(clock_control_nrf.c.obj)
                0x200145dc                __device_dts_ord_32
 .z_device_PRE_KERNEL_150_
                0x200145f4       0x30 zephyr/drivers/serial/libdrivers__serial.a(uart_nrfx_uarte.c.obj)
                0x200145f4                __device_dts_ord_61
                0x2001460c                __device_dts_ord_60
                0x20014624                __device_PRE_KERNEL_2_start = .
 *(SORT_BY_NAME(SORT_BY_ALIGNMENT(.z_device_PRE_KERNEL_2[0-9]_*)))
 .z_device_PRE_KERNEL_20_
                0x20014624       0x18 zephyr/libzephyr.a(sys_clock_init.c.obj)
 *(SORT_BY_NAME(SORT_BY_ALIGNMENT(.z_device_PRE_KERNEL_2[1-9][0-9]_*)))
                0x2001463c                __device_POST_KERNEL_start = .
 *(SORT_BY_NAME(SORT_BY_ALIGNMENT(.z_device_POST_KERNEL[0-9]_*)))
 *(SORT_BY_NAME(SORT_BY_ALIGNMENT(.z_device_POST_KERNEL[1-9][0-9]_*)))
 .z_device_POST_KERNEL40_
                0x2001463c       0x18 zephyr/drivers/gpio/libdrivers__gpio.a(gpio_nrfx.c.obj)
                0x2001463c                __device_dts_ord_6
 .z_device_POST_KERNEL50_
                0x20014654       0x18 zephyr/drivers/flash/libdrivers__flash.a(soc_flash_nrf.c.obj)
                0x20014654                __device_dts_ord_66
                0x2001466c                __device_APPLICATION_start = .
 *(SORT_BY_NAME(SORT_BY_ALIGNMENT(.z_device_APPLICATION[0-9]_*)))
 *(SORT_BY_NAME(SORT_BY_ALIGNMENT(.z_device_APPLICATION[1-9][0-9]_*)))
                0x2001466c                __device_SMP_start = .
 *(SORT_BY_NAME(SORT_BY_ALIGNMENT(.z_device_SMP[0-9]_*)))
 *(SORT_BY_NAME(SORT_BY_ALIGNMENT(.z_device_SMP[1-9][0-9]_*)))
                0x2001466c                __device_end = .

initshell       0x2001466c        0x0 load address 0x00008978
                0x2001466c                __shell_module_start = .
 *(SORT_BY_ALIGNMENT(.shell_module_*))
                0x2001466c                __shell_module_end = .
                0x2001466c                __shell_cmd_start = .
 *(SORT_BY_ALIGNMENT(.shell_cmd_*))
                0x2001466c                __shell_cmd_end = .

log_dynamic_sections
                0x2001466c        0x0 load address 0x00008978
                0x2001466c                __log_dynamic_start = .
 *(SORT_BY_NAME(SORT_BY_ALIGNMENT(.log_dynamic_*)))
                0x2001466c                __log_dynamic_end = .

_static_thread_data_area
                0x2001466c        0x0 load address 0x00008978
                0x2001466c                __static_thread_data_list_start = .
 *(SORT_BY_NAME(SORT_BY_ALIGNMENT(.__static_thread_data.static.*)))
                0x2001466c                __static_thread_data_list_end = .

k_timer_area    0x2001466c        0x0 load address 0x00008978
                0x2001466c                _k_timer_list_start = .
 *(SORT_BY_NAME(SORT_BY_ALIGNMENT(._k_timer.static.*)))
                0x2001466c                _k_timer_list_end = .

k_mem_slab_area
                0x2001466c        0x0 load address 0x00008978
                0x2001466c                _k_mem_slab_list_start = .
 *(SORT_BY_NAME(SORT_BY_ALIGNMENT(._k_mem_slab.static.*)))
                0x2001466c                _k_mem_slab_list_end = .

k_mem_pool_area
                0x2001466c        0x0 load address 0x00008978
                0x2001466c                _k_mem_pool_list_start = .
 *(SORT_BY_NAME(SORT_BY_ALIGNMENT(._k_mem_pool.static.*)))
                0x2001466c                _k_mem_pool_list_end = .

k_heap_area     0x2001466c        0x0 load address 0x00008978
                0x2001466c                _k_heap_list_start = .
 *(SORT_BY_NAME(SORT_BY_ALIGNMENT(._k_heap.static.*)))
                0x2001466c                _k_heap_list_end = .

k_mutex_area    0x2001466c        0x0 load address 0x00008978
                0x2001466c                _k_mutex_list_start = .
 *(SORT_BY_NAME(SORT_BY_ALIGNMENT(._k_mutex.static.*)))
                0x2001466c                _k_mutex_list_end = .

k_stack_area    0x2001466c        0x0 load address 0x00008978
                0x2001466c                _k_stack_list_start = .
 *(SORT_BY_NAME(SORT_BY_ALIGNMENT(._k_stack.static.*)))
                0x2001466c                _k_stack_list_end = .

k_msgq_area     0x2001466c        0x0 load address 0x00008978
                0x2001466c                _k_msgq_list_start = .
 *(SORT_BY_NAME(SORT_BY_ALIGNMENT(._k_msgq.static.*)))
                0x2001466c                _k_msgq_list_end = .

k_mbox_area     0x2001466c        0x0 load address 0x00008978
                0x2001466c                _k_mbox_list_start = .
 *(SORT_BY_NAME(SORT_BY_ALIGNMENT(._k_mbox.static.*)))
                0x2001466c                _k_mbox_list_end = .

k_pipe_area     0x2001466c        0x0 load address 0x00008978
                0x2001466c                _k_pipe_list_start = .
 *(SORT_BY_NAME(SORT_BY_ALIGNMENT(._k_pipe.static.*)))
                0x2001466c                _k_pipe_list_end = .

k_sem_area      0x2001466c        0x0 load address 0x00008978
                0x2001466c                _k_sem_list_start = .
 *(SORT_BY_NAME(SORT_BY_ALIGNMENT(._k_sem.static.*)))
                0x2001466c                _k_sem_list_end = .

k_queue_area    0x2001466c        0x0 load address 0x00008978
                0x2001466c                _k_queue_list_start = .
 *(SORT_BY_NAME(SORT_BY_ALIGNMENT(._k_queue.static.*)))
                0x2001466c                _k_queue_list_end = .

k_condvar_area  0x2001466c        0x0 load address 0x00008978
                0x2001466c                _k_condvar_list_start = .
 *(SORT_BY_NAME(SORT_BY_ALIGNMENT(._k_condvar.static.*)))
                0x2001466c                _k_condvar_list_end = .

_net_buf_pool_area
                0x2001466c        0x0 load address 0x00008978
                0x2001466c                _net_buf_pool_list = .
 *(SORT_BY_NAME(SORT_BY_ALIGNMENT(._net_buf_pool.static.*)))
                0x2001466c                __data_ram_end = .

bss             0x20014670     0x2034
                0x20014670                . = ALIGN (0x4)
                0x20014670                __bss_start = .
                0x20014670                __kernel_ram_start = .
 *(SORT_BY_ALIGNMENT(.bss))
 *(SORT_BY_ALIGNMENT(.bss.*))
 .bss.z_main_thread
                0x20014670       0x80 zephyr/kernel/libkernel.a(init.c.obj)
                0x20014670                z_main_thread
 .bss.flash_dev
                0x200146f0        0x4 app/libapp.a(flash_map_extended.c.obj)
 .bss.FIH_SUCCESS
                0x200146f4        0x4 app/libapp.a(fault_injection_hardening.c.obj)
                0x200146f4                FIH_SUCCESS
 .bss.boot_data
                0x200146f8       0x60 app/libapp.a(loader.c.obj)
 .bss.primary_slot_sectors.10228
                0x20014758      0x800 app/libapp.a(loader.c.obj)
 .bss.secondary_slot_sectors.10229