Archive member included to satisfy reference by file (symbol)

app/libapp.a(main.c.obj)      (--whole-archive)
zephyr/libzephyr.a(cbprintf.c.obj)
                              (--whole-archive)
zephyr/libzephyr.a(cbprintf_packaged.c.obj)
                              (--whole-archive)
zephyr/libzephyr.a(crc32c_sw.c.obj)
                              (--whole-archive)
zephyr/libzephyr.a(crc32_sw.c.obj)
                              (--whole-archive)
zephyr/libzephyr.a(crc16_sw.c.obj)
                              (--whole-archive)
zephyr/libzephyr.a(crc8_sw.c.obj)
                              (--whole-archive)
zephyr/libzephyr.a(crc7_sw.c.obj)
                              (--whole-archive)
zephyr/libzephyr.a(dec.c.obj)
                              (--whole-archive)
zephyr/libzephyr.a(fdtable.c.obj)
                              (--whole-archive)
zephyr/libzephyr.a(hex.c.obj)
                              (--whole-archive)
zephyr/libzephyr.a(notify.c.obj)
                              (--whole-archive)
zephyr/libzephyr.a(printk.c.obj)
                              (--whole-archive)
zephyr/libzephyr.a(onoff.c.obj)
                              (--whole-archive)
zephyr/libzephyr.a(rb.c.obj)  (--whole-archive)
zephyr/libzephyr.a(sem.c.obj)
                              (--whole-archive)
zephyr/libzephyr.a(thread_entry.c.obj)
                              (--whole-archive)
zephyr/libzephyr.a(timeutil.c.obj)
                              (--whole-archive)
zephyr/libzephyr.a(heap.c.obj)
                              (--whole-archive)
zephyr/libzephyr.a(heap-validate.c.obj)
                              (--whole-archive)
zephyr/libzephyr.a(bitarray.c.obj)
                              (--whole-archive)
zephyr/libzephyr.a(cbprintf_complete.c.obj)
                              (--whole-archive)
zephyr/libzephyr.a(assert.c.obj)
                              (--whole-archive)
zephyr/libzephyr.a(mpsc_pbuf.c.obj)
                              (--whole-archive)
zephyr/libzephyr.a(reboot.c.obj)
                              (--whole-archive)
zephyr/libzephyr.a(configs.c.obj)
                              (--whole-archive)
zephyr/libzephyr.a(soc.c.obj)
                              (--whole-archive)
zephyr/libzephyr.a(power.c.obj)
                              (--whole-archive)
zephyr/libzephyr.a(validate_base_addresses.c.obj)
                              (--whole-archive)
zephyr/libzephyr.a(validate_enabled_instances.c.obj)
                              (--whole-archive)
zephyr/libzephyr.a(log_minimal.c.obj)
                              (--whole-archive)
zephyr/libzephyr.a(power.c.obj)
                              (--whole-archive)
zephyr/libzephyr.a(pm_ctrl.c.obj)
                              (--whole-archive)
zephyr/libzephyr.a(policy_residency.c.obj)
                              (--whole-archive)
zephyr/libzephyr.a(uart_console.c.obj)
                              (--whole-archive)
zephyr/libzephyr.a(clock_control_nrf.c.obj)
                              (--whole-archive)
zephyr/libzephyr.a(sys_clock_init.c.obj)
                              (--whole-archive)
zephyr/libzephyr.a(nrf_rtc_timer.c.obj)
                              (--whole-archive)
zephyr/libzephyr.a(adp536x.c.obj)
                              (--whole-archive)
zephyr/libzephyr.a(spm.c.obj)
                              (--whole-archive)
zephyr/libzephyr.a(secure_services.c.obj)
                              (--whole-archive)
zephyr/libzephyr.a(flash_map_partition_manager.c.obj)
                              (--whole-archive)
zephyr/libzephyr.a(nrf_cc3xx_platform_abort_zephyr.c.obj)
                              (--whole-archive)
zephyr/libzephyr.a(nrf_cc3xx_platform_mutex_zephyr.c.obj)
                              (--whole-archive)
zephyr/arch/common/libarch__common.a(sw_isr_common.c.obj)
                              (--whole-archive)
zephyr/arch/arch/arm/core/aarch32/libarch__arm__core__aarch32.a(swap.c.obj)
                              (--whole-archive)
zephyr/arch/arch/arm/core/aarch32/libarch__arm__core__aarch32.a(swap_helper.S.obj)
                              (--whole-archive)
zephyr/arch/arch/arm/core/aarch32/libarch__arm__core__aarch32.a(irq_manage.c.obj)
                              (--whole-archive)
zephyr/arch/arch/arm/core/aarch32/libarch__arm__core__aarch32.a(thread.c.obj)
                              (--whole-archive)
zephyr/arch/arch/arm/core/aarch32/libarch__arm__core__aarch32.a(cpu_idle.S.obj)
                              (--whole-archive)
zephyr/arch/arch/arm/core/aarch32/libarch__arm__core__aarch32.a(fatal.c.obj)
                              (--whole-archive)
zephyr/arch/arch/arm/core/aarch32/libarch__arm__core__aarch32.a(nmi.c.obj)
                              (--whole-archive)
zephyr/arch/arch/arm/core/aarch32/libarch__arm__core__aarch32.a(nmi_on_reset.S.obj)
                              (--whole-archive)
zephyr/arch/arch/arm/core/aarch32/libarch__arm__core__aarch32.a(prep_c.c.obj)
[...]
Memory Configuration

Name             Origin             Length             Attributes
FLASH            0x0000c200         0x00010000         xr
SRAM             0x20000000         0x00010000         xw
IDT_LIST         0x20010000         0x00000800         xw
*default*        0x00000000         0xffffffff

Linker script and memory map

LOAD zephyr/CMakeFiles/zephyr_prebuilt.dir/misc/empty_file.c.obj
                0x00000020                _region_min_align = 0x20

.rel.plt        0x0000c200        0x0
 *(SORT_BY_ALIGNMENT(.rel.plt))
                [!provide]                PROVIDE (__rel_iplt_start = .)
 *(SORT_BY_ALIGNMENT(.rel.iplt))
 .rel.iplt      0x0000c200        0x0 app/libapp.a(main.c.obj)
                [!provide]                PROVIDE (__rel_iplt_end = .)

.rela.plt       0x00000000        0x0
 *(SORT_BY_ALIGNMENT(.rela.plt))
                [!provide]                PROVIDE (__rela_iplt_start = .)
 *(SORT_BY_ALIGNMENT(.rela.iplt))
                [!provide]                PROVIDE (__rela_iplt_end = .)

.rel.dyn
 *(SORT_BY_ALIGNMENT(.rel.*))

.rela.dyn
 *(SORT_BY_ALIGNMENT(.rela.*))

/DISCARD/
 *(SORT_BY_ALIGNMENT(.plt))
 *(SORT_BY_ALIGNMENT(.iplt))
 *(SORT_BY_ALIGNMENT(.got.plt))
 *(SORT_BY_ALIGNMENT(.igot.plt))
 *(SORT_BY_ALIGNMENT(.got))
 *(SORT_BY_ALIGNMENT(.igot))
 *(SORT_BY_ALIGNMENT(.note.GNU-stack))
                0x0000c200                _image_rom_start = 0xc200

rom_start       0x0000c200      0x23c
                0x00000000                . = 0x0
                0x00000000                . = ALIGN (0x4)
                0x00000000                . = ALIGN (0x80)
                0x00000000                . = ALIGN (0x200)
                0x0000c200                _vector_start = .
 *(SORT_BY_ALIGNMENT(.exc_vector_table))
 *(SORT_BY_ALIGNMENT(.exc_vector_table.*))
 .exc_vector_table._vector_table_section
                0x0000c200       0x40 zephyr/arch/arch/arm/core/aarch32/cortex_m/libarch__arm__core__aarch32__cortex_m.a(vector_table.S.obj)
                0x0000c200                _vector_table
 *(SORT_BY_ALIGNMENT(.gnu.linkonce.irq_vector_table*))
 .gnu.linkonce.irq_vector_table
                0x0000c240      0x104 zephyr/arch/common/libisr_tables.a(isr_tables.c.obj)
                0x0000c240                _irq_vector_table
 *(SORT_BY_ALIGNMENT(.vectors))
                0x0000c344                _vector_end = .
                0x00000200                . = 0x200
 *fill*         0x0000c344       0xbc 
                0x0000c400                _fw_info_start = .
 *(SORT_BY_NAME(SORT_BY_ALIGNMENT(.firmware_info*)))
 .firmware_info
                0x0000c400       0x3c modules/nrf/subsys/fw_info/lib..__nrf__subsys__fw_info.a(fw_info.c.obj)
                0x0000c400                m_firmware_info
                0x0000003c                _fw_info_size = ABSOLUTE ((. - _fw_info_start))

text            0x0000c43c     0x92c2
                0x0000c43c                _image_text_start = .
 *(SORT_BY_ALIGNMENT(.text))
 .text          0x0000c43c       0x30 c:/users/helo/v1.6.0/toolchain/opt/bin/../lib/gcc/arm-none-eabi/9.2.1/thumb/v8-m.main/nofp\libgcc.a(_aeabi_uldivmod.o)
                0x0000c43c                __aeabi_uldivmod
 .text          0x0000c46c      0x2c8 c:/users/helo/v1.6.0/toolchain/opt/bin/../lib/gcc/arm-none-eabi/9.2.1/thumb/v8-m.main/nofp\libgcc.a(_udivmoddi4.o)
                0x0000c46c                __udivmoddi4
 .text          0x0000c734        0x4 c:/users/helo/v1.6.0/toolchain/opt/bin/../lib/gcc/arm-none-eabi/9.2.1/thumb/v8-m.main/nofp\libgcc.a(_dvmd_tls.o)
                0x0000c734                __aeabi_idiv0
                0x0000c734                __aeabi_ldiv0
 .text          0x0000c738       0x2a c:/users/helo/v1.6.0/toolchain/opt/bin/../lib/gcc/arm-none-eabi/9.2.1/thumb/v8-m.main/nofp\libgcc.a(cmse_nonsecure_call.o)
                0x0000c738                __gnu_cmse_nonsecure_call
 *(SORT_BY_ALIGNMENT(.text.*))
 *fill*         0x0000c762        0x2 
 .text.sys_notify_finalize
                0x0000c764       0x3c zephyr/libzephyr.a(notify.c.obj)
                0x0000c764                sys_notify_finalize
 .text.char_out
                0x0000c7a0       0x10 zephyr/libzephyr.a(printk.c.obj)
 .text.__printk_hook_install
                0x0000c7b0        0xc zephyr/libzephyr.a(printk.c.obj)
                0x0000c7b0                __printk_hook_install
 .text.vprintk  0x0000c7bc       0x1c zephyr/libzephyr.a(printk.c.obj)
                0x0000c7bc                vprintk
 .text.process_event
                0x0000c7d8      0x374 zephyr/libzephyr.a(onoff.c.obj)
 .text.transition_complete
                0x0000cb4c       0x54 zephyr/libzephyr.a(onoff.c.obj)
 .text.onoff_request
                0x0000cba0      0x108 zephyr/libzephyr.a(onoff.c.obj)
                0x0000cba0                onoff_request
 .text.cbvprintf
                0x0000cca8      0x780 zephyr/libzephyr.a(cbprintf_complete.c.obj)
                0x0000cca8                cbvprintf
 .text.sys_reboot
                0x0000d428       0x30 zephyr/libzephyr.a(reboot.c.obj)
                0x0000d428                sys_reboot
 .text.nordicsemi_nrf91_init
                0x0000d458       0x28 zephyr/libzephyr.a(soc.c.obj)
 .text.arch_busy_wait
                0x0000d480       0x14 zephyr/libzephyr.a(soc.c.obj)
                0x0000d480                arch_busy_wait
 .text.pm_power_state_set
                0x0000d494       0x28 zephyr/libzephyr.a(power.c.obj)
                0x0000d494                pm_power_state_set
 .text.pm_state_notify
                0x0000d4bc       0x90 zephyr/libzephyr.a(power.c.obj)
 .text.pm_system_resume
                0x0000d54c       0x2c zephyr/libzephyr.a(power.c.obj)
                0x0000d54c                pm_system_resume
 .text.pm_system_suspend
                0x0000d578       0x94 zephyr/libzephyr.a(power.c.obj)
                0x0000d578                pm_system_suspend
 .text.uart_console_init
                0x0000d60c       0x2c zephyr/libzephyr.a(uart_console.c.obj)
 .text.console_out
                0x0000d638       0x28 zephyr/libzephyr.a(uart_console.c.obj)
 .text.onoff_start
                0x0000d660       0x4c zephyr/libzephyr.a(clock_control_nrf.c.obj)
 .text.get_status
                0x0000d6ac       0x34 zephyr/libzephyr.a(clock_control_nrf.c.obj)
 .text.stop     0x0000d6e0       0x78 zephyr/libzephyr.a(clock_control_nrf.c.obj)
 .text.onoff_stop
                0x0000d758       0x28 zephyr/libzephyr.a(clock_control_nrf.c.obj)
 .text.clk_init
                0x0000d780       0x60 zephyr/libzephyr.a(clock_control_nrf.c.obj)
 .text.clkstarted_handle.constprop.0
                0x0000d7e0       0x34 zephyr/libzephyr.a(clock_control_nrf.c.obj)
 .text.clock_event_handler
                0x0000d814       0x58 zephyr/libzephyr.a(clock_control_nrf.c.obj)
 .text.generic_hfclk_start
                0x0000d86c       0x64 zephyr/libzephyr.a(clock_control_nrf.c.obj)
 .text.generic_hfclk_stop
                0x0000d8d0       0x24 zephyr/libzephyr.a(clock_control_nrf.c.obj)
 .text.api_blocking_start
                0x0000d8f4       0x34 zephyr/libzephyr.a(clock_control_nrf.c.obj)
 .text.z_nrf_clock_control_lf_on
                0x0000d928      0x148 zephyr/libzephyr.a(clock_control_nrf.c.obj)
                0x0000d928                z_nrf_clock_control_lf_on
 .text.sys_clock_isr
                0x0000da70       0x24 zephyr/libzephyr.a(sys_clock_init.c.obj)
                0x0000da70                sys_clock_isr
 .text.sys_clock_timeout_handler
                0x0000da94       0x18 zephyr/libzephyr.a(nrf_rtc_timer.c.obj)
 .text.set_absolute_alarm
                0x0000daac       0x98 zephyr/libzephyr.a(nrf_rtc_timer.c.obj)
 .text.rtc_nrf_isr
                0x0000db44       0x50 zephyr/libzephyr.a(nrf_rtc_timer.c.obj)
                0x0000db44                rtc_nrf_isr
 .text.sys_clock_driver_init
                0x0000db94       0x54 zephyr/libzephyr.a(nrf_rtc_timer.c.obj)
                0x0000db94                sys_clock_driver_init
 .text.sys_clock_set_timeout
                0x0000dbe8       0x64 zephyr/libzephyr.a(nrf_rtc_timer.c.obj)
                0x0000dbe8                sys_clock_set_timeout
 .text.sys_clock_elapsed
                0x0000dc4c       0x1c zephyr/libzephyr.a(nrf_rtc_timer.c.obj)
                0x0000dc4c                sys_clock_elapsed
 .text.adp536x_reg_read
                0x0000dc68       0x3c zephyr/libzephyr.a(adp536x.c.obj)
 .text.adp536x_reg_write_mask
                0x0000dca4       0x50 zephyr/libzephyr.a(adp536x.c.obj)
 .text.adp536x_init
                0x0000dcf4       0x1c zephyr/libzephyr.a(adp536x.c.obj)
                0x0000dcf4                adp536x_init
 .text.__NVIC_DisableIRQ
                0x0000dd10       0x28 zephyr/libzephyr.a(spm.c.obj)
 .text.config_regions
                0x0000dd38       0xd8 zephyr/libzephyr.a(spm.c.obj)
 .text.spm_jump
                0x0000de10       0xc0 zephyr/libzephyr.a(spm.c.obj)
                0x0000de10                spm_jump
 .text.spm_config
                0x0000ded0      0x1cc zephyr/libzephyr.a(spm.c.obj)
                0x0000ded0                spm_config
 .text.fw_info_find
                0x0000e09c       0x48 zephyr/libzephyr.a(secure_services.c.obj)
 .text.spm_secure_services_init
                0x0000e0e4       0x10 zephyr/libzephyr.a(secure_services.c.obj)
                0x0000e0e4                spm_secure_services_init
 .text.spm_request_read_nse
                0x0000e0f4       0x74 zephyr/libzephyr.a(secure_services.c.obj)
                0x0000e0f4                __acle_se_spm_request_read_nse
 .text.spm_request_random_number_nse
                0x0000e168       0x48 zephyr/libzephyr.a(secure_services.c.obj)
                0x0000e168                __acle_se_spm_request_random_number_nse
 .text.spm_s0_active
                0x0000e1b0       0x7c zephyr/libzephyr.a(secure_services.c.obj)
                0x0000e1b0                __acle_se_spm_s0_active
 .text.nrf_cc3xx_platform_abort_init
                0x0000e22c        0xc zephyr/libzephyr.a(nrf_cc3xx_platform_abort_zephyr.c.obj)
                0x0000e22c                nrf_cc3xx_platform_abort_init
 .text.mutex_unlock_platform
                0x0000e238       0x44 zephyr/libzephyr.a(nrf_cc3xx_platform_mutex_zephyr.c.obj)
 .text.mutex_free_platform
                0x0000e27c       0x48 zephyr/libzephyr.a(nrf_cc3xx_platform_mutex_zephyr.c.obj)
 .text.mutex_init_platform
                0x0000e2c4       0x70 zephyr/libzephyr.a(nrf_cc3xx_platform_mutex_zephyr.c.obj)
 .text.mutex_lock_platform
                0x0000e334       0x50 zephyr/libzephyr.a(nrf_cc3xx_platform_mutex_zephyr.c.obj)
 .text.nrf_cc3xx_platform_mutex_init
                0x0000e384       0x2c zephyr/libzephyr.a(nrf_cc3xx_platform_mutex_zephyr.c.obj)
                0x0000e384                nrf_cc3xx_platform_mutex_init
 .text.arch_swap
                0x0000e3b0       0x34 zephyr/arch/arch/arm/core/aarch32/libarch__arm__core__aarch32.a(swap.c.obj)
                0x0000e3b0                arch_swap
 .text.z_arm_pendsv
                0x0000e3e4       0x58 zephyr/arch/arch/arm/core/aarch32/libarch__arm__core__aarch32.a(swap_helper.S.obj)
                0x0000e3e4                z_arm_pendsv
 .text.z_arm_svc
                0x0000e43c       0x20 zephyr/arch/arch/arm/core/aarch32/libarch__arm__core__aarch32.a(swap_helper.S.obj)
                0x0000e43c                z_arm_svc
 .text.arch_irq_enable
                0x0000e45c       0x20 zephyr/arch/arch/arm/core/aarch32/libarch__arm__core__aarch32.a(irq_manage.c.obj)
                0x0000e45c                arch_irq_enable
 .text.arch_irq_is_enabled
                0x0000e47c       0x1c zephyr/arch/arch/arm/core/aarch32/libarch__arm__core__aarch32.a(irq_manage.c.obj)
                0x0000e47c                arch_irq_is_enabled
 .text.z_arm_irq_priority_set
                0x0000e498       0x4c zephyr/arch/arch/arm/core/aarch32/libarch__arm__core__aarch32.a(irq_manage.c.obj)
                0x0000e498                z_arm_irq_priority_set
 .text.arch_new_thread
                0x0000e4e4       0x38 zephyr/arch/arch/arm/core/aarch32/libarch__arm__core__aarch32.a(thread.c.obj)
                0x0000e4e4                arch_new_thread
 .text.arch_switch_to_main_thread
                0x0000e51c       0x28 zephyr/arch/arch/arm/core/aarch32/libarch__arm__core__aarch32.a(thread.c.obj)
                0x0000e51c                arch_switch_to_main_thread
 .text.z_arm_cpu_idle_init
                0x0000e544        0xc zephyr/arch/arch/arm/core/aarch32/libarch__arm__core__aarch32.a(cpu_idle.S.obj)
                0x0000e544                z_arm_cpu_idle_init
 .text.arch_cpu_idle
                0x0000e550       0x1c zephyr/arch/arch/arm/core/aarch32/libarch__arm__core__aarch32.a(cpu_idle.S.obj)
                0x0000e550                arch_cpu_idle
 .text.arch_cpu_atomic_idle
                0x0000e56c       0x14 zephyr/arch/arch/arm/core/aarch32/libarch__arm__core__aarch32.a(cpu_idle.S.obj)
                0x0000e56c                arch_cpu_atomic_idle
 .text.z_arm_fatal_error
                0x0000e580       0x5c zephyr/arch/arch/arm/core/aarch32/libarch__arm__core__aarch32.a(fatal.c.obj)
                0x0000e580                z_arm_fatal_error
 .text.z_SysNmiOnReset
                0x0000e5dc        0x8 zephyr/arch/arch/arm/core/aarch32/libarch__arm__core__aarch32.a(nmi_on_reset.S.obj)
                0x0000e5dc                z_SysNmiOnReset
 .text.z_arm_prep_c
                0x0000e5e4       0x38 zephyr/arch/arch/arm/core/aarch32/libarch__arm__core__aarch32.a(prep_c.c.obj)
                0x0000e5e4                z_arm_prep_c
 .text._isr_wrapper
                0x0000e61c       0x40 zephyr/arch/arch/arm/core/aarch32/libarch__arm__core__aarch32.a(isr_wrapper.S.obj)
                0x0000e61c                _isr_wrapper
 .text._reset_section
                0x0000e65c       0x60 zephyr/arch/arch/arm/core/aarch32/cortex_m/libarch__arm__core__aarch32__cortex_m.a(reset.S.obj)
                0x0000e65c                __start
                0x0000e65c                z_arm_reset
 .text.__fault  0x0000e6bc       0x14 zephyr/arch/arch/arm/core/aarch32/cortex_m/libarch__arm__core__aarch32__cortex_m.a(fault_s.S.obj)
                0x0000e6bc                z_arm_bus_fault
                0x0000e6bc                z_arm_usage_fault
                0x0000e6bc                z_arm_mpu_fault
                0x0000e6bc                z_arm_exc_spurious
                0x0000e6bc                z_arm_debug_monitor
                0x0000e6bc                z_arm_hard_fault
                0x0000e6bc                z_arm_secure_fault
 .text.mem_manage_fault.isra.0
                0x0000e6d0       0xd8 zephyr/arch/arch/arm/core/aarch32/cortex_m/libarch__arm__core__aarch32__cortex_m.a(fault.c.obj)
 .text.bus_fault.isra.0
                0x0000e7a8       0xb4 zephyr/arch/arch/arm/core/aarch32/cortex_m/libarch__arm__core__aarch32__cortex_m.a(fault.c.obj)
 .text.usage_fault.isra.0
                0x0000e85c       0xac zephyr/arch/arch/arm/core/aarch32/cortex_m/libarch__arm__core__aarch32__cortex_m.a(fault.c.obj)
 .text.secure_fault.isra.0
                0x0000e908       0xa4 zephyr/arch/arch/arm/core/aarch32/cortex_m/libarch__arm__core__aarch32__cortex_m.a(fault.c.obj)
 .text.z_arm_fault
                0x0000e9ac      0x1d0 zephyr/arch/arch/arm/core/aarch32/cortex_m/libarch__arm__core__aarch32__cortex_m.a(fault.c.obj)
                0x0000e9ac                z_arm_fault
 .text.z_arm_fault_init
                0x0000eb7c       0x18 zephyr/arch/arch/arm/core/aarch32/cortex_m/libarch__arm__core__aarch32__cortex_m.a(fault.c.obj)
                0x0000eb7c                z_arm_fault_init
 .text._HandlerModeExit
                0x0000eb94       0x1c zephyr/arch/arch/arm/core/aarch32/cortex_m/libarch__arm__core__aarch32__cortex_m.a(exc_exit.S.obj)
                0x0000eb94                z_arm_int_exit
                0x0000eb94                z_arm_exc_exit
 .text.sys_arch_reboot
                0x0000ebb0       0x24 zephyr/arch/arch/arm/core/aarch32/cortex_m/libarch__arm__core__aarch32__cortex_m.a(scb.c.obj)
                0x0000ebb0                sys_arch_reboot
 .text.z_arm_clear_arm_mpu_config
                0x0000ebd4       0x20 zephyr/arch/arch/arm/core/aarch32/cortex_m/libarch__arm__core__aarch32__cortex_m.a(scb.c.obj)
                0x0000ebd4                z_arm_clear_arm_mpu_config
 .text.z_arm_init_arch_hw_at_boot
                0x0000ebf4       0x4c zephyr/arch/arch/arm/core/aarch32/cortex_m/libarch__arm__core__aarch32__cortex_m.a(scb.c.obj)
                0x0000ebf4                z_arm_init_arch_hw_at_boot
 .text.z_arm_interrupt_init
                0x0000ec40       0x18 zephyr/arch/arch/arm/core/aarch32/cortex_m/libarch__arm__core__aarch32__cortex_m.a(irq_init.c.obj)
                0x0000ec40                z_arm_interrupt_init
 .text.z_impl_k_thread_abort
                0x0000ec58       0x24 zephyr/arch/arch/arm/core/aarch32/cortex_m/libarch__arm__core__aarch32__cortex_m.a(thread_abort.c.obj)
                0x0000ec58                z_impl_k_thread_abort
 .text.tz_nonsecure_state_setup
                0x0000ec7c       0x38 zephyr/arch/arch/arm/core/aarch32/cortex_m/tz/libarch__arm__core__aarch32__cortex_m__tz.a(arm_core_tz.c.obj)
                0x0000ec7c                tz_nonsecure_state_setup
 .text.tz_nbanked_exception_target_state_set
                0x0000ecb4       0x28 zephyr/arch/arch/arm/core/aarch32/cortex_m/tz/libarch__arm__core__aarch32__cortex_m__tz.a(arm_core_tz.c.obj)
                0x0000ecb4                tz_nbanked_exception_target_state_set
 .text.tz_nonsecure_exception_prio_config
                0x0000ecdc       0x28 zephyr/arch/arch/arm/core/aarch32/cortex_m/tz/libarch__arm__core__aarch32__cortex_m__tz.a(arm_core_tz.c.obj)
                0x0000ecdc                tz_nonsecure_exception_prio_config
 .text.tz_nonsecure_system_reset_req_block
                0x0000ed04       0x28 zephyr/arch/arch/arm/core/aarch32/cortex_m/tz/libarch__arm__core__aarch32__cortex_m__tz.a(arm_core_tz.c.obj)
                0x0000ed04                tz_nonsecure_system_reset_req_block
 .text.tz_nonsecure_fpu_access_enable
                0x0000ed2c       0x14 zephyr/arch/arch/arm/core/aarch32/cortex_m/tz/libarch__arm__core__aarch32__cortex_m__tz.a(arm_core_tz.c.obj)
                0x0000ed2c                tz_nonsecure_fpu_access_enable
 .text.tz_sau_configure
                0x0000ed40       0x28 zephyr/arch/arch/arm/core/aarch32/cortex_m/tz/libarch__arm__core__aarch32__cortex_m__tz.a(arm_core_tz.c.obj)
                0x0000ed40                tz_sau_configure
 .text.z_arm_configure_static_mpu_regions
                0x0000ed68       0x38 zephyr/arch/arch/arm/core/aarch32/mpu/libarch__arm__core__aarch32__mpu.a(arm_core_mpu.c.obj)
                0x0000ed68                z_arm_configure_static_mpu_regions
 .text.region_init
                0x0000eda0       0x30 zephyr/arch/arch/arm/core/aarch32/mpu/libarch__arm__core__aarch32__mpu.a(arm_mpu.c.obj)
 .text.mpu_configure_region
                0x0000edd0       0x50 zephyr/arch/arch/arm/core/aarch32/mpu/libarch__arm__core__aarch32__mpu.a(arm_mpu.c.obj)
 .text.mpu_configure_regions_and_partition.constprop.0
                0x0000ee20      0x168 zephyr/arch/arch/arm/core/aarch32/mpu/libarch__arm__core__aarch32__mpu.a(arm_mpu.c.obj)
 .text.arm_core_mpu_enable
                0x0000ef88       0x14 zephyr/arch/arch/arm/core/aarch32/mpu/libarch__arm__core__aarch32__mpu.a(arm_mpu.c.obj)
                0x0000ef88                arm_core_mpu_enable
 .text.arm_core_mpu_disable
                0x0000ef9c       0x10 zephyr/arch/arch/arm/core/aarch32/mpu/libarch__arm__core__aarch32__mpu.a(arm_mpu.c.obj)
                0x0000ef9c                arm_core_mpu_disable
 .text.arm_core_mpu_configure_static_mpu_regions
                0x0000efac       0x38 zephyr/arch/arch/arm/core/aarch32/mpu/libarch__arm__core__aarch32__mpu.a(arm_mpu.c.obj)
                0x0000efac                arm_core_mpu_configure_static_mpu_regions
 .text.arm_core_mpu_mark_areas_for_dynamic_regions
                0x0000efe4       0xd0 zephyr/arch/arch/arm/core/aarch32/mpu/libarch__arm__core__aarch32__mpu.a(arm_mpu.c.obj)
                0x0000efe4                arm_core_mpu_mark_areas_for_dynamic_regions
 .text.z_arm_mpu_init
                0x0000f0b4       0x88 zephyr/arch/arch/arm/core/aarch32/mpu/libarch__arm__core__aarch32__mpu.a(arm_mpu.c.obj)
                0x0000f0b4                z_arm_mpu_init
 .text.__stdout_hook_install
                0x0000f13c        0xc zephyr/lib/libc/minimal/liblib__libc__minimal.a(stdout_console.c.obj)
                0x0000f13c                __stdout_hook_install
 .text.thingy91_board_init
                0x0000f148       0xd4 zephyr/boards/boards/arm/thingy91_nrf9160/lib..__nrf__boards__arm__thingy91_nrf9160.a(board_secure.c.obj)
 .text.twim_2_init
                0x0000f21c       0x44 zephyr/drivers/i2c/libdrivers__i2c.a(i2c_nrfx_twim.c.obj)
 .text.i2c_nrfx_twim_configure
                0x0000f260       0x40 zephyr/drivers/i2c/libdrivers__i2c.a(i2c_nrfx_twim.c.obj)
 .text.event_handler
                0x0000f2a0       0x34 zephyr/drivers/i2c/libdrivers__i2c.a(i2c_nrfx_twim.c.obj)
 .text.i2c_nrfx_twim_transfer
                0x0000f2d4      0x1ac zephyr/drivers/i2c/libdrivers__i2c.a(i2c_nrfx_twim.c.obj)
 .text.uarte_nrfx_configure
                0x0000f480      0x16c zephyr/drivers/serial/libdrivers__serial.a(uart_nrfx_uarte.c.obj)
 .text.nrf_gpio_pin_port_decode
                0x0000f5ec       0x64 zephyr/drivers/serial/libdrivers__serial.a(uart_nrfx_uarte.c.obj)
 .text.uarte_nrfx_poll_out
                0x0000f650       0xc4 zephyr/drivers/serial/libdrivers__serial.a(uart_nrfx_uarte.c.obj)
 .text.uarte_0_init
                0x0000f714       0x30 zephyr/drivers/serial/libdrivers__serial.a(uart_nrfx_uarte.c.obj)
 .text.uarte_1_init
                0x0000f744       0x30 zephyr/drivers/serial/libdrivers__serial.a(uart_nrfx_uarte.c.obj)
 .text.entropy_cc3xx_rng_get_entropy
                0x0000f774       0x80 zephyr/drivers/entropy/libdrivers__entropy.a(entropy_cc310.c.obj)
 .text.entropy_cc3xx_rng_init
                0x0000f7f4       0x1c zephyr/drivers/entropy/libdrivers__entropy.a(entropy_cc310.c.obj)
 .text.k_sys_fatal_error_handler
                0x0000f810       0x14 modules/nrf/lib/fatal_error/lib..__nrf__lib__fatal_error.a(fatal_error.c.obj)
                0x0000f810                k_sys_fatal_error_handler
 .text.check_ext_api_requests
                0x0000f824       0x9c modules/nrf/subsys/fw_info/lib..__nrf__subsys__fw_info.a(fw_info.c.obj)
 .text.nrf91_errata_14
                0x0000f8c0       0x1c modules/hal_nordic/nrfx/libmodules__hal_nordic__nrfx.a(system_nrf9160.c.obj)
 .text.SystemInit
                0x0000f8dc      0x160 modules/hal_nordic/nrfx/libmodules__hal_nordic__nrfx.a(system_nrf9160.c.obj)
                0x0000f8dc                SystemInit
 .text.nrf_clock_is_running.constprop.0
                0x0000fa3c       0x64 modules/hal_nordic/nrfx/libmodules__hal_nordic__nrfx.a(nrfx_clock.c.obj)
 .text.nrfx_clock_init
                0x0000faa0       0x40 modules/hal_nordic/nrfx/libmodules__hal_nordic__nrfx.a(nrfx_clock.c.obj)
                0x0000faa0                nrfx_clock_init
 .text.nrfx_clock_enable
                0x0000fae0       0x3c modules/hal_nordic/nrfx/libmodules__hal_nordic__nrfx.a(nrfx_clock.c.obj)
                0x0000fae0                nrfx_clock_enable
 .text.nrfx_clock_start
                0x0000fb1c       0xa0 modules/hal_nordic/nrfx/libmodules__hal_nordic__nrfx.a(nrfx_clock.c.obj)
                0x0000fb1c                nrfx_clock_start
 .text.nrfx_clock_stop
                0x0000fbbc       0xcc modules/hal_nordic/nrfx/libmodules__hal_nordic__nrfx.a(nrfx_clock.c.obj)
                0x0000fbbc                nrfx_clock_stop
 .text.nrfx_power_clock_irq_handler
                0x0000fc88       0x68 modules/hal_nordic/nrfx/libmodules__hal_nordic__nrfx.a(nrfx_clock.c.obj)
                0x0000fc88                nrfx_power_clock_irq_handler
 .text.nrf_gpio_pin_port_decode
                0x0000fcf0       0x64 modules/hal_nordic/nrfx/libmodules__hal_nordic__nrfx.a(nrfx_twim.c.obj)
 .text.nrfx_twim_init
                0x0000fd54       0xe8 modules/hal_nordic/nrfx/libmodules__hal_nordic__nrfx.a(nrfx_twim.c.obj)
                0x0000fd54                nrfx_twim_init
 .text.nrfx_twim_enable
                0x0000fe3c       0x50 modules/hal_nordic/nrfx/libmodules__hal_nordic__nrfx.a(nrfx_twim.c.obj)
                0x0000fe3c                nrfx_twim_enable
 .text.nrfx_twim_disable
                0x0000fe8c       0x68 modules/hal_nordic/nrfx/libmodules__hal_nordic__nrfx.a(nrfx_twim.c.obj)
                0x0000fe8c                nrfx_twim_disable
 .text.nrfx_twim_xfer
                0x0000fef4      0x3d4 modules/hal_nordic/nrfx/libmodules__hal_nordic__nrfx.a(nrfx_twim.c.obj)
                0x0000fef4                nrfx_twim_xfer
 .text.nrfx_twim_2_irq_handler
                0x000102c8      0x1a8 modules/hal_nordic/nrfx/libmodules__hal_nordic__nrfx.a(nrfx_twim.c.obj)
                0x000102c8                nrfx_twim_2_irq_handler
 .text.nrf_gpio_pin_port_decode
                0x00010470       0x64 modules/hal_nordic/nrfx/libmodules__hal_nordic__nrfx.a(nrfx_twi_twim.c.obj)
 .text.nrfx_twi_twim_bus_recover
                0x000104d4       0xbc modules/hal_nordic/nrfx/libmodules__hal_nordic__nrfx.a(nrfx_twi_twim.c.obj)
                0x000104d4                nrfx_twi_twim_bus_recover
 .text.z_sys_init_run_level
                0x00010590       0x40 zephyr/kernel/libkernel.a(device.c.obj)
                0x00010590                z_sys_init_run_level
 .text.z_impl_device_get_binding
                0x000105d0       0x58 zephyr/kernel/libkernel.a(device.c.obj)
                0x000105d0                z_impl_device_get_binding
 .text.z_fatal_error
                0x00010628       0xb8 zephyr/kernel/libkernel.a(fatal.c.obj)
                0x00010628                z_fatal_error
 .text.z_bss_zero
                0x000106e0       0x14 zephyr/kernel/libkernel.a(init.c.obj)
                0x000106e0                z_bss_zero
 .text.bg_thread_main
                0x000106f4       0x34 zephyr/kernel/libkernel.a(init.c.obj)
 .text.z_cstart
                0x00010728      0x12c zephyr/kernel/libkernel.a(init.c.obj)
                0x00010728                z_cstart
 .text.init_mem_slab_module
                0x00010854       0x68 zephyr/kernel/libkernel.a(mem_slab.c.obj)
 .text.k_mem_slab_alloc
                0x000108bc       0xb4 zephyr/kernel/libkernel.a(mem_slab.c.obj)
                0x000108bc                k_mem_slab_alloc
 .text.k_mem_slab_free
                0x00010970       0xa4 zephyr/kernel/libkernel.a(mem_slab.c.obj)
                0x00010970                k_mem_slab_free
 .text.z_setup_new_thread
                0x00010a14       0xa8 zephyr/kernel/libkernel.a(thread.c.obj)
                0x00010a14                z_setup_new_thread
 .text.z_init_static_threads
                0x00010abc      0x100 zephyr/kernel/libkernel.a(thread.c.obj)
                0x00010abc                z_init_static_threads
 .text.z_spin_lock_valid
                0x00010bbc       0x1c zephyr/kernel/libkernel.a(thread.c.obj)
                0x00010bbc                z_spin_lock_valid
 .text.z_spin_unlock_valid
                0x00010bd8       0x1c zephyr/kernel/libkernel.a(thread.c.obj)
                0x00010bd8                z_spin_unlock_valid
 .text.z_spin_lock_set_owner
                0x00010bf4       0x10 zephyr/kernel/libkernel.a(thread.c.obj)
                0x00010bf4                z_spin_lock_set_owner
 .text.idle     0x00010c04       0x2c zephyr/kernel/libkernel.a(idle.c.obj)
                0x00010c04                idle
 .text.z_impl_k_mutex_lock
                0x00010c30      0x1a4 zephyr/kernel/libkernel.a(mutex.c.obj)
                0x00010c30                z_impl_k_mutex_lock
 .text.z_impl_k_mutex_unlock
                0x00010dd4      0x138 zephyr/kernel/libkernel.a(mutex.c.obj)
                0x00010dd4                z_impl_k_mutex_unlock
 .text.z_impl_k_sem_give
                0x00010f0c       0x6c zephyr/kernel/libkernel.a(sem.c.obj)
                0x00010f0c                z_impl_k_sem_give
 .text.z_impl_k_sem_take
                0x00010f78       0xd4 zephyr/kernel/libkernel.a(sem.c.obj)
                0x00010f78                z_impl_k_sem_take
 .text.z_reset_time_slice
                0x0001104c       0x2c zephyr/kernel/libkernel.a(sched.c.obj)
                0x0001104c                z_reset_time_slice
 .text.k_sched_time_slice_set
                0x00011078       0xa8 zephyr/kernel/libkernel.a(sched.c.obj)
                0x00011078                k_sched_time_slice_set
 .text.z_reschedule
                0x00011120       0x6c zephyr/kernel/libkernel.a(sched.c.obj)
                0x00011120                z_reschedule
 .text.k_sched_lock
                0x0001118c       0xa8 zephyr/kernel/libkernel.a(sched.c.obj)
                0x0001118c                k_sched_lock
 .text.z_priq_dumb_remove
                0x00011234       0x3c zephyr/kernel/libkernel.a(sched.c.obj)
                0x00011234                z_priq_dumb_remove
 .text.unpend_thread_no_timeout
                0x00011270       0x3c zephyr/kernel/libkernel.a(sched.c.obj)
 .text.update_cache
                0x000112ac       0x60 zephyr/kernel/libkernel.a(sched.c.obj)
 .text.unready_thread
                0x0001130c       0x38 zephyr/kernel/libkernel.a(sched.c.obj)
 .text.add_to_waitq_locked
                0x00011344       0x84 zephyr/kernel/libkernel.a(sched.c.obj)
 .text.pend     0x000113c8       0x98 zephyr/kernel/libkernel.a(sched.c.obj)
 .text.z_pend_curr
                0x00011460       0x4c zephyr/kernel/libkernel.a(sched.c.obj)
                0x00011460                z_pend_curr
 .text.z_impl_k_thread_suspend
                0x000114ac       0xb0 zephyr/kernel/libkernel.a(sched.c.obj)
                0x000114ac                z_impl_k_thread_suspend
 .text.k_sched_unlock
                0x0001155c       0xb8 zephyr/kernel/libkernel.a(sched.c.obj)
                0x0001155c                k_sched_unlock
 .text.move_thread_to_end_of_prio_q
                0x00011614       0xac zephyr/kernel/libkernel.a(sched.c.obj)
 .text.z_time_slice
                0x000116c0       0xcc zephyr/kernel/libkernel.a(sched.c.obj)
                0x000116c0                z_time_slice
 .text.ready_thread
                0x0001178c       0xa0 zephyr/kernel/libkernel.a(sched.c.obj)
 .text.z_ready_thread
                0x0001182c       0x6c zephyr/kernel/libkernel.a(sched.c.obj)
                0x0001182c                z_ready_thread
 .text.z_sched_start
                0x00011898       0x84 zephyr/kernel/libkernel.a(sched.c.obj)
                0x00011898                z_sched_start
 .text.z_thread_timeout
                0x0001191c       0x90 zephyr/kernel/libkernel.a(sched.c.obj)
                0x0001191c                z_thread_timeout
 .text.z_set_prio
                0x000119ac      0x114 zephyr/kernel/libkernel.a(sched.c.obj)
                0x000119ac                z_set_prio
 .text.z_unpend_first_thread
                0x00011ac0       0x7c zephyr/kernel/libkernel.a(sched.c.obj)
                0x00011ac0                z_unpend_first_thread
 .text.z_sched_init
                0x00011b3c       0x18 zephyr/kernel/libkernel.a(sched.c.obj)
                0x00011b3c                z_sched_init
 .text.z_impl_k_yield
                0x00011b54      0x128 zephyr/kernel/libkernel.a(sched.c.obj)
                0x00011b54                z_impl_k_yield
 .text.z_tick_sleep
                0x00011c7c      0x100 zephyr/kernel/libkernel.a(sched.c.obj)
 .text.z_impl_k_sleep
                0x00011d7c       0x60 zephyr/kernel/libkernel.a(sched.c.obj)
                0x00011d7c                z_impl_k_sleep
 .text.z_impl_k_current_get
                0x00011ddc        0xc zephyr/kernel/libkernel.a(sched.c.obj)
                0x00011ddc                z_impl_k_current_get
 .text.z_thread_abort
                0x00011de8      0x128 zephyr/kernel/libkernel.a(sched.c.obj)
                0x00011de8                z_thread_abort
 .text.z_data_copy
                0x00011f10       0x34 zephyr/kernel/libkernel.a(xip.c.obj)
                0x00011f10                z_data_copy
 .text.elapsed  0x00011f44       0x14 zephyr/kernel/libkernel.a(timeout.c.obj)
 .text.remove_timeout
                0x00011f58       0x34 zephyr/kernel/libkernel.a(timeout.c.obj)
 .text.next_timeout
                0x00011f8c       0x58 zephyr/kernel/libkernel.a(timeout.c.obj)
 .text.z_add_timeout
                0x00011fe4      0x174 zephyr/kernel/libkernel.a(timeout.c.obj)
                0x00011fe4                z_add_timeout
 .text.z_abort_timeout
                0x00012158       0x78 zephyr/kernel/libkernel.a(timeout.c.obj)
                0x00012158                z_abort_timeout
 .text.z_get_next_timeout_expiry
                0x000121d0       0x6c zephyr/kernel/libkernel.a(timeout.c.obj)
                0x000121d0                z_get_next_timeout_expiry
 .text.z_set_timeout_expiry
                0x0001223c       0x7c zephyr/kernel/libkernel.a(timeout.c.obj)
                0x0001223c                z_set_timeout_expiry
 .text.sys_clock_announce
                0x000122b8      0x168 zephyr/kernel/libkernel.a(timeout.c.obj)
                0x000122b8                sys_clock_announce
 .text.sys_clock_tick_get
                0x00012420       0x7c zephyr/kernel/libkernel.a(timeout.c.obj)
                0x00012420                sys_clock_tick_get
 .text.boot_banner
                0x0001249c       0x18 zephyr/kernel/libkernel.a(banner.c.obj)
                0x0001249c                boot_banner
 .text.nrf_cc3xx_platform_init
                0x000124b4       0x44 C:/Users/helo/v1.6.0/nrfxlib/crypto/nrf_cc310_platform/lib/cortex-m33/soft-float/no-interrupts/libnrf_cc310_platform_0.9.10.a(nrf_cc3xx_platform.c.obj)
                0x000124b4                nrf_cc3xx_platform_init
 .text.nrf_cc3xx_platform_abort
                0x000124f8       0x24 C:/Users/helo/v1.6.0/nrfxlib/crypto/nrf_cc310_platform/lib/cortex-m33/soft-float/no-interrupts/libnrf_cc310_platform_0.9.10.a(nrf_cc3xx_platform_abort.c.obj)
 .text.CC_PalAbort
                0x0001251c       0x38 C:/Users/helo/v1.6.0/nrfxlib/crypto/nrf_cc310_platform/lib/cortex-m33/soft-float/no-interrupts/libnrf_cc310_platform_0.9.10.a(nrf_cc3xx_platform_abort.c.obj)
                0x0001251c                CC_PalAbort
 .text.nrf_cc3xx_platform_set_abort
                0x00012554       0x10 C:/Users/helo/v1.6.0/nrfxlib/crypto/nrf_cc310_platform/lib/cortex-m33/soft-float/no-interrupts/libnrf_cc310_platform_0.9.10.a(nrf_cc3xx_platform_abort.c.obj)
                0x00012554                nrf_cc3xx_platform_set_abort
 .text.nrf_cc3xx_platform_ctr_drbg_init
                0x00012564       0x68 C:/Users/helo/v1.6.0/nrfxlib/crypto/nrf_cc310_platform/lib/cortex-m33/soft-float/no-interrupts/libnrf_cc310_platform_0.9.10.a(nrf_cc3xx_platform_ctr_drbg.c.obj)
                0x00012564                nrf_cc3xx_platform_ctr_drbg_init
 .text.nrf_cc3xx_platform_ctr_drbg_get
                0x000125cc       0x44 C:/Users/helo/v1.6.0/nrfxlib/crypto/nrf_cc310_platform/lib/cortex-m33/soft-float/no-interrupts/libnrf_cc310_platform_0.9.10.a(nrf_cc3xx_platform_ctr_drbg.c.obj)
                0x000125cc                nrf_cc3xx_platform_ctr_drbg_get
 .text.mutex_unlock
                0x00012610       0x20 C:/Users/helo/v1.6.0/nrfxlib/crypto/nrf_cc310_platform/lib/cortex-m33/soft-float/no-interrupts/libnrf_cc310_platform_0.9.10.a(nrf_cc3xx_platform_mutex.c.obj)
 .text.mutex_free
                0x00012630       0x24 C:/Users/helo/v1.6.0/nrfxlib/crypto/nrf_cc310_platform/lib/cortex-m33/soft-float/no-interrupts/libnrf_cc310_platform_0.9.10.a(nrf_cc3xx_platform_mutex.c.obj)
 .text.mutex_init
                0x00012654       0x20 C:/Users/helo/v1.6.0/nrfxlib/crypto/nrf_cc310_platform/lib/cortex-m33/soft-float/no-interrupts/libnrf_cc310_platform_0.9.10.a(nrf_cc3xx_platform_mutex.c.obj)
 .text.mutex_lock
                0x00012674       0x30 C:/Users/helo/v1.6.0/nrfxlib/crypto/nrf_cc310_platform/lib/cortex-m33/soft-float/no-interrupts/libnrf_cc310_platform_0.9.10.a(nrf_cc3xx_platform_mutex.c.obj)
 .text.nrf_cc3xx_platform_set_mutexes
                0x000126a4       0x38 C:/Users/helo/v1.6.0/nrfxlib/crypto/nrf_cc310_platform/lib/cortex-m33/soft-float/no-interrupts/libnrf_cc310_platform_0.9.10.a(nrf_cc3xx_platform_mutex.c.obj)
                0x000126a4                nrf_cc3xx_platform_set_mutexes
 .text.entropy_update
                0x000126dc       0x7c C:/Users/helo/v1.6.0/nrfxlib/crypto/nrf_cc310_platform/lib/cortex-m33/soft-float/no-interrupts/libnrf_cc310_platform_0.9.10.a(entropy.c.obj)
 .text.entropy_gather_internal.part.0
                0x00012758       0x78 C:/Users/helo/v1.6.0/nrfxlib/crypto/nrf_cc310_platform/lib/cortex-m33/soft-float/no-interrupts/libnrf_cc310_platform_0.9.10.a(entropy.c.obj)
 .text.cc_mbedtls_entropy_init
                0x000127d0       0x80 C:/Users/helo/v1.6.0/nrfxlib/crypto/nrf_cc310_platform/lib/cortex-m33/soft-float/no-interrupts/libnrf_cc310_platform_0.9.10.a(entropy.c.obj)
                0x000127d0                cc_mbedtls_entropy_init
 .text.cc_mbedtls_entropy_func
                0x00012850      0x10c C:/Users/helo/v1.6.0/nrfxlib/crypto/nrf_cc310_platform/lib/cortex-m33/soft-float/no-interrupts/libnrf_cc310_platform_0.9.10.a(entropy.c.obj)
                0x00012850                cc_mbedtls_entropy_func
 .text.RndStartupTest.constprop.0
                0x0001295c       0x9c C:/Users/helo/v1.6.0/nrfxlib/crypto/nrf_cc310_platform/lib/cortex-m33/soft-float/no-interrupts/libnrf_cc310_platform_0.9.10.a(cc_lib.c.obj)
 .text.CC_LibInit
                0x000129f8       0xb0 C:/Users/helo/v1.6.0/nrfxlib/crypto/nrf_cc310_platform/lib/cortex-m33/soft-float/no-interrupts/libnrf_cc310_platform_0.9.10.a(cc_lib.c.obj)
                0x000129f8                CC_LibInit
 .text.CC_HalInit
                0x00012aa8        0x4 C:/Users/helo/v1.6.0/nrfxlib/crypto/nrf_cc310_platform/lib/cortex-m33/soft-float/no-interrupts/libnrf_cc310_platform_0.9.10.a(cc_hal.c.obj)
                0x00012aa8                CC_HalInit
 .text.CC_HalTerminate
                0x00012aac        0x4 C:/Users/helo/v1.6.0/nrfxlib/crypto/nrf_cc310_platform/lib/cortex-m33/soft-float/no-interrupts/libnrf_cc310_platform_0.9.10.a(cc_hal.c.obj)
                0x00012aac                CC_HalTerminate
 .text.CC_HalClearInterruptBit
                0x00012ab0       0x1c C:/Users/helo/v1.6.0/nrfxlib/crypto/nrf_cc310_platform/lib/cortex-m33/soft-float/no-interrupts/libnrf_cc310_platform_0.9.10.a(cc_hal.c.obj)
                0x00012ab0                CC_HalClearInterruptBit
 .text.CC_HalMaskInterrupt
                0x00012acc        0xc C:/Users/helo/v1.6.0/nrfxlib/crypto/nrf_cc310_platform/lib/cortex-m33/soft-float/no-interrupts/libnrf_cc310_platform_0.9.10.a(cc_hal.c.obj)
                0x00012acc                CC_HalMaskInterrupt
 .text.CC_HalWaitInterrupt
                0x00012ad8        0xc C:/Users/helo/v1.6.0/nrfxlib/crypto/nrf_cc310_platform/lib/cortex-m33/soft-float/no-interrupts/libnrf_cc310_platform_0.9.10.a(cc_hal.c.obj)
                0x00012ad8                CC_HalWaitInterrupt
 .text.CC_HalWaitInterruptRND
                0x00012ae4        0xc C:/Users/helo/v1.6.0/nrfxlib/crypto/nrf_cc310_platform/lib/cortex-m33/soft-float/no-interrupts/libnrf_cc310_platform_0.9.10.a(cc_hal.c.obj)
                0x00012ae4                CC_HalWaitInterruptRND
 .text.CC_PalInit
                0x00012af0       0x5c C:/Users/helo/v1.6.0/nrfxlib/crypto/nrf_cc310_platform/lib/cortex-m33/soft-float/no-interrupts/libnrf_cc310_platform_0.9.10.a(cc_pal.c.obj)
                0x00012af0                CC_PalInit
 .text.CC_PalTerminate
                0x00012b4c       0x34 C:/Users/helo/v1.6.0/nrfxlib/crypto/nrf_cc310_platform/lib/cortex-m33/soft-float/no-interrupts/libnrf_cc310_platform_0.9.10.a(cc_pal.c.obj)
                0x00012b4c                CC_PalTerminate
 .text.CC_PalDmaInit
                0x00012b80        0x4 C:/Users/helo/v1.6.0/nrfxlib/crypto/nrf_cc310_platform/lib/cortex-m33/soft-float/no-interrupts/libnrf_cc310_platform_0.9.10.a(cc_pal_dma.c.obj)
                0x00012b80                CC_PalDmaInit
 .text.CC_PalDmaTerminate
                0x00012b84        0x4 C:/Users/helo/v1.6.0/nrfxlib/crypto/nrf_cc310_platform/lib/cortex-m33/soft-float/no-interrupts/libnrf_cc310_platform_0.9.10.a(cc_pal_dma.c.obj)
                0x00012b84                CC_PalDmaTerminate
 .text.CC_PalWaitInterruptRND
                0x00012b88       0x30 C:/Users/helo/v1.6.0/nrfxlib/crypto/nrf_cc310_platform/lib/cortex-m33/soft-float/no-interrupts/libnrf_cc310_platform_0.9.10.a(cc_pal_interrupt_ctrl.c.obj)
                0x00012b88                CC_PalWaitInterruptRND
 .text.CC_PalWaitInterrupt
                0x00012bb8       0x1c C:/Users/helo/v1.6.0/nrfxlib/crypto/nrf_cc310_platform/lib/cortex-m33/soft-float/no-interrupts/libnrf_cc310_platform_0.9.10.a(cc_pal_interrupt_ctrl.c.obj)
                0x00012bb8                CC_PalWaitInterrupt
 .text.CC_PalMutexCreate
                0x00012bd4       0x14 C:/Users/helo/v1.6.0/nrfxlib/crypto/nrf_cc310_platform/lib/cortex-m33/soft-float/no-interrupts/libnrf_cc310_platform_0.9.10.a(cc_pal_mutex.c.obj)
                0x00012bd4                CC_PalMutexCreate
 .text.CC_PalMutexDestroy
                0x00012be8       0x14 C:/Users/helo/v1.6.0/nrfxlib/crypto/nrf_cc310_platform/lib/cortex-m33/soft-float/no-interrupts/libnrf_cc310_platform_0.9.10.a(cc_pal_mutex.c.obj)
                0x00012be8                CC_PalMutexDestroy
 .text.CC_PalMutexLock
                0x00012bfc       0x10 C:/Users/helo/v1.6.0/nrfxlib/crypto/nrf_cc310_platform/lib/cortex-m33/soft-float/no-interrupts/libnrf_cc310_platform_0.9.10.a(cc_pal_mutex.c.obj)
                0x00012bfc                CC_PalMutexLock
 .text.CC_PalMutexUnlock
                0x00012c0c       0x14 C:/Users/helo/v1.6.0/nrfxlib/crypto/nrf_cc310_platform/lib/cortex-m33/soft-float/no-interrupts/libnrf_cc310_platform_0.9.10.a(cc_pal_mutex.c.obj)
                0x00012c0c                CC_PalMutexUnlock
 .text.CC_PalPowerSaveModeInit
                0x00012c20       0x3c C:/Users/helo/v1.6.0/nrfxlib/crypto/nrf_cc310_platform/lib/cortex-m33/soft-float/no-interrupts/libnrf_cc310_platform_0.9.10.a(cc_pal_pm.c.obj)
                0x00012c20                CC_PalPowerSaveModeInit
 .text.CC_PalPowerSaveModeSelect
                0x00012c5c       0x84 C:/Users/helo/v1.6.0/nrfxlib/crypto/nrf_cc310_platform/lib/cortex-m33/soft-float/no-interrupts/libnrf_cc310_platform_0.9.10.a(cc_pal_pm.c.obj)
                0x00012c5c                CC_PalPowerSaveModeSelect
 .text.mutex_init
                0x00012ce0        0xc C:/Users/helo/v1.6.0/nrfxlib/crypto/nrf_cc310_platform/lib/cortex-m33/soft-float/no-interrupts/libnrf_cc310_platform_0.9.10.a(threading_alt.c.obj)
                0x00012ce0                mutex_init
 .text.mutex_lock
                0x00012cec        0xc C:/Users/helo/v1.6.0/nrfxlib/crypto/nrf_cc310_platform/lib/cortex-m33/soft-float/no-interrupts/libnrf_cc310_platform_0.9.10.a(threading_alt.c.obj)
                0x00012cec                mutex_lock
 .text.mutex_unlock
                0x00012cf8        0xc C:/Users/helo/v1.6.0/nrfxlib/crypto/nrf_cc310_platform/lib/cortex-m33/soft-float/no-interrupts/libnrf_cc310_platform_0.9.10.a(threading_alt.c.obj)
                0x00012cf8                mutex_unlock
 .text.startTrngHW
                0x00012d04      0x150 C:/Users/helo/v1.6.0/nrfxlib/crypto/nrf_cc310_platform/lib/cortex-m33/soft-float/no-interrupts/libnrf_cc310_platform_0.9.10.a(llf_rnd_trng90b.c.obj)
 .text.LLF_RND_RepetitionCounterTest.part.0
                0x00012e54       0x58 C:/Users/helo/v1.6.0/nrfxlib/crypto/nrf_cc310_platform/lib/cortex-m33/soft-float/no-interrupts/libnrf_cc310_platform_0.9.10.a(llf_rnd_trng90b.c.obj)
 .text.LLF_RND_AdaptiveProportionTest
                0x00012eac       0xcc C:/Users/helo/v1.6.0/nrfxlib/crypto/nrf_cc310_platform/lib/cortex-m33/soft-float/no-interrupts/libnrf_cc310_platform_0.9.10.a(llf_rnd_trng90b.c.obj)
                0x00012eac                LLF_RND_AdaptiveProportionTest
 .text.getTrngSource
                0x00012f78      0x2d4 C:/Users/helo/v1.6.0/nrfxlib/crypto/nrf_cc310_platform/lib/cortex-m33/soft-float/no-interrupts/libnrf_cc310_platform_0.9.10.a(llf_rnd_trng90b.c.obj)
 .text.LLF_RND_GetTrngSource
                0x0001324c       0x18 C:/Users/helo/v1.6.0/nrfxlib/crypto/nrf_cc310_platform/lib/cortex-m33/soft-float/no-interrupts/libnrf_cc310_platform_0.9.10.a(llf_rnd_trng90b.c.obj)
                0x0001324c                LLF_RND_GetTrngSource
 .text.LLF_RND_RunTrngStartupTest
                0x00013264       0x1c C:/Users/helo/v1.6.0/nrfxlib/crypto/nrf_cc310_platform/lib/cortex-m33/soft-float/no-interrupts/libnrf_cc310_platform_0.9.10.a(llf_rnd_trng90b.c.obj)
                0x00013264                LLF_RND_RunTrngStartupTest
 .text.mbedtls_platform_zeroize
                0x00013280       0x14 C:/Users/helo/v1.6.0/nrfxlib/crypto/nrf_cc310_platform/lib/cortex-m33/soft-float/no-interrupts/libnrf_cc310_platform_0.9.10.a(mbedtls_common.c.obj)
                0x00013280                mbedtls_platform_zeroize
 .text.mbedtls_hardware_poll
                0x00013294      0x104 C:/Users/helo/v1.6.0/nrfxlib/crypto/nrf_cc310_platform/lib/cortex-m33/soft-float/no-interrupts/libnrf_cc310_platform_0.9.10.a(trng_api.c.obj)
                0x00013294                mbedtls_hardware_poll
 .text.cc_mbedtls_sha256_init
                0x00013398       0x28 C:/Users/helo/v1.6.0/nrfxlib/crypto/nrf_cc310_platform/lib/cortex-m33/soft-float/no-interrupts/libnrf_cc310_platform_0.9.10.a(sha256_alt.c.obj)
                0x00013398                cc_mbedtls_sha256_init
 .text.cc_mbedtls_sha256_free
                0x000133c0        0xc C:/Users/helo/v1.6.0/nrfxlib/crypto/nrf_cc310_platform/lib/cortex-m33/soft-float/no-interrupts/libnrf_cc310_platform_0.9.10.a(sha256_alt.c.obj)
                0x000133c0                cc_mbedtls_sha256_free
 .text.cc_mbedtls_sha256_starts_ret
                0x000133cc       0x28 C:/Users/helo/v1.6.0/nrfxlib/crypto/nrf_cc310_platform/lib/cortex-m33/soft-float/no-interrupts/libnrf_cc310_platform_0.9.10.a(sha256_alt.c.obj)
                0x000133cc                cc_mbedtls_sha256_starts_ret
 .text.cc_mbedtls_sha256_update_ret
                0x000133f4       0x10 C:/Users/helo/v1.6.0/nrfxlib/crypto/nrf_cc310_platform/lib/cortex-m33/soft-float/no-interrupts/libnrf_cc310_platform_0.9.10.a(sha256_alt.c.obj)
                0x000133f4                cc_mbedtls_sha256_update_ret
 .text.cc_mbedtls_sha256_finish_ret
                0x00013404       0x48 C:/Users/helo/v1.6.0/nrfxlib/crypto/nrf_cc310_platform/lib/cortex-m33/soft-float/no-interrupts/libnrf_cc310_platform_0.9.10.a(sha256_alt.c.obj)
                0x00013404                cc_mbedtls_sha256_finish_ret
 .text.mbedtls_sha_starts_internal
                0x0001344c       0x28 C:/Users/helo/v1.6.0/nrfxlib/crypto/nrf_cc310_platform/lib/cortex-m33/soft-float/no-interrupts/libnrf_cc310_platform_0.9.10.a(mbedtls_hash_common.c.obj)
                0x0001344c                mbedtls_sha_starts_internal
 .text.mbedtls_sha_finish_internal
                0x00013474       0x5c C:/Users/helo/v1.6.0/nrfxlib/crypto/nrf_cc310_platform/lib/cortex-m33/soft-float/no-interrupts/libnrf_cc310_platform_0.9.10.a(mbedtls_hash_common.c.obj)
                0x00013474                mbedtls_sha_finish_internal
 .text.mbedtls_sha_update_internal
                0x000134d0       0xe4 C:/Users/helo/v1.6.0/nrfxlib/crypto/nrf_cc310_platform/lib/cortex-m33/soft-float/no-interrupts/libnrf_cc310_platform_0.9.10.a(mbedtls_hash_common.c.obj)
                0x000134d0                mbedtls_sha_update_internal
 .text.ctr_drbg_update_internal
                0x000135b4      0x148 C:/Users/helo/v1.6.0/nrfxlib/crypto/nrf_cc310_platform/lib/cortex-m33/soft-float/no-interrupts/libnrf_cc310_platform_0.9.10.a(ctr_drbg.c.obj)
 .text.mbedtls_ctr_drbg_reseed_internal
                0x000136fc      0x330 C:/Users/helo/v1.6.0/nrfxlib/crypto/nrf_cc310_platform/lib/cortex-m33/soft-float/no-interrupts/libnrf_cc310_platform_0.9.10.a(ctr_drbg.c.obj)
 .text.cc_mbedtls_ctr_drbg_init
                0x00013a2c       0x24 C:/Users/helo/v1.6.0/nrfxlib/crypto/nrf_cc310_platform/lib/cortex-m33/soft-float/no-interrupts/libnrf_cc310_platform_0.9.10.a(ctr_drbg.c.obj)
                0x00013a2c                cc_mbedtls_ctr_drbg_init
 .text.cc_mbedtls_ctr_drbg_seed
                0x00013a50       0xa0 C:/Users/helo/v1.6.0/nrfxlib/crypto/nrf_cc310_platform/lib/cortex-m33/soft-float/no-interrupts/libnrf_cc310_platform_0.9.10.a(ctr_drbg.c.obj)
                0x00013a50                cc_mbedtls_ctr_drbg_seed
 .text.cc_mbedtls_ctr_drbg_random_with_add
                0x00013af0      0x1b4 C:/Users/helo/v1.6.0/nrfxlib/crypto/nrf_cc310_platform/lib/cortex-m33/soft-float/no-interrupts/libnrf_cc310_platform_0.9.10.a(ctr_drbg.c.obj)
                0x00013af0                cc_mbedtls_ctr_drbg_random_with_add
 .text.cc_mbedtls_sha256_ret
                0x00013ca4       0x50 C:/Users/helo/v1.6.0/nrfxlib/crypto/nrf_cc310_platform/lib/cortex-m33/soft-float/no-interrupts/libnrf_cc310_platform_0.9.10.a(sha256.c.obj)
                0x00013ca4                cc_mbedtls_sha256_ret
 .text.RNG_PLAT_SetUserRngParameters
                0x00013cf4       0x7c C:/Users/helo/v1.6.0/nrfxlib/crypto/nrf_cc310_platform/lib/cortex-m33/soft-float/no-interrupts/libnrf_cc310_platform_0.9.10.a(cc_rng_plat.c.obj)
                0x00013cf4                RNG_PLAT_SetUserRngParameters
 .text.CC_PalMemCopyPlat
                0x00013d70        0x4 C:/Users/helo/v1.6.0/nrfxlib/crypto/nrf_cc310_platform/lib/cortex-m33/soft-float/no-interrupts/libnrf_cc310_platform_0.9.10.a(cc_pal_mem.c.obj)
                0x00013d70                CC_PalMemCopyPlat
 .text.CC_PalMemSetPlat
                0x00013d74        0x4 C:/Users/helo/v1.6.0/nrfxlib/crypto/nrf_cc310_platform/lib/cortex-m33/soft-float/no-interrupts/libnrf_cc310_platform_0.9.10.a(cc_pal_mem.c.obj)
                0x00013d74                CC_PalMemSetPlat
 .text.CC_PalMemSetZeroPlat
                0x00013d78        0x8 C:/Users/helo/v1.6.0/nrfxlib/crypto/nrf_cc310_platform/lib/cortex-m33/soft-float/no-interrupts/libnrf_cc310_platform_0.9.10.a(cc_pal_mem.c.obj)
                0x00013d78                CC_PalMemSetZeroPlat
 .text.CC_PalTrngParamGet
                0x00013d80      0x110 C:/Users/helo/v1.6.0/nrfxlib/crypto/nrf_cc310_platform/lib/cortex-m33/soft-float/no-interrupts/libnrf_cc310_platform_0.9.10.a(cc_pal_trng.c.obj)
                0x00013d80                CC_PalTrngParamGet
 .text.LLF_RND_WaitRngInterrupt
                0x00013e90       0x20 C:/Users/helo/v1.6.0/nrfxlib/crypto/nrf_cc310_platform/lib/cortex-m33/soft-float/no-interrupts/libnrf_cc310_platform_0.9.10.a(llf_rnd.c.obj)
                0x00013e90                LLF_RND_WaitRngInterrupt
 .text.LLF_RND_GetRoscSampleCnt
                0x00013eb0       0x3c C:/Users/helo/v1.6.0/nrfxlib/crypto/nrf_cc310_platform/lib/cortex-m33/soft-float/no-interrupts/libnrf_cc310_platform_0.9.10.a(llf_rnd.c.obj)
                0x00013eb0                LLF_RND_GetRoscSampleCnt
 .text.LLF_RND_GetFastestRosc
                0x00013eec       0x20 C:/Users/helo/v1.6.0/nrfxlib/crypto/nrf_cc310_platform/lib/cortex-m33/soft-float/no-interrupts/libnrf_cc310_platform_0.9.10.a(llf_rnd.c.obj)
                0x00013eec                LLF_RND_GetFastestRosc
 .text.LLF_RND_TurnOffTrng
                0x00013f0c       0x1c C:/Users/helo/v1.6.0/nrfxlib/crypto/nrf_cc310_platform/lib/cortex-m33/soft-float/no-interrupts/libnrf_cc310_platform_0.9.10.a(llf_rnd.c.obj)
                0x00013f0c                LLF_RND_TurnOffTrng
 .text.SetDataBuffersInfo
                0x00013f28       0x70 C:/Users/helo/v1.6.0/nrfxlib/crypto/nrf_cc310_platform/lib/cortex-m33/soft-float/no-interrupts/libnrf_cc310_platform_0.9.10.a(driver_common.c.obj)
                0x00013f28                SetDataBuffersInfo
 .text.InitHashDrv
                0x00013f98       0x54 C:/Users/helo/v1.6.0/nrfxlib/crypto/nrf_cc310_platform/lib/cortex-m33/soft-float/no-interrupts/libnrf_cc310_platform_0.9.10.a(hash_driver.c.obj)
                0x00013f98                InitHashDrv
 .text.ProcessHashDrv
                0x00013fec      0x254 C:/Users/helo/v1.6.0/nrfxlib/crypto/nrf_cc310_platform/lib/cortex-m33/soft-float/no-interrupts/libnrf_cc310_platform_0.9.10.a(hash_driver.c.obj)
                0x00013fec                ProcessHashDrv
 .text.FinishHashDrv
                0x00014240       0x80 C:/Users/helo/v1.6.0/nrfxlib/crypto/nrf_cc310_platform/lib/cortex-m33/soft-float/no-interrupts/libnrf_cc310_platform_0.9.10.a(hash_driver.c.obj)
                0x00014240                FinishHashDrv
 .text.cc_mbedtls_aes_init
                0x000142c0       0x20 C:/Users/helo/v1.6.0/nrfxlib/crypto/nrf_cc310_platform/lib/cortex-m33/soft-float/no-interrupts/libnrf_cc310_platform_0.9.10.a(aes_alt.c.obj)
                0x000142c0                cc_mbedtls_aes_init
 .text.cc_mbedtls_aes_free
                0x000142e0        0xc C:/Users/helo/v1.6.0/nrfxlib/crypto/nrf_cc310_platform/lib/cortex-m33/soft-float/no-interrupts/libnrf_cc310_platform_0.9.10.a(aes_alt.c.obj)
                0x000142e0                cc_mbedtls_aes_free
 .text.cc_mbedtls_aes_setkey_enc
                0x000142ec       0x34 C:/Users/helo/v1.6.0/nrfxlib/crypto/nrf_cc310_platform/lib/cortex-m33/soft-float/no-interrupts/libnrf_cc310_platform_0.9.10.a(aes_alt.c.obj)
                0x000142ec                cc_mbedtls_aes_setkey_enc
 .text.cc_mbedtls_aes_crypt_ecb
                0x00014320       0x54 C:/Users/helo/v1.6.0/nrfxlib/crypto/nrf_cc310_platform/lib/cortex-m33/soft-float/no-interrupts/libnrf_cc310_platform_0.9.10.a(aes_alt.c.obj)
                0x00014320                cc_mbedtls_aes_crypt_ecb
 .text.CC_PalDataBufferAttrGet
                0x00014374        0x8 C:/Users/helo/v1.6.0/nrfxlib/crypto/nrf_cc310_platform/lib/cortex-m33/soft-float/no-interrupts/libnrf_cc310_platform_0.9.10.a(cc_pal_buff_attr.c.obj)
                0x00014374                CC_PalDataBufferAttrGet
 .text.LoadAesKey
                0x0001437c       0xc0 C:/Users/helo/v1.6.0/nrfxlib/crypto/nrf_cc310_platform/lib/cortex-m33/soft-float/no-interrupts/libnrf_cc310_platform_0.9.10.a(aes_driver.c.obj)
 .text.InitAes.part.0
                0x0001443c       0xf8 C:/Users/helo/v1.6.0/nrfxlib/crypto/nrf_cc310_platform/lib/cortex-m33/soft-float/no-interrupts/libnrf_cc310_platform_0.9.10.a(aes_driver.c.obj)
 .text.ProcessAesDrv
                0x00014534      0x3ac C:/Users/helo/v1.6.0/nrfxlib/crypto/nrf_cc310_platform/lib/cortex-m33/soft-float/no-interrupts/libnrf_cc310_platform_0.9.10.a(aes_driver.c.obj)
                0x00014534                ProcessAesDrv
 .text.FinishAesDrv
                0x000148e0      0x24c C:/Users/helo/v1.6.0/nrfxlib/crypto/nrf_cc310_platform/lib/cortex-m33/soft-float/no-interrupts/libnrf_cc310_platform_0.9.10.a(aes_driver.c.obj)
                0x000148e0                FinishAesDrv
 .text.kmu_validate_slot_and_size
                0x00014b2c       0x2c C:/Users/helo/v1.6.0/nrfxlib/crypto/nrf_cc310_platform/lib/cortex-m33/soft-float/no-interrupts/libnrf_cc310_platform_0.9.10.a(kmu_shared.c.obj)
                0x00014b2c                kmu_validate_slot_and_size
 .text.kmu_validate_slot_and_size_no_kdr
                0x00014b58       0x2c C:/Users/helo/v1.6.0/nrfxlib/crypto/nrf_cc310_platform/lib/cortex-m33/soft-float/no-interrupts/libnrf_cc310_platform_0.9.10.a(kmu_shared.c.obj)
                0x00014b58                kmu_validate_slot_and_size_no_kdr
 .text.kmu_validate_kdr_slot_and_size
                0x00014b84       0x1c C:/Users/helo/v1.6.0/nrfxlib/crypto/nrf_cc310_platform/lib/cortex-m33/soft-float/no-interrupts/libnrf_cc310_platform_0.9.10.a(kmu_shared.c.obj)
                0x00014b84                kmu_validate_kdr_slot_and_size
 .text.kmu_load_key_aes
                0x00014ba0       0xfc C:/Users/helo/v1.6.0/nrfxlib/crypto/nrf_cc310_platform/lib/cortex-m33/soft-float/no-interrupts/libnrf_cc310_platform_0.9.10.a(kmu_shared.c.obj)
                0x00014ba0                kmu_load_key_aes
 .text.kmu_derive_cmac
                0x00014c9c      0x118 C:/Users/helo/v1.6.0/nrfxlib/crypto/nrf_cc310_platform/lib/cortex-m33/soft-float/no-interrupts/libnrf_cc310_platform_0.9.10.a(kmu_shared.c.obj)
                0x00014c9c                kmu_derive_cmac
 .text.UtilCmacBuildDataForDerivation
                0x00014db4       0xb8 C:/Users/helo/v1.6.0/nrfxlib/crypto/nrf_cc310_platform/lib/cortex-m33/soft-float/no-interrupts/libnrf_cc310_platform_0.9.10.a(cc_util_cmac.c.obj)
                0x00014db4                UtilCmacBuildDataForDerivation
 .text.main     0x00014e6c        0xe app/libapp.a(main.c.obj)
                0x00014e6c                main
 .text.sys_notify_validate
                0x00014e7a       0x22 zephyr/libzephyr.a(notify.c.obj)
                0x00014e7a                sys_notify_validate
 .text.arch_printk_char_out
                0x00014e9c        0x4 zephyr/libzephyr.a(printk.c.obj)
                0x00014e9c                arch_printk_char_out
 .text.printk   0x00014ea0       0x1a zephyr/libzephyr.a(printk.c.obj)
                0x00014ea0                printk
 .text.process_recheck
                0x00014eba       0x38 zephyr/libzephyr.a(onoff.c.obj)
 .text.notify_one
                0x00014ef2       0x2c zephyr/libzephyr.a(onoff.c.obj)
 .text.validate_args
                0x00014f1e       0x1e zephyr/libzephyr.a(onoff.c.obj)
 .text.onoff_manager_init
                0x00014f3c       0x26 zephyr/libzephyr.a(onoff.c.obj)
                0x00014f3c                onoff_manager_init
 .text.z_thread_entry
                0x00014f62       0x14 zephyr/libzephyr.a(thread_entry.c.obj)
                0x00014f62                z_thread_entry
 .text.encode_uint
                0x00014f76       0x96 zephyr/libzephyr.a(cbprintf_complete.c.obj)
 .text.outs     0x0001500c       0x2c zephyr/libzephyr.a(cbprintf_complete.c.obj)
 .text.assert_post_action
                0x00015038        0xe zephyr/libzephyr.a(assert.c.obj)
                0x00015038                assert_post_action
 .text._ConfigAbsSyms
                0x00015046        0x2 zephyr/libzephyr.a(configs.c.obj)
                0x00015046                _ConfigAbsSyms
 .text.z_platform_init
                0x00015048        0x4 zephyr/libzephyr.a(soc.c.obj)
                0x00015048                z_platform_init
 .text.pm_power_state_exit_post_ops
                0x0001504c       0x16 zephyr/libzephyr.a(power.c.obj)
                0x0001504c                pm_power_state_exit_post_ops
 .text.z_log_minimal_printk
                0x00015062       0x1a zephyr/libzephyr.a(log_minimal.c.obj)
                0x00015062                z_log_minimal_printk
 .text.pm_policy_next_state
                0x0001507c        0xa zephyr/libzephyr.a(policy_residency.c.obj)
                0x0001507c                pm_policy_next_state
 .text.set_starting_state
                0x00015086       0x3c zephyr/libzephyr.a(clock_control_nrf.c.obj)
 .text.set_on_state
                0x000150c2       0x26 zephyr/libzephyr.a(clock_control_nrf.c.obj)
 .text.onoff_started_callback
                0x000150e8        0xc zephyr/libzephyr.a(clock_control_nrf.c.obj)
 .text.lfclk_start
                0x000150f4        0x6 zephyr/libzephyr.a(clock_control_nrf.c.obj)
 .text.lfclk_stop
                0x000150fa        0x6 zephyr/libzephyr.a(clock_control_nrf.c.obj)
 .text.api_stop
                0x00015100        0x6 zephyr/libzephyr.a(clock_control_nrf.c.obj)
 .text.blocking_start_callback
                0x00015106        0x6 zephyr/libzephyr.a(clock_control_nrf.c.obj)
 .text.api_start
                0x0001510c       0x34 zephyr/libzephyr.a(clock_control_nrf.c.obj)
 .text.sys_clock_idle_exit
                0x00015140        0x2 zephyr/libzephyr.a(sys_clock_init.c.obj)
                0x00015140                sys_clock_idle_exit
 .text.sys_clock_disable
                0x00015142        0x2 zephyr/libzephyr.a(sys_clock_init.c.obj)
                0x00015142                sys_clock_disable
 .text.adp536x_charger_current_set
                0x00015144        0xc zephyr/libzephyr.a(adp536x.c.obj)
                0x00015144                adp536x_charger_current_set
 .text.adp536x_vbus_current_set
                0x00015150        0xc zephyr/libzephyr.a(adp536x.c.obj)
                0x00015150                adp536x_vbus_current_set
 .text.adp536x_charging_enable
                0x0001515c        0xa zephyr/libzephyr.a(adp536x.c.obj)
                0x0001515c                adp536x_charging_enable
 .text.adp536x_oc_chg_current_set
                0x00015166        0xe zephyr/libzephyr.a(adp536x.c.obj)
                0x00015166                adp536x_oc_chg_current_set
 .text.adp536x_buck_1v8_set
                0x00015174        0xa zephyr/libzephyr.a(adp536x.c.obj)
                0x00015174                adp536x_buck_1v8_set
 .text.adp536x_buck_discharge_set
                0x0001517e        0xe zephyr/libzephyr.a(adp536x.c.obj)
                0x0001517e                adp536x_buck_discharge_set
 .text.adp536x_buckbst_3v3_set
                0x0001518c        0xa zephyr/libzephyr.a(adp536x.c.obj)
                0x0001518c                adp536x_buckbst_3v3_set
 .text.adp536x_buckbst_enable
                0x00015196        0xa zephyr/libzephyr.a(adp536x.c.obj)
                0x00015196                adp536x_buckbst_enable
 .text.spm_firmware_info_nse
                0x000151a0       0x4c zephyr/libzephyr.a(secure_services.c.obj)
                0x000151a0                __acle_se_spm_firmware_info_nse
 .text.abort_function
                0x000151ec        0x6 zephyr/libzephyr.a(nrf_cc3xx_platform_abort_zephyr.c.obj)
 .text.z_irq_spurious
                0x000151f2        0x8 zephyr/arch/arch/arm/core/aarch32/libarch__arm__core__aarch32.a(irq_manage.c.obj)
                0x000151f2                z_irq_spurious
 .text.irq_target_state_set
                0x000151fa       0x5e zephyr/arch/arch/arm/core/aarch32/libarch__arm__core__aarch32.a(irq_manage.c.obj)
                0x000151fa                irq_target_state_set
 .text.configure_builtin_stack_guard
                0x00015258        0x8 zephyr/arch/arch/arm/core/aarch32/libarch__arm__core__aarch32.a(thread.c.obj)
                0x00015258                configure_builtin_stack_guard
 .text.z_do_kernel_oops
                0x00015260        0x8 zephyr/arch/arch/arm/core/aarch32/libarch__arm__core__aarch32.a(fatal.c.obj)
                0x00015260                z_do_kernel_oops
 .text.z_arm_nmi
                0x00015268        0xe zephyr/arch/arch/arm/core/aarch32/libarch__arm__core__aarch32.a(nmi.c.obj)
                0x00015268                z_arm_nmi
 .text.arm_cmse_mpu_region_get
                0x00015276       0x12 zephyr/arch/arch/arm/core/aarch32/cortex_m/cmse/libarch__arm__core__aarch32__cortex_m__cmse.a(arm_core_cmse.c.obj)
                0x00015276                arm_cmse_mpu_region_get
 .text.arm_cmse_addr_is_secure
                0x00015288        0xa zephyr/arch/arch/arm/core/aarch32/cortex_m/cmse/libarch__arm__core__aarch32__cortex_m__cmse.a(arm_core_cmse.c.obj)
                0x00015288                arm_cmse_addr_is_secure
 .text.strlen   0x00015292        0xe zephyr/lib/libc/minimal/liblib__libc__minimal.a(string.c.obj)
                0x00015292                strlen
 .text.strnlen  0x000152a0       0x12 zephyr/lib/libc/minimal/liblib__libc__minimal.a(string.c.obj)
                0x000152a0                strnlen
 .text.strcmp   0x000152b2       0x18 zephyr/lib/libc/minimal/liblib__libc__minimal.a(string.c.obj)
                0x000152b2                strcmp
 .text.memcmp   0x000152ca       0x20 zephyr/lib/libc/minimal/liblib__libc__minimal.a(string.c.obj)
                0x000152ca                memcmp
 .text.memmove  0x000152ea       0x2e zephyr/lib/libc/minimal/liblib__libc__minimal.a(string.c.obj)
                0x000152ea                memmove
 .text.memcpy   0x00015318       0x56 zephyr/lib/libc/minimal/liblib__libc__minimal.a(string.c.obj)
                0x00015318                memcpy
 .text.memset   0x0001536e       0x46 zephyr/lib/libc/minimal/liblib__libc__minimal.a(string.c.obj)
                0x0001536e                memset
 .text._stdout_hook_default
                0x000153b4        0x6 zephyr/lib/libc/minimal/liblib__libc__minimal.a(stdout_console.c.obj)
 .text.uarte_nrfx_isr_int
                0x000153ba       0x74 zephyr/drivers/serial/libdrivers__serial.a(uart_nrfx_uarte.c.obj)
 .text.uarte_nrfx_config_get
                0x0001542e       0x10 zephyr/drivers/serial/libdrivers__serial.a(uart_nrfx_uarte.c.obj)
 .text.uarte_nrfx_err_check
                0x0001543e        0xe zephyr/drivers/serial/libdrivers__serial.a(uart_nrfx_uarte.c.obj)
 .text.is_tx_ready
                0x0001544c       0x20 zephyr/drivers/serial/libdrivers__serial.a(uart_nrfx_uarte.c.obj)
 .text.uarte_nrfx_poll_in
                0x0001546c       0x26 zephyr/drivers/serial/libdrivers__serial.a(uart_nrfx_uarte.c.obj)
 .text.uarte_instance_init.isra.0
                0x00015492      0x10e zephyr/drivers/serial/libdrivers__serial.a(uart_nrfx_uarte.c.obj)
 .text.hw_cc3xx_init_internal
                0x000155a0        0x4 modules/nrf/drivers/hw_cc310/lib..__nrf__drivers__hw_cc310.a(hw_cc310.c.obj)
 .text.hw_cc3xx_init
                0x000155a4       0x12 modules/nrf/drivers/hw_cc310/lib..__nrf__drivers__hw_cc310.a(hw_cc310.c.obj)
 .text.nrfx_isr
                0x000155b6        0x2 modules/hal_nordic/nrfx/libmodules__hal_nordic__nrfx.a(nrfx_glue.c.obj)
                0x000155b6                nrfx_isr
 .text.nrfx_busy_wait
                0x000155b8        0x4 modules/hal_nordic/nrfx/libmodules__hal_nordic__nrfx.a(nrfx_glue.c.obj)
                0x000155b8                nrfx_busy_wait
 .text.xfer_completeness_check
                0x000155bc       0x60 modules/hal_nordic/nrfx/libmodules__hal_nordic__nrfx.a(nrfx_twim.c.obj)
 .text.nrf_gpio_pin_set
                0x0001561c       0x18 modules/hal_nordic/nrfx/libmodules__hal_nordic__nrfx.a(nrfx_twi_twim.c.obj)
 .text.z_device_state_init
                0x00015634        0x2 zephyr/kernel/libkernel.a(device.c.obj)
                0x00015634                z_device_state_init
 .text.z_device_ready
                0x00015636       0x12 zephyr/kernel/libkernel.a(device.c.obj)
                0x00015636                z_device_ready
 .text.k_mem_slab_init
                0x00015648       0x38 zephyr/kernel/libkernel.a(mem_slab.c.obj)
                0x00015648                k_mem_slab_init
 .text.k_is_in_isr
                0x00015680        0xc zephyr/kernel/libkernel.a(thread.c.obj)
                0x00015680                k_is_in_isr
 .text.k_thread_name_get
                0x0001568c        0x4 zephyr/kernel/libkernel.a(thread.c.obj)
                0x0001568c                k_thread_name_get
 .text.z_pm_save_idle_exit
                0x00015690        0xe zephyr/kernel/libkernel.a(idle.c.obj)
                0x00015690                z_pm_save_idle_exit
 .text.z_impl_k_mutex_init
                0x0001569e        0xe zephyr/kernel/libkernel.a(mutex.c.obj)
                0x0001569e                z_impl_k_mutex_init
 .text.z_reschedule_irqlock
                0x000156ac       0x18 zephyr/kernel/libkernel.a(sched.c.obj)
                0x000156ac                z_reschedule_irqlock
 .text.z_reschedule_unlocked
                0x000156c4       0x14 zephyr/kernel/libkernel.a(sched.c.obj)
 .text.z_priq_dumb_best
                0x000156d8       0x14 zephyr/kernel/libkernel.a(sched.c.obj)
                0x000156d8                z_priq_dumb_best
 .text.sys_clock_tick_get_32
                0x000156ec        0x8 zephyr/kernel/libkernel.a(timeout.c.obj)
                0x000156ec                sys_clock_tick_get_32
 .text.z_impl_k_busy_wait
                0x000156f4        0x8 zephyr/kernel/libkernel.a(timeout.c.obj)
                0x000156f4                z_impl_k_busy_wait
 .text._OffsetAbsSyms
                0x000156fc        0x2 zephyr/CMakeFiles/offsets.dir/./arch/arm/core/offsets/offsets.c.obj
                0x000156fc                _OffsetAbsSyms
 *(SORT_BY_ALIGNMENT(.TEXT.*))
 *(SORT_BY_ALIGNMENT(.gnu.linkonce.t.*))
 *(SORT_BY_ALIGNMENT(.glue_7t))
 .glue_7t       0x000156fe        0x0 linker stubs
 *(SORT_BY_ALIGNMENT(.glue_7))
 .glue_7        0x000156fe        0x0 linker stubs
 *(SORT_BY_ALIGNMENT(.vfp11_veneer))
 .vfp11_veneer  0x000156fe        0x0 linker stubs
 *(SORT_BY_ALIGNMENT(.v4_bx))
 .v4_bx         0x000156fe        0x0 linker stubs
                0x000156fe                _image_text_end = .

.ARM.exidx      0x00015700        0x8
                0x00015700                __exidx_start = .
 *(SORT_BY_ALIGNMENT(.ARM.exidx*) SORT_BY_ALIGNMENT(gnu.linkonce.armexidx.*))
 .ARM.exidx     0x00015700        0x8 c:/users/helo/v1.6.0/toolchain/opt/bin/../lib/gcc/arm-none-eabi/9.2.1/thumb/v8-m.main/nofp\libgcc.a(_udivmoddi4.o)
                0x00015708                __exidx_end = .
                0x00015708                _image_rodata_start = .

initlevel       0x00015708       0x68
                0x00015708                __init_start = .
                0x00015708                __init_PRE_KERNEL_1_start = .
 *(SORT_BY_NAME(SORT_BY_ALIGNMENT(.z_init_PRE_KERNEL_1[0-9]_*)))
 .z_init_PRE_KERNEL_10_
                0x00015708        0x8 zephyr/libzephyr.a(soc.c.obj)
 *(SORT_BY_NAME(SORT_BY_ALIGNMENT(.z_init_PRE_KERNEL_1[1-9][0-9]_*)))
 .z_init_PRE_KERNEL_130_
                0x00015710        0x8 zephyr/kernel/libkernel.a(mem_slab.c.obj)
 .z_init_PRE_KERNEL_140_
                0x00015718        0x8 modules/nrf/drivers/hw_cc310/lib..__nrf__drivers__hw_cc310.a(hw_cc310.c.obj)
 .z_init_PRE_KERNEL_150_
                0x00015720        0x8 zephyr/libzephyr.a(clock_control_nrf.c.obj)
 .z_init_PRE_KERNEL_150_
                0x00015728       0x10 zephyr/drivers/serial/libdrivers__serial.a(uart_nrfx_uarte.c.obj)
 .z_init_PRE_KERNEL_150_
                0x00015738        0x8 zephyr/drivers/entropy/libdrivers__entropy.a(entropy_cc310.c.obj)
 .z_init_PRE_KERNEL_160_
                0x00015740        0x8 zephyr/libzephyr.a(uart_console.c.obj)
                0x00015748                __init_PRE_KERNEL_2_start = .
 *(SORT_BY_NAME(SORT_BY_ALIGNMENT(.z_init_PRE_KERNEL_2[0-9]_*)))
 .z_init_PRE_KERNEL_20_
                0x00015748        0x8 zephyr/libzephyr.a(sys_clock_init.c.obj)
 *(SORT_BY_NAME(SORT_BY_ALIGNMENT(.z_init_PRE_KERNEL_2[1-9][0-9]_*)))
                0x00015750                __init_POST_KERNEL_start = .
 *(SORT_BY_NAME(SORT_BY_ALIGNMENT(.z_init_POST_KERNEL[0-9]_*)))
 *(SORT_BY_NAME(SORT_BY_ALIGNMENT(.z_init_POST_KERNEL[1-9][0-9]_*)))
 .z_init_POST_KERNEL40_
                0x00015750        0x8 modules/nrf/drivers/hw_cc310/lib..__nrf__drivers__hw_cc310.a(hw_cc310.c.obj)
 .z_init_POST_KERNEL60_
                0x00015758        0x8 zephyr/drivers/i2c/libdrivers__i2c.a(i2c_nrfx_twim.c.obj)
 .z_init_POST_KERNEL90_
                0x00015760        0x8 modules/nrf/subsys/fw_info/lib..__nrf__subsys__fw_info.a(fw_info.c.obj)
                0x00015768                __init_APPLICATION_start = .
 *(SORT_BY_NAME(SORT_BY_ALIGNMENT(.z_init_APPLICATION[0-9]_*)))
 *(SORT_BY_NAME(SORT_BY_ALIGNMENT(.z_init_APPLICATION[1-9][0-9]_*)))
 .z_init_APPLICATION90_
                0x00015768        0x8 zephyr/boards/boards/arm/thingy91_nrf9160/lib..__nrf__boards__arm__thingy91_nrf9160.a(board_secure.c.obj)
                0x00015770                __init_SMP_start = .
 *(SORT_BY_NAME(SORT_BY_ALIGNMENT(.z_init_SMP[0-9]_*)))
 *(SORT_BY_NAME(SORT_BY_ALIGNMENT(.z_init_SMP[1-9][0-9]_*)))
                0x00015770                __init_end = .

sw_isr_table    0x00015770      0x208
                0x00015770                . = ALIGN (0x0)
 *(SORT_BY_ALIGNMENT(.gnu.linkonce.sw_isr_table*))
 .gnu.linkonce.sw_isr_table
                0x00015770      0x208 zephyr/arch/common/libisr_tables.a(isr_tables.c.obj)
                0x00015770                _sw_isr_table

initlevel_error
                0x00015708        0x0
 *(SORT_BY_NAME(SORT_BY_ALIGNMENT(.z_init_[_A-Z0-9]*)))
                0x00000001                ASSERT ((SIZEOF (initlevel_error) == 0x0), Undefined initialization levels used.)

app_shmem_regions
                0x00015978        0x0
                0x00015978                __app_shmem_regions_start = .
 *(SORT_BY_NAME(SORT_BY_ALIGNMENT(.app_regions.*)))
                0x00015978                __app_shmem_regions_end = .

bt_l2cap_fixed_chan_area
                0x00015978        0x0
                0x00015978                _bt_l2cap_fixed_chan_list_start = .
 *(SORT_BY_NAME(SORT_BY_ALIGNMENT(._bt_l2cap_fixed_chan.static.*)))
                0x00015978                _bt_l2cap_fixed_chan_list_end = .

bt_gatt_service_static_area
                0x00015978        0x0
                0x00015978                _bt_gatt_service_static_list_start = .
 *(SORT_BY_NAME(SORT_BY_ALIGNMENT(._bt_gatt_service_static.static.*)))
                0x00015978                _bt_gatt_service_static_list_end = .

k_p4wq_initparam_area
                0x00015978        0x0
                0x00015978                _k_p4wq_initparam_list_start = .
 *(SORT_BY_NAME(SORT_BY_ALIGNMENT(._k_p4wq_initparam.static.*)))
                0x00015978                _k_p4wq_initparam_list_end = .

log_strings_sections
                0x00015978        0x0
                0x00015978                __log_strings_start = .
 *(SORT_BY_NAME(SORT_BY_ALIGNMENT(.log_strings*)))
                0x00015978                __log_strings_end = .

log_const_sections
                0x00015978       0x50
                0x00015978                __log_const_start = .
 *(SORT_BY_NAME(SORT_BY_ALIGNMENT(.log_const_*)))
 .log_const_board_secure
                0x00015978        0x8 zephyr/boards/boards/arm/thingy91_nrf9160/lib..__nrf__boards__arm__thingy91_nrf9160.a(board_secure.c.obj)
                0x00015978                log_const_board_secure
 .log_const_clock_control
                0x00015980        0x8 zephyr/libzephyr.a(clock_control_nrf.c.obj)
                0x00015980                log_const_clock_control
 .log_const_fatal_error
                0x00015988        0x8 modules/nrf/lib/fatal_error/lib..__nrf__lib__fatal_error.a(fatal_error.c.obj)
                0x00015988                log_const_fatal_error
 .log_const_i2c
                0x00015990        0x8 zephyr/drivers/i2c/libdrivers__i2c.a(i2c_common.c.obj)
                0x00015990                log_const_i2c
 .log_const_i2c_nrfx_twim
                0x00015998        0x8 zephyr/drivers/i2c/libdrivers__i2c.a(i2c_nrfx_twim.c.obj)
                0x00015998                log_const_i2c_nrfx_twim
 .log_const_mpu
                0x000159a0        0x8 zephyr/arch/arch/arm/core/aarch32/mpu/libarch__arm__core__aarch32__mpu.a(arm_core_mpu.c.obj)
                0x000159a0                log_const_mpu
 .log_const_os  0x000159a8        0x8 zephyr/kernel/libkernel.a(init.c.obj)
                0x000159a8                log_const_os
 .log_const_power
                0x000159b0        0x8 zephyr/libzephyr.a(power.c.obj)
                0x000159b0                log_const_power
 .log_const_soc
                0x000159b8        0x8 zephyr/libzephyr.a(soc.c.obj)
                0x000159b8                log_const_soc
 .log_const_uart_nrfx_uarte
                0x000159c0        0x8 zephyr/drivers/serial/libdrivers__serial.a(uart_nrfx_uarte.c.obj)
                0x000159c0                log_const_uart_nrfx_uarte
                0x000159c8                __log_const_end = .

log_backends_sections
                0x000159c8        0x0
                0x000159c8                __log_backends_start = .
 *(SORT_BY_ALIGNMENT(._log_backend.*))
                0x000159c8                __log_backends_end = .

shell_area      0x000159c8        0x0
                0x000159c8                _shell_list_start = .
 *(SORT_BY_NAME(SORT_BY_ALIGNMENT(._shell.static.*)))
                0x000159c8                _shell_list_end = .

shell_root_cmds_sections
                0x000159c8        0x0
                0x000159c8                __shell_root_cmds_start = .
 *(SORT_BY_NAME(SORT_BY_ALIGNMENT(.shell_root_cmd_*)))
                0x000159c8                __shell_root_cmds_end = .

font_entry_sections
                0x000159c8        0x0
                0x000159c8                __font_entry_start = .
 *(SORT_BY_NAME(SORT_BY_ALIGNMENT(._cfb_font.*)))
                0x000159c8                __font_entry_end = .

tracing_backend_area
                0x000159c8        0x0
                0x000159c8                _tracing_backend_list_start = .
 *(SORT_BY_NAME(SORT_BY_ALIGNMENT(._tracing_backend.static.*)))
                0x000159c8                _tracing_backend_list_end = .

zephyr_dbg_info
 *(SORT_BY_ALIGNMENT(.dbg_thread_info))

device_handles  0x000159c8       0x36
                0x000159c8                __device_handles_start = .
 *(SORT_BY_NAME(SORT_BY_ALIGNMENT(.__device_handles_pass1*)))
 .__device_handles_pass1
                0x000159c8        0xa zephyr/libzephyr.a(clock_control_nrf.c.obj)
                0x000159c8                __devicehdl_DT_N_S_soc_S_peripheral_50000000_S_clock_5000
 .__device_handles_pass1
                0x000159d2        0x6 zephyr/libzephyr.a(sys_clock_init.c.obj)
                0x000159d2                __devicehdl_sys_init_sys_clock_driver_init0
 .__device_handles_pass1
                0x000159d8        0xa zephyr/drivers/i2c/libdrivers__i2c.a(i2c_nrfx_twim.c.obj)
                0x000159d8                __devicehdl_DT_N_S_soc_S_peripheral_50000000_S_i2c_a000
 .__device_handles_pass1
                0x000159e2       0x14 zephyr/drivers/serial/libdrivers__serial.a(uart_nrfx_uarte.c.obj)
                0x000159e2                __devicehdl_DT_N_S_soc_S_peripheral_50000000_S_uart_9000
                0x000159ec                __devicehdl_DT_N_S_soc_S_peripheral_50000000_S_uart_8000
 .__device_handles_pass1
                0x000159f6        0x8 zephyr/drivers/entropy/libdrivers__entropy.a(entropy_cc310.c.obj)
                0x000159f6                __devicehdl_DT_N_S_soc_S_crypto_50840000
                0x000159fe                __device_handles_end = .

rodata          0x00015a00     0x15d0
 *(SORT_BY_ALIGNMENT(.rodata))
 .rodata        0x00015a00        0xc zephyr/libzephyr.a(secure_services.c.obj)
 .rodata        0x00015a0c       0x20 zephyr/drivers/serial/libdrivers__serial.a(uart_nrfx_uarte.c.obj)
 .rodata        0x00015a2c       0x18 modules/nrf/subsys/fw_info/lib..__nrf__subsys__fw_info.a(fw_info.c.obj)
 *(SORT_BY_ALIGNMENT(.rodata.*))
 *fill*         0x00015a44        0xc 
 .rodata.delay_machine_code.8832
                0x00015a50        0x6 zephyr/libzephyr.a(soc.c.obj)
 *fill*         0x00015a56        0x2 
 .rodata.clock_control_api
                0x00015a58       0x14 zephyr/libzephyr.a(clock_control_nrf.c.obj)
 .rodata.config
                0x00015a6c       0x18 zephyr/libzephyr.a(clock_control_nrf.c.obj)
 .rodata.transitions.11056
                0x00015a84        0xc zephyr/libzephyr.a(clock_control_nrf.c.obj)
 .rodata.periph.11737
                0x00015a90       0xe0 zephyr/libzephyr.a(spm.c.obj)
 .rodata.fw_info_allowed_offsets
                0x00015b70       0x14 zephyr/libzephyr.a(secure_services.c.obj)
 .rodata.apis   0x00015b84        0x8 zephyr/libzephyr.a(nrf_cc3xx_platform_abort_zephyr.c.obj)
 .rodata.mutex_apis
                0x00015b8c       0x10 zephyr/libzephyr.a(nrf_cc3xx_platform_mutex_zephyr.c.obj)
 .rodata.mutexes
                0x00015b9c       0x14 zephyr/libzephyr.a(nrf_cc3xx_platform_mutex_zephyr.c.obj)
 .rodata.static_regions
                0x00015bb0        0xc zephyr/arch/arch/arm/core/aarch32/mpu/libarch__arm__core__aarch32__mpu.a(arm_core_mpu.c.obj)
 .rodata.mpu_config
                0x00015bbc        0x8 zephyr/soc/arm/common/cortex_m/libsoc__arm__common__cortex_m.a(arm_mpu_regions.c.obj)
                0x00015bbc                mpu_config
 .rodata.mpu_regions
                0x00015bc4       0x20 zephyr/soc/arm/common/cortex_m/libsoc__arm__common__cortex_m.a(arm_mpu_regions.c.obj)
 .rodata.i2c_nrfx_twim_driver_api
                0x00015be4       0x14 zephyr/drivers/i2c/libdrivers__i2c.a(i2c_nrfx_twim.c.obj)
 .rodata.twim_2z_config
                0x00015bf8       0x18 zephyr/drivers/i2c/libdrivers__i2c.a(i2c_nrfx_twim.c.obj)
 .rodata.uart_nrfx_uarte_driver_api
                0x00015c10       0x14 zephyr/drivers/serial/libdrivers__serial.a(uart_nrfx_uarte.c.obj)
 .rodata.uarte_0z_config
                0x00015c24        0x8 zephyr/drivers/serial/libdrivers__serial.a(uart_nrfx_uarte.c.obj)
 .rodata.uarte_1z_config
                0x00015c2c        0x8 zephyr/drivers/serial/libdrivers__serial.a(uart_nrfx_uarte.c.obj)
 .rodata.entropy_cc3xx_rng_api
                0x00015c34        0x8 zephyr/drivers/entropy/libdrivers__entropy.a(entropy_cc310.c.obj)
 .rodata.levels.9129
                0x00015c3c       0x14 zephyr/kernel/libkernel.a(device.c.obj)
 .rodata._k_neg_eagain
                0x00015c50        0x4 zephyr/kernel/libkernel.a(errno.c.obj)
                0x00015c50                _k_neg_eagain
 .rodata.CSWTCH.417
                0x00015c54       0x14 zephyr/kernel/libkernel.a(fatal.c.obj)
 .rodata.CSWTCH.8
                0x00015c68       0x1c C:/Users/helo/v1.6.0/nrfxlib/crypto/nrf_cc310_platform/lib/cortex-m33/soft-float/no-interrupts/libnrf_cc310_platform_0.9.10.a(nrf_cc3xx_platform.c.obj)
 .rodata.mutex_free.str1.4
                0x00015c84       0x26 C:/Users/helo/v1.6.0/nrfxlib/crypto/nrf_cc310_platform/lib/cortex-m33/soft-float/no-interrupts/libnrf_cc310_platform_0.9.10.a(nrf_cc3xx_platform_mutex.c.obj)
 *fill*         0x00015caa        0x2 
 .rodata.mutex_init.str1.4
                0x00015cac       0x23 C:/Users/helo/v1.6.0/nrfxlib/crypto/nrf_cc310_platform/lib/cortex-m33/soft-float/no-interrupts/libnrf_cc310_platform_0.9.10.a(nrf_cc3xx_platform_mutex.c.obj)
 *fill*         0x00015ccf        0x1 
 .rodata.RndStartupTest.constprop.0.str1.4
                0x00015cd0       0x6f C:/Users/helo/v1.6.0/nrfxlib/crypto/nrf_cc310_platform/lib/cortex-m33/soft-float/no-interrupts/libnrf_cc310_platform_0.9.10.a(cc_lib.c.obj)
 *fill*         0x00015d3f        0x1 
 .rodata.CC_PalPowerSaveModeInit.str1.4
                0x00015d40       0x20 C:/Users/helo/v1.6.0/nrfxlib/crypto/nrf_cc310_platform/lib/cortex-m33/soft-float/no-interrupts/libnrf_cc310_platform_0.9.10.a(cc_pal_pm.c.obj)
 .rodata.mbedtls_hardware_poll.str1.4
                0x00015d60       0x16 C:/Users/helo/v1.6.0/nrfxlib/crypto/nrf_cc310_platform/lib/cortex-m33/soft-float/no-interrupts/libnrf_cc310_platform_0.9.10.a(trng_api.c.obj)
                                 0x6e (size before relaxing)
 *fill*         0x00015d76        0x2 
 .rodata.cc_mbedtls_sha256_init.str1.4
                0x00015d78        0xe C:/Users/helo/v1.6.0/nrfxlib/crypto/nrf_cc310_platform/lib/cortex-m33/soft-float/no-interrupts/libnrf_cc310_platform_0.9.10.a(sha256_alt.c.obj)
 .rodata.ProcessHashDrv.str1.4
                0x00015d86       0x6f C:/Users/helo/v1.6.0/nrfxlib/crypto/nrf_cc310_platform/lib/cortex-m33/soft-float/no-interrupts/libnrf_cc310_platform_0.9.10.a(hash_driver.c.obj)
 *fill*         0x00015d86        0x2 
 .rodata.HASH_LARVAL_SHA1
                0x00015d88       0x14 C:/Users/helo/v1.6.0/nrfxlib/crypto/nrf_cc310_platform/lib/cortex-m33/soft-float/no-interrupts/libnrf_cc310_platform_0.9.10.a(hash_driver.c.obj)
 .rodata.HASH_LARVAL_SHA224
                0x00015d9c       0x20 C:/Users/helo/v1.6.0/nrfxlib/crypto/nrf_cc310_platform/lib/cortex-m33/soft-float/no-interrupts/libnrf_cc310_platform_0.9.10.a(hash_driver.c.obj)
 .rodata.HASH_LARVAL_SHA256
                0x00015dbc       0x20 C:/Users/helo/v1.6.0/nrfxlib/crypto/nrf_cc310_platform/lib/cortex-m33/soft-float/no-interrupts/libnrf_cc310_platform_0.9.10.a(hash_driver.c.obj)
 .rodata.cc_mbedtls_aes_init.str1.4
                0x00015ddc       0x13 C:/Users/helo/v1.6.0/nrfxlib/crypto/nrf_cc310_platform/lib/cortex-m33/soft-float/no-interrupts/libnrf_cc310_platform_0.9.10.a(aes_alt.c.obj)
 .rodata.ProcessAesDrv.str1.4
                0x00015def       0x6f C:/Users/helo/v1.6.0/nrfxlib/crypto/nrf_cc310_platform/lib/cortex-m33/soft-float/no-interrupts/libnrf_cc310_platform_0.9.10.a(aes_driver.c.obj)
 .rodata.sys_notify_finalize.str1.1
                0x00015def       0x3b zephyr/libzephyr.a(notify.c.obj)
 .rodata.process_event.str1.1
                0x00015e2a       0x48 zephyr/libzephyr.a(onoff.c.obj)
                                 0x60 (size before relaxing)
 .rodata.cbvprintf.str1.1
                0x00015e72        0x6 zephyr/libzephyr.a(cbprintf_complete.c.obj)
 .rodata.sys_reboot.str1.1
                0x00015e78       0x29 zephyr/libzephyr.a(reboot.c.obj)
 .rodata.str1.1
                0x00015ea1        0x4 zephyr/libzephyr.a(soc.c.obj)
 .rodata.pm_state_notify.str1.1
                0x00015ea5       0x3e zephyr/libzephyr.a(power.c.obj)
 .rodata.pm_power_state_force.str1.1
                0x00015ea5       0x25 zephyr/libzephyr.a(power.c.obj)
 .rodata.str1.1
                0x00015eca        0x6 zephyr/libzephyr.a(power.c.obj)
 .rodata.uart_console_init.str1.1
                0x00015ed0        0x7 zephyr/libzephyr.a(uart_console.c.obj)
 .rodata.get_status.str1.1
                0x00015ed7       0x3d zephyr/libzephyr.a(clock_control_nrf.c.obj)
                                 0x55 (size before relaxing)
 .rodata.str1.1
                0x00015f14       0x1a zephyr/libzephyr.a(clock_control_nrf.c.obj)
                                 0x20 (size before relaxing)
 .rodata.sys_clock_isr.str1.1
                0x00015f2e       0x32 zephyr/libzephyr.a(sys_clock_init.c.obj)
                                 0x4a (size before relaxing)
 .rodata.str1.1
                0x00015f60        0xa zephyr/libzephyr.a(sys_clock_init.c.obj)
 .rodata.config_regions.str1.1
                0x00015f6a       0x53 zephyr/libzephyr.a(spm.c.obj)
                                 0x70 (size before relaxing)
 .rodata.spm_jump.str1.1
                0x00015fbd       0x75 zephyr/libzephyr.a(spm.c.obj)
 .rodata.spm_config.str1.1
                0x00016032      0x12e zephyr/libzephyr.a(spm.c.obj)
                                0x136 (size before relaxing)
 .rodata.str1.1
                0x00016160      0x10c zephyr/libzephyr.a(spm.c.obj)
 .rodata.mutex_free_platform.str1.1
                0x0001626c       0x26 zephyr/libzephyr.a(nrf_cc3xx_platform_mutex_zephyr.c.obj)
 .rodata.mutex_init_platform.str1.1
                0x00016292       0x2d zephyr/libzephyr.a(nrf_cc3xx_platform_mutex_zephyr.c.obj)
 .rodata.z_arm_irq_priority_set.str1.1
                0x000162bf       0x36 zephyr/arch/arch/arm/core/aarch32/libarch__arm__core__aarch32.a(irq_manage.c.obj)
                                 0x4e (size before relaxing)
 .rodata.z_arm_fatal_error.str1.1
                0x000162f5       0xaf zephyr/arch/arch/arm/core/aarch32/libarch__arm__core__aarch32.a(fatal.c.obj)
 .rodata.mem_manage_fault.isra.0.str1.1
                0x000163a4      0x135 zephyr/arch/arch/arm/core/aarch32/cortex_m/libarch__arm__core__aarch32__cortex_m.a(fault.c.obj)
                                0x14d (size before relaxing)
 .rodata.bus_fault.isra.0.str1.1
                0x000164d9       0xa6 zephyr/arch/arch/arm/core/aarch32/cortex_m/libarch__arm__core__aarch32__cortex_m.a(fault.c.obj)
 .rodata.usage_fault.isra.0.str1.1
                0x0001657f      0x11f zephyr/arch/arch/arm/core/aarch32/cortex_m/libarch__arm__core__aarch32__cortex_m.a(fault.c.obj)
 .rodata.secure_fault.isra.0.str1.1
                0x0001669e      0x104 zephyr/arch/arch/arm/core/aarch32/cortex_m/libarch__arm__core__aarch32__cortex_m.a(fault.c.obj)
 .rodata.z_arm_fault.str1.1
                0x000167a2       0xf9 zephyr/arch/arch/arm/core/aarch32/cortex_m/libarch__arm__core__aarch32__cortex_m.a(fault.c.obj)
 .rodata.str1.1
                0x0001689b        0x4 zephyr/arch/arch/arm/core/aarch32/mpu/libarch__arm__core__aarch32__mpu.a(arm_core_mpu.c.obj)
 .rodata.mpu_configure_region.str1.1
                0x0001689f       0x2b zephyr/arch/arch/arm/core/aarch32/mpu/libarch__arm__core__aarch32__mpu.a(arm_mpu.c.obj)
 .rodata.mpu_configure_regions_and_partition.constprop.0.str1.1
                0x000168ca       0x50 zephyr/arch/arch/arm/core/aarch32/mpu/libarch__arm__core__aarch32__mpu.a(arm_mpu.c.obj)
 .rodata.arm_core_mpu_configure_static_mpu_regions.str1.1
                0x0001691a       0x37 zephyr/arch/arch/arm/core/aarch32/mpu/libarch__arm__core__aarch32__mpu.a(arm_mpu.c.obj)
                                 0x4f (size before relaxing)
 .rodata.str1.1
                0x00016951        0xf zephyr/soc/arm/common/cortex_m/libsoc__arm__common__cortex_m.a(arm_mpu_regions.c.obj)
 .rodata.thingy91_board_init.str1.1
                0x00016960      0x1b2 zephyr/boards/boards/arm/thingy91_nrf9160/lib..__nrf__boards__arm__thingy91_nrf9160.a(board_secure.c.obj)
 .rodata.str1.1
                0x00016b12        0xd zephyr/boards/boards/arm/thingy91_nrf9160/lib..__nrf__boards__arm__thingy91_nrf9160.a(board_secure.c.obj)
 .rodata.str1.1
                0x00016b1f        0x4 zephyr/drivers/i2c/libdrivers__i2c.a(i2c_common.c.obj)
 .rodata.twim_2_init.str1.1
                0x00016b23       0x25 zephyr/drivers/i2c/libdrivers__i2c.a(i2c_nrfx_twim.c.obj)
 .rodata.i2c_nrfx_twim_configure.str1.1
                0x00016b48       0x17 zephyr/drivers/i2c/libdrivers__i2c.a(i2c_nrfx_twim.c.obj)
 .rodata.i2c_nrfx_twim_transfer.str1.1
                0x00016b5f       0x80 zephyr/drivers/i2c/libdrivers__i2c.a(i2c_nrfx_twim.c.obj)
 .rodata.str1.1
                0x00016bdf        0xe zephyr/drivers/i2c/libdrivers__i2c.a(i2c_nrfx_twim.c.obj)
                                 0x14 (size before relaxing)
 .rodata.nrf_gpio_pin_port_decode.str1.1
                0x00016bed       0x33 zephyr/drivers/serial/libdrivers__serial.a(uart_nrfx_uarte.c.obj)
                                 0x4b (size before relaxing)
 .rodata.str1.1
                0x00016c20       0x17 zephyr/drivers/serial/libdrivers__serial.a(uart_nrfx_uarte.c.obj)
                                 0x1e (size before relaxing)
 .rodata.entropy_cc3xx_rng_get_entropy.str1.1
                0x00016c37       0x30 zephyr/drivers/entropy/libdrivers__entropy.a(entropy_cc310.c.obj)
                                 0x48 (size before relaxing)
 .rodata.str1.1
                0x00016c67        0xb zephyr/drivers/entropy/libdrivers__entropy.a(entropy_cc310.c.obj)
 .rodata.k_sys_fatal_error_handler.str1.1
                0x00016c72       0x16 modules/nrf/lib/fatal_error/lib..__nrf__lib__fatal_error.a(fatal_error.c.obj)
 .rodata.str1.1
                0x00016c88        0xc modules/nrf/lib/fatal_error/lib..__nrf__lib__fatal_error.a(fatal_error.c.obj)
 .rodata.check_ext_api_requests.str1.1
                0x00016c94       0x5c modules/nrf/subsys/fw_info/lib..__nrf__subsys__fw_info.a(fw_info.c.obj)
 .rodata.nrf_clock_is_running.constprop.0.str1.1
                0x00016cf0       0x34 modules/hal_nordic/nrfx/libmodules__hal_nordic__nrfx.a(nrfx_clock.c.obj)
                                 0x4c (size before relaxing)
 .rodata.nrfx_clock_init.str1.1
                0x00016d24       0x3d modules/hal_nordic/nrfx/libmodules__hal_nordic__nrfx.a(nrfx_clock.c.obj)
 .rodata.nrf_gpio_pin_port_decode.str1.1
                0x00016d61       0x4b modules/hal_nordic/nrfx/libmodules__hal_nordic__nrfx.a(nrfx_twim.c.obj)
 .rodata.nrfx_twim_init.str1.1
                0x00016d61       0x3c modules/hal_nordic/nrfx/libmodules__hal_nordic__nrfx.a(nrfx_twim.c.obj)
 .rodata.nrf_gpio_pin_port_decode.str1.1
                0x00016d9d       0x4b modules/hal_nordic/nrfx/libmodules__hal_nordic__nrfx.a(nrfx_twi_twim.c.obj)
 .rodata.z_fatal_error.str1.1
                0x00016d9d       0xa8 zephyr/kernel/libkernel.a(fatal.c.obj)
                                 0xc0 (size before relaxing)
 .rodata.str1.1
                0x00016e45       0x4a zephyr/kernel/libkernel.a(fatal.c.obj)
 .rodata.z_cstart.str1.1
                0x00016e8f        0x5 zephyr/kernel/libkernel.a(init.c.obj)
 .rodata.str1.1
                0x00016e94        0x3 zephyr/kernel/libkernel.a(init.c.obj)
 .rodata.init_mem_slab_module.str1.1
                0x00016e97       0x25 zephyr/kernel/libkernel.a(mem_slab.c.obj)
                                 0x3d (size before relaxing)
 .rodata.k_mem_slab_alloc.str1.1
                0x00016ebc       0x26 zephyr/kernel/libkernel.a(mem_slab.c.obj)
 .rodata.z_setup_new_thread.str1.1
                0x00016ebc       0x23 zephyr/kernel/libkernel.a(thread.c.obj)
                                 0x3b (size before relaxing)
 .rodata.z_impl_k_mutex_lock.str1.1
                0x00016edf       0x22 zephyr/kernel/libkernel.a(mutex.c.obj)
                                 0x60 (size before relaxing)
 .rodata.z_impl_k_mutex_unlock.str1.1
                0x00016f01       0x2b zephyr/kernel/libkernel.a(mutex.c.obj)
 .rodata.z_impl_k_sem_give.str1.1
                0x00016f2c       0x3e zephyr/kernel/libkernel.a(sem.c.obj)
 .rodata.z_impl_k_sem_take.str1.1
                0x00016f2c       0x20 zephyr/kernel/libkernel.a(sem.c.obj)
 .rodata.k_sched_time_slice_set.str1.1
                0x00016f4c       0x3e zephyr/kernel/libkernel.a(sched.c.obj)
 .rodata.k_sched_lock.str1.1
                0x00016f4c       0x2b zephyr/kernel/libkernel.a(sched.c.obj)
 .rodata.z_priq_dumb_add.str1.1
                0x00016f4c       0x22 zephyr/kernel/libkernel.a(sched.c.obj)
 .rodata.z_add_timeout.str1.1
                0x00016f6e       0x24 zephyr/kernel/libkernel.a(timeout.c.obj)
                                 0x62 (size before relaxing)
 .rodata.boot_banner.str1.1
                0x00016f92       0x37 zephyr/kernel/libkernel.a(banner.c.obj)
                                 0x38 (size before relaxing)
 *(SORT_BY_ALIGNMENT(.gnu.linkonce.r.*))
                0x00016fcc                . = ALIGN (0x4)
 *fill*         0x00016fc9        0x3 