Archive member included to satisfy reference by file (symbol)

app/libapp.a(main.c.obj)      (--whole-archive)
zephyr/libzephyr.a(cbprintf.c.obj)
                              (--whole-archive)
zephyr/libzephyr.a(cbprintf_packaged.c.obj)
                              (--whole-archive)
zephyr/libzephyr.a(crc32c_sw.c.obj)
                              (--whole-archive)
zephyr/libzephyr.a(crc32_sw.c.obj)
                              (--whole-archive)
zephyr/libzephyr.a(crc16_sw.c.obj)
                              (--whole-archive)
zephyr/libzephyr.a(crc8_sw.c.obj)
                              (--whole-archive)
zephyr/libzephyr.a(crc7_sw.c.obj)
                              (--whole-archive)
zephyr/libzephyr.a(dec.c.obj)
                              (--whole-archive)
zephyr/libzephyr.a(fdtable.c.obj)
                              (--whole-archive)
zephyr/libzephyr.a(hex.c.obj)
                              (--whole-archive)
zephyr/libzephyr.a(notify.c.obj)
                              (--whole-archive)
zephyr/libzephyr.a(printk.c.obj)
                              (--whole-archive)
zephyr/libzephyr.a(onoff.c.obj)
                              (--whole-archive)
zephyr/libzephyr.a(rb.c.obj)  (--whole-archive)
zephyr/libzephyr.a(sem.c.obj)
                              (--whole-archive)
zephyr/libzephyr.a(thread_entry.c.obj)
                              (--whole-archive)
zephyr/libzephyr.a(timeutil.c.obj)
                              (--whole-archive)
zephyr/libzephyr.a(heap.c.obj)
                              (--whole-archive)
zephyr/libzephyr.a(heap-validate.c.obj)
                              (--whole-archive)
zephyr/libzephyr.a(bitarray.c.obj)
                              (--whole-archive)
zephyr/libzephyr.a(cbprintf_complete.c.obj)
                              (--whole-archive)
zephyr/libzephyr.a(assert.c.obj)
                              (--whole-archive)
zephyr/libzephyr.a(mpsc_pbuf.c.obj)
                              (--whole-archive)
zephyr/libzephyr.a(reboot.c.obj)
                              (--whole-archive)
zephyr/libzephyr.a(configs.c.obj)
                              (--whole-archive)
zephyr/libzephyr.a(soc.c.obj)
                              (--whole-archive)
zephyr/libzephyr.a(power.c.obj)
                              (--whole-archive)
zephyr/libzephyr.a(validate_base_addresses.c.obj)
                              (--whole-archive)
zephyr/libzephyr.a(validate_enabled_instances.c.obj)
                              (--whole-archive)
zephyr/libzephyr.a(log_list.c.obj)
                              (--whole-archive)
zephyr/libzephyr.a(log_core.c.obj)
                              (--whole-archive)
zephyr/libzephyr.a(log_msg.c.obj)
                              (--whole-archive)
zephyr/libzephyr.a(log_output.c.obj)
                              (--whole-archive)
zephyr/libzephyr.a(log_backend_uart.c.obj)
                              (--whole-archive)
zephyr/libzephyr.a(tty.c.obj)
                              (--whole-archive)
zephyr/libzephyr.a(getchar.c.obj)
                              (--whole-archive)
zephyr/libzephyr.a(fcb_append.c.obj)
                              (--whole-archive)
zephyr/libzephyr.a(fcb.c.obj)
                              (--whole-archive)
zephyr/libzephyr.a(fcb_elem_info.c.obj)
                              (--whole-archive)
zephyr/libzephyr.a(fcb_getnext.c.obj)
                              (--whole-archive)
zephyr/libzephyr.a(fcb_rotate.c.obj)
                              (--whole-archive)
zephyr/libzephyr.a(fcb_walk.c.obj)
                              (--whole-archive)
zephyr/libzephyr.a(flash_img.c.obj)
                              (--whole-archive)
zephyr/libzephyr.a(addr_utils.c.obj)
                              (--whole-archive)
zephyr/libzephyr.a(sntp.c.obj)
                              (--whole-archive)
zephyr/libzephyr.a(sntp_simple.c.obj)
                              (--whole-archive)
zephyr/libzephyr.a(getaddrinfo.c.obj)
                              (--whole-archive)
zephyr/libzephyr.a(sockets.c.obj)
                              (--whole-archive)
zephyr/libzephyr.a(sockets_select.c.obj)
                              (--whole-archive)
zephyr/libzephyr.a(socket_offload.c.obj)
                              (--whole-archive)
zephyr/libzephyr.a(flash_map.c.obj)
                              (--whole-archive)
zephyr/libzephyr.a(stream_flash.c.obj)
                              (--whole-archive)
zephyr/libzephyr.a(settings_store.c.obj)
                              (--whole-archive)
zephyr/libzephyr.a(settings.c.obj)
                              (--whole-archive)
zephyr/libzephyr.a(settings_init.c.obj)
                              (--whole-archive)
zephyr/libzephyr.a(settings_line.c.obj)
                              (--whole-archive)
zephyr/libzephyr.a(settings_fcb.c.obj)
                              (--whole-archive)
zephyr/libzephyr.a(power.c.obj)
                              (--whole-archive)
zephyr/libzephyr.a(pm_ctrl.c.obj)
[...]
Memory Configuration

Name             Origin             Length             Attributes
FLASH            0x0001c200         0x00063e00         xr
SRAM             0x200144e8         0x0002bb18         xw
IDT_LIST         0x20040000         0x00000800         xw
*default*        0x00000000         0xffffffff

Linker script and memory map

LOAD zephyr/CMakeFiles/zephyr_prebuilt.dir/misc/empty_file.c.obj
                0x00000020                _region_min_align = 0x20

.rel.plt        0x0001c200        0x0
 *(SORT_BY_ALIGNMENT(.rel.plt))
                [!provide]                PROVIDE (__rel_iplt_start = .)
 *(SORT_BY_ALIGNMENT(.rel.iplt))
 .rel.iplt      0x0001c200        0x0 app/libapp.a(main.c.obj)
                [!provide]                PROVIDE (__rel_iplt_end = .)

.rela.plt       0x00000000        0x0
 *(SORT_BY_ALIGNMENT(.rela.plt))
                [!provide]                PROVIDE (__rela_iplt_start = .)
 *(SORT_BY_ALIGNMENT(.rela.iplt))
                [!provide]                PROVIDE (__rela_iplt_end = .)

.rel.dyn
 *(SORT_BY_ALIGNMENT(.rel.*))

.rela.dyn
 *(SORT_BY_ALIGNMENT(.rela.*))

/DISCARD/
 *(SORT_BY_ALIGNMENT(.plt))
 *(SORT_BY_ALIGNMENT(.iplt))
 *(SORT_BY_ALIGNMENT(.got.plt))
 *(SORT_BY_ALIGNMENT(.igot.plt))
 *(SORT_BY_ALIGNMENT(.got))
 *(SORT_BY_ALIGNMENT(.igot))
 *(SORT_BY_ALIGNMENT(.note.GNU-stack))
                0x0001c200                _image_rom_start = 0x1c200

rom_start       0x0001c200      0x23c
                0x00000000                . = 0x0
                0x00000000                . = ALIGN (0x4)
                0x00000000                . = ALIGN (0x80)
                0x00000000                . = ALIGN (0x200)
                0x0001c200                _vector_start = .
 *(SORT_BY_ALIGNMENT(.exc_vector_table))
 *(SORT_BY_ALIGNMENT(.exc_vector_table.*))
 .exc_vector_table._vector_table_section
                0x0001c200       0x40 zephyr/arch/arch/arm/core/aarch32/cortex_m/libarch__arm__core__aarch32__cortex_m.a(vector_table.S.obj)
                0x0001c200                _vector_table
 *(SORT_BY_ALIGNMENT(.gnu.linkonce.irq_vector_table*))
 .gnu.linkonce.irq_vector_table
                0x0001c240      0x104 zephyr/arch/common/libisr_tables.a(isr_tables.c.obj)
                0x0001c240                _irq_vector_table
 *(SORT_BY_ALIGNMENT(.vectors))
                0x0001c344                _vector_end = .
                0x00000200                . = 0x200
 *fill*         0x0001c344       0xbc 
                0x0001c400                _fw_info_start = .
 *(SORT_BY_NAME(SORT_BY_ALIGNMENT(.firmware_info*)))
 .firmware_info
                0x0001c400       0x3c modules/nrf/subsys/fw_info/lib..__nrf__subsys__fw_info.a(fw_info.c.obj)
                0x0001c400                m_firmware_info
                0x0000003c                _fw_info_size = ABSOLUTE ((. - _fw_info_start))

text            0x0001c440    0x22e26
                0x0001c440                _image_text_start = .
 *(SORT_BY_ALIGNMENT(.text))
 .text          0x0001c440      0x378 c:/users/helo/v1.6.0/toolchain/opt/bin/../lib/gcc/arm-none-eabi/9.2.1/thumb/v8-m.main+fp/hard\libgcc.a(_arm_addsubdf3.o)
                0x0001c440                __aeabi_drsub
                0x0001c448                __aeabi_dsub
                0x0001c448                __subdf3
                0x0001c44c                __aeabi_dadd
                0x0001c44c                __adddf3
                0x0001c6c4                __floatunsidf
                0x0001c6c4                __aeabi_ui2d
                0x0001c6e4                __floatsidf
                0x0001c6e4                __aeabi_i2d
                0x0001c708                __aeabi_f2d
                0x0001c708                __extendsfdf2
                0x0001c74c                __floatundidf
                0x0001c74c                __aeabi_ul2d
                0x0001c75c                __floatdidf
                0x0001c75c                __aeabi_l2d
 .text          0x0001c7b8      0x424 c:/users/helo/v1.6.0/toolchain/opt/bin/../lib/gcc/arm-none-eabi/9.2.1/thumb/v8-m.main+fp/hard\libgcc.a(_arm_muldivdf3.o)
                0x0001c7b8                __aeabi_dmul
                0x0001c7b8                __muldf3
                0x0001ca0c                __divdf3
                0x0001ca0c                __aeabi_ddiv
 .text          0x0001cbdc      0x110 c:/users/helo/v1.6.0/toolchain/opt/bin/../lib/gcc/arm-none-eabi/9.2.1/thumb/v8-m.main+fp/hard\libgcc.a(_arm_cmpdf2.o)
                0x0001cbdc                __gtdf2
                0x0001cbdc                __gedf2
                0x0001cbe4                __ltdf2
                0x0001cbe4                __ledf2
                0x0001cbec                __nedf2
                0x0001cbec                __eqdf2
                0x0001cbec                __cmpdf2
                0x0001cc68                __aeabi_cdrcmple
                0x0001cc78                __aeabi_cdcmpeq
                0x0001cc78                __aeabi_cdcmple
                0x0001cc88                __aeabi_dcmpeq
                0x0001cc9c                __aeabi_dcmplt
                0x0001ccb0                __aeabi_dcmple
                0x0001ccc4                __aeabi_dcmpge
                0x0001ccd8                __aeabi_dcmpgt
 .text          0x0001ccec       0x2c c:/users/helo/v1.6.0/toolchain/opt/bin/../lib/gcc/arm-none-eabi/9.2.1/thumb/v8-m.main+fp/hard\libgcc.a(_arm_unorddf2.o)
                0x0001ccec                __unorddf2
                0x0001ccec                __aeabi_dcmpun
 .text          0x0001cd18       0x50 c:/users/helo/v1.6.0/toolchain/opt/bin/../lib/gcc/arm-none-eabi/9.2.1/thumb/v8-m.main+fp/hard\libgcc.a(_arm_fixdfsi.o)
                0x0001cd18                __aeabi_d2iz
                0x0001cd18                __fixdfsi
 .text          0x0001cd68       0xa0 c:/users/helo/v1.6.0/toolchain/opt/bin/../lib/gcc/arm-none-eabi/9.2.1/thumb/v8-m.main+fp/hard\libgcc.a(_arm_truncdfsf2.o)
                0x0001cd68                __truncdfsf2
                0x0001cd68                __aeabi_d2f
 .text          0x0001ce08       0xa0 c:/users/helo/v1.6.0/toolchain/opt/bin/../lib/gcc/arm-none-eabi/9.2.1/thumb/v8-m.main+fp/hard\libgcc.a(_aeabi_ldivmod.o)
                0x0001ce08                __aeabi_ldivmod
 .text          0x0001cea8       0x30 c:/users/helo/v1.6.0/toolchain/opt/bin/../lib/gcc/arm-none-eabi/9.2.1/thumb/v8-m.main+fp/hard\libgcc.a(_aeabi_uldivmod.o)
                0x0001cea8                __aeabi_uldivmod
 .text          0x0001ced8       0x30 c:/users/helo/v1.6.0/toolchain/opt/bin/../lib/gcc/arm-none-eabi/9.2.1/thumb/v8-m.main+fp/hard\libgcc.a(_fixdfdi.o)
                0x0001ced8                __fixdfdi
                0x0001ced8                __aeabi_d2lz
 .text          0x0001cf08       0x3c c:/users/helo/v1.6.0/toolchain/opt/bin/../lib/gcc/arm-none-eabi/9.2.1/thumb/v8-m.main+fp/hard\libgcc.a(_fixunsdfdi.o)
                0x0001cf08                __fixunsdfdi
                0x0001cf08                __aeabi_d2ulz
 .text          0x0001cf44      0x2c0 c:/users/helo/v1.6.0/toolchain/opt/bin/../lib/gcc/arm-none-eabi/9.2.1/thumb/v8-m.main+fp/hard\libgcc.a(_udivmoddi4.o)
                0x0001cf44                __udivmoddi4
 .text          0x0001d204        0x4 c:/users/helo/v1.6.0/toolchain/opt/bin/../lib/gcc/arm-none-eabi/9.2.1/thumb/v8-m.main+fp/hard\libgcc.a(_dvmd_tls.o)
                0x0001d204                __aeabi_idiv0
                0x0001d204                __aeabi_ldiv0
 .text          0x0001d208       0x40 c:/users/helo/v1.6.0/toolchain/opt/bin/../lib/gcc/arm-none-eabi/9.2.1/thumb/v8-m.main+fp/hard\libgcc.a(_arm_fixunsdfsi.o)
                0x0001d208                __aeabi_d2uiz
                0x0001d208                __fixunsdfsi
 .text          0x0001d248       0x14 c:/Users/helo/v1.6.0/toolchain/opt/arm-none-eabi/lib/thumb/v8-m.main+fp/hard\libc_nano.a(lib_a-strcmp.o)
                0x0001d248                strcmp
 .text          0x0001d25c       0x10 c:/Users/helo/v1.6.0/toolchain/opt/arm-none-eabi/lib/thumb/v8-m.main+fp/hard\libc_nano.a(lib_a-strlen.o)
                0x0001d25c                strlen
 *(SORT_BY_ALIGNMENT(.text.*))
 *fill*         0x0001d26c        0x4 
 .text.sntp_query
                0x0001d270      0x148 zephyr/libzephyr.a(sntp.c.obj)
                0x0001d270                sntp_query
 .text.adxl362_attr_set
                0x0001d3b8      0x104 zephyr/drivers/sensor/adxl362/libdrivers__sensor__adxl362.a(adxl362.c.obj)
 *fill*         0x0001d4bc        0x4 
 .text.nrf_cloud_encode_state
                0x0001d4c0      0x214 modules/nrf/subsys/net/lib/nrf_cloud/lib..__nrf__subsys__net__lib__nrf_cloud.a(nrf_cloud_codec.c.obj)
                0x0001d4c0                nrf_cloud_encode_state
 *fill*         0x0001d6d4        0x4 
 .text.parse_value
                0x0001d6d8      0x318 modules/cjson/libcjson.a(cJSON.c.obj)
 .text.cJSON_CreateNumber
                0x0001d9f0       0x68 modules/cjson/libcjson.a(cJSON.c.obj)
                0x0001d9f0                cJSON_CreateNumber
 .text._strtod_l
                0x0001da58      0xc1c c:/Users/helo/v1.6.0/toolchain/opt/arm-none-eabi/lib/thumb/v8-m.main+fp/hard\libc_nano.a(lib_a-strtod.o)
                0x0001da58                _strtod_l
 *fill*         0x0001e674        0x4 
 .text._dtoa_r  0x0001e678      0xbb8 c:/Users/helo/v1.6.0/toolchain/opt/arm-none-eabi/lib/thumb/v8-m.main+fp/hard\libc_nano.a(lib_a-dtoa.o)
                0x0001e678                _dtoa_r
 .text.nan      0x0001f230       0x10 c:/Users/helo/v1.6.0/toolchain/opt/arm-none-eabi/lib/thumb/v8-m.main+fp/hard\libc_nano.a(lib_a-s_nan.o)
                0x0001f230                nan
 .text.gpio_pin_set
                0x0001f240       0x8c app/libapp.a(main.c.obj)
 .text.z_impl_gpio_pin_configure.constprop.0
                0x0001f2cc       0x64 app/libapp.a(main.c.obj)
 .text.pwm_pin_set_usec.constprop.0
                0x0001f330       0x90 app/libapp.a(main.c.obj)
 .text.light    0x0001f3c0       0xbc app/libapp.a(main.c.obj)
                0x0001f3c0                light
 .text.ui_buzzer_init
                0x0001f47c       0x38 app/libapp.a(main.c.obj)
                0x0001f47c                ui_buzzer_init
 .text.music    0x0001f4b4       0xe0 app/libapp.a(main.c.obj)
                0x0001f4b4                music
 .text.crc8_ccitt
                0x0001f594       0x30 zephyr/libzephyr.a(crc8_sw.c.obj)
                0x0001f594                crc8_ccitt
 .text._check_fd
                0x0001f5c4       0x2c zephyr/libzephyr.a(fdtable.c.obj)
 .text.z_get_fd_obj
                0x0001f5f0       0x30 zephyr/libzephyr.a(fdtable.c.obj)
                0x0001f5f0                z_get_fd_obj
 .text.z_get_fd_obj_and_vtable
                0x0001f620       0x34 zephyr/libzephyr.a(fdtable.c.obj)
                0x0001f620                z_get_fd_obj_and_vtable
 .text.z_reserve_fd
                0x0001f654       0x6c zephyr/libzephyr.a(fdtable.c.obj)
                0x0001f654                z_reserve_fd
 .text.z_finalize_fd
                0x0001f6c0       0x34 zephyr/libzephyr.a(fdtable.c.obj)
                0x0001f6c0                z_finalize_fd
 .text.z_free_fd
                0x0001f6f4       0x3c zephyr/libzephyr.a(fdtable.c.obj)
                0x0001f6f4                z_free_fd
 .text.sys_notify_finalize
                0x0001f730       0x60 zephyr/libzephyr.a(notify.c.obj)
                0x0001f730                sys_notify_finalize
 .text.char_out
                0x0001f790       0x10 zephyr/libzephyr.a(printk.c.obj)
 .text.__printk_hook_install
                0x0001f7a0        0xc zephyr/libzephyr.a(printk.c.obj)
                0x0001f7a0                __printk_hook_install
 .text.vprintk  0x0001f7ac       0x1c zephyr/libzephyr.a(printk.c.obj)
                0x0001f7ac                vprintk
 .text.process_event
                0x0001f7c8      0x40c zephyr/libzephyr.a(onoff.c.obj)
 .text.transition_complete
                0x0001fbd4       0x64 zephyr/libzephyr.a(onoff.c.obj)
 .text.onoff_request
                0x0001fc38      0x130 zephyr/libzephyr.a(onoff.c.obj)
                0x0001fc38                onoff_request
 .text.timeutil_timegm64
                0x0001fd68      0x100 zephyr/libzephyr.a(timeutil.c.obj)
                0x0001fd68                timeutil_timegm64
 .text.sys_heap_free
                0x0001fe68       0xac zephyr/libzephyr.a(heap.c.obj)
                0x0001fe68                sys_heap_free
 .text.sys_heap_aligned_alloc
                0x0001ff14      0x11c zephyr/libzephyr.a(heap.c.obj)
                0x0001ff14                sys_heap_aligned_alloc
 .text.sys_heap_init
                0x00020030      0x13c zephyr/libzephyr.a(heap.c.obj)
                0x00020030                sys_heap_init
 .text.extract_decimal
                0x0002016c       0x2c zephyr/libzephyr.a(cbprintf_complete.c.obj)
 .text.encode_uint
                0x00020198       0xa0 zephyr/libzephyr.a(cbprintf_complete.c.obj)
 .text.cbvprintf
                0x00020238      0xd28 zephyr/libzephyr.a(cbprintf_complete.c.obj)
                0x00020238                cbvprintf
 .text.sys_reboot
                0x00020f60       0x30 zephyr/libzephyr.a(reboot.c.obj)
                0x00020f60                sys_reboot
 .text.nordicsemi_nrf91_init
                0x00020f90       0x28 zephyr/libzephyr.a(soc.c.obj)
 .text.arch_busy_wait
                0x00020fb8       0x14 zephyr/libzephyr.a(soc.c.obj)
                0x00020fb8                arch_busy_wait
 .text.log_generic
                0x00020fcc       0x5c zephyr/libzephyr.a(log_core.c.obj)
                0x00020fcc                log_generic
 .text.log_core_init
                0x00021028       0x20 zephyr/libzephyr.a(log_core.c.obj)
                0x00021028                log_core_init
 .text.log_source_name_get
                0x00021048       0x1c zephyr/libzephyr.a(log_core.c.obj)
                0x00021048                log_source_name_get
 .text.log_backend_enable
                0x00021064       0x4c zephyr/libzephyr.a(log_core.c.obj)
                0x00021064                log_backend_enable
 .text.log_init
                0x000210b0       0x7c zephyr/libzephyr.a(log_core.c.obj)
                0x000210b0                log_init
 .text.z_impl_log_panic
                0x0002112c       0x40 zephyr/libzephyr.a(log_core.c.obj)
                0x0002112c                z_impl_log_panic
 .text.print_formatted
                0x0002116c       0x24 zephyr/libzephyr.a(log_output.c.obj)
 .text.prefix_print
                0x00021190      0x120 zephyr/libzephyr.a(log_output.c.obj)
 .text.postfix_print
                0x000212b0       0x3c zephyr/libzephyr.a(log_output.c.obj)
 .text.hexdump_line_print
                0x000212ec       0xe4 zephyr/libzephyr.a(log_output.c.obj)
 .text.log_output_string
                0x000213d0       0x70 zephyr/libzephyr.a(log_output.c.obj)
                0x000213d0                log_output_string
 .text.log_output_hexdump
                0x00021440       0x74 zephyr/libzephyr.a(log_output.c.obj)
                0x00021440                log_output_hexdump
 .text.log_output_timestamp_freq_set
                0x000214b4       0x30 zephyr/libzephyr.a(log_output.c.obj)
                0x000214b4                log_output_timestamp_freq_set
 .text.char_out
                0x000214e4       0x24 zephyr/libzephyr.a(log_backend_uart.c.obj)
 .text.panic    0x00021508        0xc zephyr/libzephyr.a(log_backend_uart.c.obj)
 .text.log_backend_uart_init
                0x00021514       0x3c zephyr/libzephyr.a(log_backend_uart.c.obj)
 .text.sync_hexdump
                0x00021550       0x20 zephyr/libzephyr.a(log_backend_uart.c.obj)
 .text.sync_string
                0x00021570       0x1c zephyr/libzephyr.a(log_backend_uart.c.obj)
 .text.fcb_append
                0x0002158c      0x130 zephyr/libzephyr.a(fcb_append.c.obj)
                0x0002158c                fcb_append
 .text.z_impl_zsock_socket
                0x000216bc       0xac zephyr/libzephyr.a(sockets.c.obj)
                0x000216bc                z_impl_zsock_socket
 .text.z_impl_zsock_poll
                0x00021768      0x234 zephyr/libzephyr.a(sockets.c.obj)
                0x00021768                z_impl_zsock_poll
 .text.socket_offload_dns_register
                0x0002199c       0x4c zephyr/libzephyr.a(socket_offload.c.obj)
                0x0002199c                socket_offload_dns_register
 .text.socket_offload_getaddrinfo
                0x000219e8       0x68 zephyr/libzephyr.a(socket_offload.c.obj)
                0x000219e8                socket_offload_getaddrinfo
 .text.socket_offload_freeaddrinfo
                0x00021a50       0x58 zephyr/libzephyr.a(socket_offload.c.obj)
                0x00021a50                socket_offload_freeaddrinfo
 .text.get_flash_area_from_id
                0x00021aa8       0x30 zephyr/libzephyr.a(flash_map.c.obj)
 .text.flash_area_open
                0x00021ad8       0x28 zephyr/libzephyr.a(flash_map.c.obj)
                0x00021ad8                flash_area_open
 .text.flash_area_get_sectors
                0x00021b00       0x50 zephyr/libzephyr.a(flash_map.c.obj)
                0x00021b00                flash_area_get_sectors
 .text.find_flash_total_size
                0x00021b50       0x3c zephyr/libzephyr.a(stream_flash.c.obj)
 .text.stream_flash_erase_page
                0x00021b8c       0x94 zephyr/libzephyr.a(stream_flash.c.obj)
                0x00021b8c                stream_flash_erase_page
 .text.flash_sync
                0x00021c20      0x14c zephyr/libzephyr.a(stream_flash.c.obj)
 .text.stream_flash_init
                0x00021d6c       0xc4 zephyr/libzephyr.a(stream_flash.c.obj)
                0x00021d6c                stream_flash_init
 .text.settings_save_one
                0x00021e30       0x4c zephyr/libzephyr.a(settings_store.c.obj)
                0x00021e30                settings_save_one
 .text.settings_src_register
                0x00021e7c       0x1c zephyr/libzephyr.a(settings_store.c.obj)
                0x00021e7c                settings_src_register
 .text.settings_dst_register
                0x00021e98        0xc zephyr/libzephyr.a(settings_store.c.obj)
                0x00021e98                settings_dst_register
 .text.settings_load_subtree
                0x00021ea4       0x54 zephyr/libzephyr.a(settings_store.c.obj)
                0x00021ea4                settings_load_subtree
 .text.settings_store_init
                0x00021ef8       0x10 zephyr/libzephyr.a(settings_store.c.obj)
                0x00021ef8                settings_store_init
 .text.settings_init
                0x00021f08       0x10 zephyr/libzephyr.a(settings.c.obj)
                0x00021f08                settings_init
 .text.settings_parse_and_lookup
                0x00021f18       0xc8 zephyr/libzephyr.a(settings.c.obj)
                0x00021f18                settings_parse_and_lookup
 .text.settings_call_set_handler
                0x00021fe0       0x90 zephyr/libzephyr.a(settings.c.obj)
                0x00021fe0                settings_call_set_handler
 .text.settings_commit_subtree
                0x00022070       0xb0 zephyr/libzephyr.a(settings.c.obj)
                0x00022070                settings_commit_subtree
 .text.settings_subsys_init
                0x00022120       0x20 zephyr/libzephyr.a(settings_init.c.obj)
                0x00022120                settings_subsys_init
 .text.settings_line_raw_read_until
                0x00022140       0xb8 zephyr/libzephyr.a(settings_line.c.obj)
 .text.settings_line_write
                0x000221f8       0xc8 zephyr/libzephyr.a(settings_line.c.obj)
                0x000221f8                settings_line_write
 .text.settings_line_val_get_len
                0x000222c0       0x14 zephyr/libzephyr.a(settings_line.c.obj)
                0x000222c0                settings_line_val_get_len
 .text.settings_line_entry_copy
                0x000222d4       0x68 zephyr/libzephyr.a(settings_line.c.obj)
                0x000222d4                settings_line_entry_copy
 .text.settings_line_io_init
                0x0002233c       0x14 zephyr/libzephyr.a(settings_line.c.obj)
                0x0002233c                settings_line_io_init
 .text.settings_line_load_cb
                0x00022350       0x28 zephyr/libzephyr.a(settings_line.c.obj)
                0x00022350                settings_line_load_cb
 .text.settings_fcb_load_priv
                0x00022378       0xdc zephyr/libzephyr.a(settings_fcb.c.obj)
 .text.settings_fcb_load
                0x00022454       0x10 zephyr/libzephyr.a(settings_fcb.c.obj)
 .text.settings_fcb_save
                0x00022464      0x1ac zephyr/libzephyr.a(settings_fcb.c.obj)
 .text.settings_fcb_src
                0x00022610       0x54 zephyr/libzephyr.a(settings_fcb.c.obj)
                0x00022610                settings_fcb_src
 .text.settings_mount_fcb_backend
                0x00022664       0x1c zephyr/libzephyr.a(settings_fcb.c.obj)
                0x00022664                settings_mount_fcb_backend
 .text.settings_backend_init
                0x00022680       0x9c zephyr/libzephyr.a(settings_fcb.c.obj)
                0x00022680                settings_backend_init
 .text.pm_state_notify
                0x0002271c       0xb4 zephyr/libzephyr.a(power.c.obj)
 .text.pm_system_resume
                0x000227d0       0x2c zephyr/libzephyr.a(power.c.obj)
                0x000227d0                pm_system_resume
 .text.pm_system_suspend
                0x000227fc       0xa4 zephyr/libzephyr.a(power.c.obj)
                0x000227fc                pm_system_suspend
 .text.console_out
                0x000228a0       0x34 zephyr/libzephyr.a(uart_console.c.obj)
 .text.uart_console_init
                0x000228d4       0x28 zephyr/libzephyr.a(uart_console.c.obj)
 .text.onoff_start
                0x000228fc       0x4c zephyr/libzephyr.a(clock_control_nrf.c.obj)
 .text.get_status
                0x00022948       0x3c zephyr/libzephyr.a(clock_control_nrf.c.obj)
 .text.stop     0x00022984       0x80 zephyr/libzephyr.a(clock_control_nrf.c.obj)
 .text.onoff_stop
                0x00022a04       0x28 zephyr/libzephyr.a(clock_control_nrf.c.obj)
 .text.clk_init
                0x00022a2c       0x60 zephyr/libzephyr.a(clock_control_nrf.c.obj)
 .text.clkstarted_handle.constprop.0
                0x00022a8c       0x3c zephyr/libzephyr.a(clock_control_nrf.c.obj)
 .text.clock_event_handler
                0x00022ac8       0x60 zephyr/libzephyr.a(clock_control_nrf.c.obj)
 .text.generic_hfclk_start
                0x00022b28       0x64 zephyr/libzephyr.a(clock_control_nrf.c.obj)
 .text.generic_hfclk_stop
                0x00022b8c       0x24 zephyr/libzephyr.a(clock_control_nrf.c.obj)
 .text.api_blocking_start
                0x00022bb0       0x3c zephyr/libzephyr.a(clock_control_nrf.c.obj)
 .text.z_nrf_clock_control_lf_on
                0x00022bec      0x150 zephyr/libzephyr.a(clock_control_nrf.c.obj)
                0x00022bec                z_nrf_clock_control_lf_on
 .text.wdt_nrf_install_timeout
                0x00022d3c       0x74 zephyr/libzephyr.a(wdt_nrfx.c.obj)
 .text.wdt_0_init
                0x00022db0       0x30 zephyr/libzephyr.a(wdt_nrfx.c.obj)
 .text.wdt_0_event_handler
                0x00022de0       0x3c zephyr/libzephyr.a(wdt_nrfx.c.obj)
 .text.sys_clock_isr
                0x00022e1c       0x28 zephyr/libzephyr.a(sys_clock_init.c.obj)
                0x00022e1c                sys_clock_isr
 .text.sys_clock_timeout_handler
                0x00022e44       0x18 zephyr/libzephyr.a(nrf_rtc_timer.c.obj)
 .text.set_absolute_alarm
                0x00022e5c       0x98 zephyr/libzephyr.a(nrf_rtc_timer.c.obj)
 .text.rtc_nrf_isr
                0x00022ef4       0x50 zephyr/libzephyr.a(nrf_rtc_timer.c.obj)
                0x00022ef4                rtc_nrf_isr
 .text.sys_clock_driver_init
                0x00022f44       0x54 zephyr/libzephyr.a(nrf_rtc_timer.c.obj)
                0x00022f44                sys_clock_driver_init
 .text.sys_clock_set_timeout
                0x00022f98       0x64 zephyr/libzephyr.a(nrf_rtc_timer.c.obj)
                0x00022f98                sys_clock_set_timeout
 .text.sys_clock_elapsed
                0x00022ffc       0x1c zephyr/libzephyr.a(nrf_rtc_timer.c.obj)
                0x00022ffc                sys_clock_elapsed
 .text.sys_clock_cycle_get_32
                0x00023018       0xa4 zephyr/libzephyr.a(nrf_rtc_timer.c.obj)
                0x00023018                sys_clock_cycle_get_32
 .text.before_nse
                0x000230bc       0x14 zephyr/libzephyr.a(secure_services_ns.c.obj)
                0x000230bc                before_nse
 .text.after_nse
                0x000230d0       0x14 zephyr/libzephyr.a(secure_services_ns.c.obj)
                0x000230d0                after_nse
 .text.arch_swap
                0x000230e4       0x34 zephyr/arch/arch/arm/core/aarch32/libarch__arm__core__aarch32.a(swap.c.obj)
                0x000230e4                arch_swap
 .text.z_arm_pendsv
                0x00023118       0x94 zephyr/arch/arch/arm/core/aarch32/libarch__arm__core__aarch32.a(swap_helper.S.obj)
                0x00023118                z_arm_pendsv
 .text.z_arm_svc
                0x000231ac       0x20 zephyr/arch/arch/arm/core/aarch32/libarch__arm__core__aarch32.a(swap_helper.S.obj)
                0x000231ac                z_arm_svc
 .text.arch_irq_enable
                0x000231cc       0x20 zephyr/arch/arch/arm/core/aarch32/libarch__arm__core__aarch32.a(irq_manage.c.obj)
                0x000231cc                arch_irq_enable
 .text.arch_irq_is_enabled
                0x000231ec       0x1c zephyr/arch/arch/arm/core/aarch32/libarch__arm__core__aarch32.a(irq_manage.c.obj)
                0x000231ec                arch_irq_is_enabled
 .text.z_arm_irq_priority_set
                0x00023208       0x64 zephyr/arch/arch/arm/core/aarch32/libarch__arm__core__aarch32.a(irq_manage.c.obj)
                0x00023208                z_arm_irq_priority_set
 .text._arch_isr_direct_pm
                0x0002326c       0x1c zephyr/arch/arch/arm/core/aarch32/libarch__arm__core__aarch32.a(irq_manage.c.obj)
                0x0002326c                _arch_isr_direct_pm
 .text.arch_new_thread
                0x00023288       0x40 zephyr/arch/arch/arm/core/aarch32/libarch__arm__core__aarch32.a(thread.c.obj)
                0x00023288                arch_new_thread
 .text.arch_switch_to_main_thread
                0x000232c8       0x40 zephyr/arch/arch/arm/core/aarch32/libarch__arm__core__aarch32.a(thread.c.obj)
                0x000232c8                arch_switch_to_main_thread
 .text.z_arm_cpu_idle_init
                0x00023308        0xc zephyr/arch/arch/arm/core/aarch32/libarch__arm__core__aarch32.a(cpu_idle.S.obj)
                0x00023308                z_arm_cpu_idle_init
 .text.arch_cpu_idle
                0x00023314       0x1c zephyr/arch/arch/arm/core/aarch32/libarch__arm__core__aarch32.a(cpu_idle.S.obj)
                0x00023314                arch_cpu_idle
 .text.arch_cpu_atomic_idle
                0x00023330       0x14 zephyr/arch/arch/arm/core/aarch32/libarch__arm__core__aarch32.a(cpu_idle.S.obj)
                0x00023330                arch_cpu_atomic_idle
 .text.z_arm_fatal_error
                0x00023344       0xe0 zephyr/arch/arch/arm/core/aarch32/libarch__arm__core__aarch32.a(fatal.c.obj)
                0x00023344                z_arm_fatal_error
 .text.z_SysNmiOnReset
                0x00023424        0x8 zephyr/arch/arch/arm/core/aarch32/libarch__arm__core__aarch32.a(nmi_on_reset.S.obj)
                0x00023424                z_SysNmiOnReset
 .text.z_arm_prep_c
                0x0002342c       0x5c zephyr/arch/arch/arm/core/aarch32/libarch__arm__core__aarch32.a(prep_c.c.obj)
                0x0002342c                z_arm_prep_c
 .text._isr_wrapper
                0x00023488       0x40 zephyr/arch/arch/arm/core/aarch32/libarch__arm__core__aarch32.a(isr_wrapper.S.obj)
                0x00023488                _isr_wrapper
 .text._reset_section
                0x000234c8       0x60 zephyr/arch/arch/arm/core/aarch32/cortex_m/libarch__arm__core__aarch32__cortex_m.a(reset.S.obj)
                0x000234c8                __start
                0x000234c8                z_arm_reset
 .text.__fault  0x00023528       0x14 zephyr/arch/arch/arm/core/aarch32/cortex_m/libarch__arm__core__aarch32__cortex_m.a(fault_s.S.obj)
                0x00023528                z_arm_usage_fault
                0x00023528                z_arm_mpu_fault
                0x00023528                z_arm_exc_spurious
                0x00023528                z_arm_debug_monitor
                0x00023528                z_arm_hard_fault
                0x00023528                z_arm_bus_fault
 .text.mem_manage_fault.isra.0
                0x0002353c      0x10c zephyr/arch/arch/arm/core/aarch32/cortex_m/libarch__arm__core__aarch32__cortex_m.a(fault.c.obj)
 .text.bus_fault.isra.0
                0x00023648       0xd8 zephyr/arch/arch/arm/core/aarch32/cortex_m/libarch__arm__core__aarch32__cortex_m.a(fault.c.obj)
 .text.usage_fault.isra.0
                0x00023720       0xd0 zephyr/arch/arch/arm/core/aarch32/cortex_m/libarch__arm__core__aarch32__cortex_m.a(fault.c.obj)
 .text.z_arm_fault
                0x000237f0      0x1dc zephyr/arch/arch/arm/core/aarch32/cortex_m/libarch__arm__core__aarch32__cortex_m.a(fault.c.obj)
                0x000237f0                z_arm_fault
 .text.z_arm_fault_init
                0x000239cc       0x18 zephyr/arch/arch/arm/core/aarch32/cortex_m/libarch__arm__core__aarch32__cortex_m.a(fault.c.obj)
                0x000239cc                z_arm_fault_init
 .text._HandlerModeExit
                0x000239e4       0x1c zephyr/arch/arch/arm/core/aarch32/cortex_m/libarch__arm__core__aarch32__cortex_m.a(exc_exit.S.obj)
                0x000239e4                z_arm_int_exit
                0x000239e4                z_arm_exc_exit
 .text.z_arm_save_fp_context
                0x00023a00       0x54 zephyr/arch/arch/arm/core/aarch32/cortex_m/libarch__arm__core__aarch32__cortex_m.a(fpu.c.obj)
                0x00023a00                z_arm_save_fp_context
 .text.sys_arch_reboot
                0x00023a54       0x24 zephyr/arch/arch/arm/core/aarch32/cortex_m/libarch__arm__core__aarch32__cortex_m.a(scb.c.obj)
                0x00023a54                sys_arch_reboot
 .text.z_arm_clear_arm_mpu_config
                0x00023a78       0x20 zephyr/arch/arch/arm/core/aarch32/cortex_m/libarch__arm__core__aarch32__cortex_m.a(scb.c.obj)
                0x00023a78                z_arm_clear_arm_mpu_config
 .text.z_arm_init_arch_hw_at_boot
                0x00023a98       0x4c zephyr/arch/arch/arm/core/aarch32/cortex_m/libarch__arm__core__aarch32__cortex_m.a(scb.c.obj)
                0x00023a98                z_arm_init_arch_hw_at_boot
 .text.z_arm_interrupt_init
                0x00023ae4       0x18 zephyr/arch/arch/arm/core/aarch32/cortex_m/libarch__arm__core__aarch32__cortex_m.a(irq_init.c.obj)
                0x00023ae4                z_arm_interrupt_init
 .text.z_impl_k_thread_abort
                0x00023afc       0x24 zephyr/arch/arch/arm/core/aarch32/cortex_m/libarch__arm__core__aarch32__cortex_m.a(thread_abort.c.obj)
                0x00023afc                z_impl_k_thread_abort
 .text.z_arm_configure_static_mpu_regions
                0x00023b20       0x38 zephyr/arch/arch/arm/core/aarch32/mpu/libarch__arm__core__aarch32__mpu.a(arm_core_mpu.c.obj)
                0x00023b20                z_arm_configure_static_mpu_regions
 .text.region_init
                0x00023b58       0x30 zephyr/arch/arch/arm/core/aarch32/mpu/libarch__arm__core__aarch32__mpu.a(arm_mpu.c.obj)
 .text.region_allocate_and_init.part.0
                0x00023b88       0x2c zephyr/arch/arch/arm/core/aarch32/mpu/libarch__arm__core__aarch32__mpu.a(arm_mpu.c.obj)
 .text.mpu_configure_regions_and_partition.constprop.0
                0x00023bb4      0x184 zephyr/arch/arch/arm/core/aarch32/mpu/libarch__arm__core__aarch32__mpu.a(arm_mpu.c.obj)
 .text.arm_core_mpu_enable
                0x00023d38       0x14 zephyr/arch/arch/arm/core/aarch32/mpu/libarch__arm__core__aarch32__mpu.a(arm_mpu.c.obj)
                0x00023d38                arm_core_mpu_enable
 .text.arm_core_mpu_disable
                0x00023d4c       0x10 zephyr/arch/arch/arm/core/aarch32/mpu/libarch__arm__core__aarch32__mpu.a(arm_mpu.c.obj)
                0x00023d4c                arm_core_mpu_disable
 .text.arm_core_mpu_configure_static_mpu_regions
                0x00023d5c       0x4c zephyr/arch/arch/arm/core/aarch32/mpu/libarch__arm__core__aarch32__mpu.a(arm_mpu.c.obj)
                0x00023d5c                arm_core_mpu_configure_static_mpu_regions
 .text.arm_core_mpu_mark_areas_for_dynamic_regions
                0x00023da8       0xe0 zephyr/arch/arch/arm/core/aarch32/mpu/libarch__arm__core__aarch32__mpu.a(arm_mpu.c.obj)
                0x00023da8                arm_core_mpu_mark_areas_for_dynamic_regions
 .text.z_arm_mpu_init
                0x00023e88       0xac zephyr/arch/arch/arm/core/aarch32/mpu/libarch__arm__core__aarch32__mpu.a(arm_mpu.c.obj)
                0x00023e88                z_arm_mpu_init
 .text.__stdout_hook_install
                0x00023f34        0xc zephyr/lib/libc/newlib/liblib__libc__newlib.a(libc-hooks.c.obj)
                0x00023f34                __stdout_hook_install
 .text.z_impl_zephyr_read_stdin
                0x00023f40       0x28 zephyr/lib/libc/newlib/liblib__libc__newlib.a(libc-hooks.c.obj)
                0x00023f40                z_impl_zephyr_read_stdin
 .text.z_impl_zephyr_write_stdout
                0x00023f68       0x30 zephyr/lib/libc/newlib/liblib__libc__newlib.a(libc-hooks.c.obj)
                0x00023f68                z_impl_zephyr_write_stdout
 .text._exit    0x00023f98       0x10 zephyr/lib/libc/newlib/liblib__libc__newlib.a(libc-hooks.c.obj)
                0x00023f98                _exit
 .text._sbrk    0x00023fa8       0x44 zephyr/lib/libc/newlib/liblib__libc__newlib.a(libc-hooks.c.obj)
                0x00023fa8                sbrk
                0x00023fa8                _sbrk
 .text.__chk_fail
                0x00023fec       0x1c zephyr/lib/libc/newlib/liblib__libc__newlib.a(libc-hooks.c.obj)
                0x00023fec                __chk_fail
 .text.thingy91_board_init
                0x00024008      0x19c zephyr/boards/boards/arm/thingy91_nrf9160ns/lib..__nrf__boards__arm__thingy91_nrf9160.a(board_nonsecure.c.obj)
 .text.net_if_flag_set.constprop.0
                0x000241a4       0x4c zephyr/subsys/net/ip/libsubsys__net__ip.a(net_if.c.obj)
 .text.k_mutex_unlock.constprop.0
                0x000241f0        0xc zephyr/subsys/net/ip/libsubsys__net__ip.a(net_if.c.obj)
 .text.k_mutex_lock.constprop.0
                0x000241fc       0x10 zephyr/subsys/net/ip/libsubsys__net__ip.a(net_if.c.obj)
 .text.net_if_up
                0x0002420c       0x90 zephyr/subsys/net/ip/libsubsys__net__ip.a(net_if.c.obj)
                0x0002420c                net_if_up
 .text.net_if_init
                0x0002429c       0x78 zephyr/subsys/net/ip/libsubsys__net__ip.a(net_if.c.obj)
                0x0002429c                net_if_init
 .text.net_if_post_init
                0x00024314       0x60 zephyr/subsys/net/ip/libsubsys__net__ip.a(net_if.c.obj)
                0x00024314                net_if_post_init
 .text.z_impl_net_addr_ntop
                0x00024374      0x1cc zephyr/subsys/net/ip/libsubsys__net__ip.a(utils.c.obj)
                0x00024374                z_impl_net_addr_ntop
 .text.connect_request_encode
                0x00024540      0x100 zephyr/subsys/net/lib/mqtt/libsubsys__net__lib__mqtt.a(mqtt_encoder.c.obj)
                0x00024540                connect_request_encode
 .text.disconnect_encode
                0x00024640       0x24 zephyr/subsys/net/lib/mqtt/libsubsys__net__lib__mqtt.a(mqtt_encoder.c.obj)
                0x00024640                disconnect_encode
 .text.ping_request_encode
                0x00024664       0x24 zephyr/subsys/net/lib/mqtt/libsubsys__net__lib__mqtt.a(mqtt_encoder.c.obj)
                0x00024664                ping_request_encode
 .text.mqtt_transport_connect
                0x00024688       0x14 zephyr/subsys/net/lib/mqtt/libsubsys__net__lib__mqtt.a(mqtt_transport.c.obj)
                0x00024688                mqtt_transport_connect
 .text.mqtt_transport_write
                0x0002469c       0x18 zephyr/subsys/net/lib/mqtt/libsubsys__net__lib__mqtt.a(mqtt_transport.c.obj)
                0x0002469c                mqtt_transport_write
 .text.mqtt_transport_write_msg
                0x000246b4       0x1c zephyr/subsys/net/lib/mqtt/libsubsys__net__lib__mqtt.a(mqtt_transport.c.obj)
                0x000246b4                mqtt_transport_write_msg
 .text.mqtt_transport_read
                0x000246d0       0x1c zephyr/subsys/net/lib/mqtt/libsubsys__net__lib__mqtt.a(mqtt_transport.c.obj)
                0x000246d0                mqtt_transport_read
 .text.mqtt_transport_disconnect
                0x000246ec       0x14 zephyr/subsys/net/lib/mqtt/libsubsys__net__lib__mqtt.a(mqtt_transport.c.obj)
                0x000246ec                mqtt_transport_disconnect
 .text.mqtt_mutex_unlock
                0x00024700       0x3c zephyr/subsys/net/lib/mqtt/libsubsys__net__lib__mqtt.a(mqtt.c.obj)
 .text.mqtt_mutex_lock
                0x0002473c       0x44 zephyr/subsys/net/lib/mqtt/libsubsys__net__lib__mqtt.a(mqtt.c.obj)
 .text.gpio_nrfx_manage_callback
                0x00024780       0xac zephyr/drivers/gpio/libdrivers__gpio.a(gpio_nrfx.c.obj)
 .text.nrf_gpio_pin_port_decode
                0x0002482c       0x70 zephyr/drivers/gpio/libdrivers__gpio.a(gpio_nrfx.c.obj)
 .text.gpio_nrfx_init
                0x0002489c       0x30 zephyr/drivers/gpio/libdrivers__gpio.a(gpio_nrfx.c.obj)
 .text.gpio_nrfx_pin_interrupt_configure
                0x000248cc      0x1b8 zephyr/drivers/gpio/libdrivers__gpio.a(gpio_nrfx.c.obj)
 .text.gpio_nrfx_config
                0x00024a84       0xc8 zephyr/drivers/gpio/libdrivers__gpio.a(gpio_nrfx.c.obj)
 .text.gpiote_event_handler
                0x00024b4c      0x17c zephyr/drivers/gpio/libdrivers__gpio.a(gpio_nrfx.c.obj)
 .text.twim_2_init
                0x00024cc8       0x58 zephyr/drivers/i2c/libdrivers__i2c.a(i2c_nrfx_twim.c.obj)
 .text.i2c_nrfx_twim_configure
                0x00024d20       0x54 zephyr/drivers/i2c/libdrivers__i2c.a(i2c_nrfx_twim.c.obj)
 .text.event_handler
                0x00024d74       0x34 zephyr/drivers/i2c/libdrivers__i2c.a(i2c_nrfx_twim.c.obj)
 .text.i2c_nrfx_twim_transfer
                0x00024da8      0x1d8 zephyr/drivers/i2c/libdrivers__i2c.a(i2c_nrfx_twim.c.obj)
 .text.pwm_nrfx_get_cycles_per_sec
                0x00024f80       0x10 zephyr/drivers/pwm/libdrivers__pwm.a(pwm_nrfx.c.obj)
 .text.nrf_gpio_pin_port_decode
                0x00024f90       0x70 zephyr/drivers/pwm/libdrivers__pwm.a(pwm_nrfx.c.obj)
 .text.pwm_nrfx_init
                0x00025000       0x48 zephyr/drivers/pwm/libdrivers__pwm.a(pwm_nrfx.c.obj)
 .text.pwm_nrfx_pin_set
                0x00025048      0x1bc zephyr/drivers/pwm/libdrivers__pwm.a(pwm_nrfx.c.obj)
 .text.adxl362_accel_convert
                0x00025204       0x68 zephyr/drivers/sensor/adxl362/libdrivers__sensor__adxl362.a(adxl362.c.obj)
 .text.adxl362_channel_get
                0x0002526c       0x8c zephyr/drivers/sensor/adxl362/libdrivers__sensor__adxl362.a(adxl362.c.obj)
 .text.adxl362_sample_fetch
                0x000252f8       0x48 zephyr/drivers/sensor/adxl362/libdrivers__sensor__adxl362.a(adxl362.c.obj)
 .text.adxl362_init
                0x00025340      0x22c zephyr/drivers/sensor/adxl362/libdrivers__sensor__adxl362.a(adxl362.c.obj)
 .text.adxl362_set_interrupt_mode
                0x0002556c       0x60 zephyr/drivers/sensor/adxl362/libdrivers__sensor__adxl362.a(adxl362.c.obj)
                0x0002556c                adxl362_set_interrupt_mode
 .text.adxl362_work_cb
                0x000255cc       0x80 zephyr/drivers/sensor/adxl362/libdrivers__sensor__adxl362.a(adxl362_trigger.c.obj)
 .text.adxl362_trigger_set
                0x0002564c       0xa8 zephyr/drivers/sensor/adxl362/libdrivers__sensor__adxl362.a(adxl362_trigger.c.obj)
                0x0002564c                adxl362_trigger_set
 .text.adxl362_init_interrupt
                0x000256f4      0x244 zephyr/drivers/sensor/adxl362/libdrivers__sensor__adxl362.a(adxl362_trigger.c.obj)
                0x000256f4                adxl362_init_interrupt
 .text.bme680_sample_fetch
                0x00025938      0x2d4 zephyr/drivers/sensor/bme680/libdrivers__sensor__bme680.a(bme680.c.obj)
 .text.bme680_init
                0x00025c0c      0x27c zephyr/drivers/sensor/bme680/libdrivers__sensor__bme680.a(bme680.c.obj)
 .text.gpio_pin_set
                0x00025e88       0x8c zephyr/drivers/spi/libdrivers__spi.a(spi_nrfx_spim.c.obj)
 .text.spi_3_init
                0x00025f14       0x60 zephyr/drivers/spi/libdrivers__spi.a(spi_nrfx_spim.c.obj)
 .text.transfer_next_chunk
                0x00025f74       0xc0 zephyr/drivers/spi/libdrivers__spi.a(spi_nrfx_spim.c.obj)
 .text.spi_nrfx_transceive
                0x00026034      0x380 zephyr/drivers/spi/libdrivers__spi.a(spi_nrfx_spim.c.obj)
 .text.event_handler
                0x000263b4       0xb8 zephyr/drivers/spi/libdrivers__spi.a(spi_nrfx_spim.c.obj)
 .text.flash_nrf_pages_layout
                0x0002646c       0x10 zephyr/drivers/flash/libdrivers__flash.a(soc_flash_nrf.c.obj)
 .text.flash_nrf_get_parameters
                0x0002647c        0x8 zephyr/drivers/flash/libdrivers__flash.a(soc_flash_nrf.c.obj)
 .text.flash_nrf_read
                0x00026484       0x64 zephyr/drivers/flash/libdrivers__flash.a(soc_flash_nrf.c.obj)
 .text.flash_nrf_erase
                0x000264e8       0xa0 zephyr/drivers/flash/libdrivers__flash.a(soc_flash_nrf.c.obj)
 .text.nrf_flash_init
                0x00026588       0x28 zephyr/drivers/flash/libdrivers__flash.a(soc_flash_nrf.c.obj)
 .text.flash_nrf_write
                0x000265b0       0xa4 zephyr/drivers/flash/libdrivers__flash.a(soc_flash_nrf.c.obj)
 .text.uarte_nrfx_configure
                0x00026654      0x16c zephyr/drivers/serial/libdrivers__serial.a(uart_nrfx_uarte.c.obj)
 .text.nrf_gpio_pin_port_decode
                0x000267c0       0x70 zephyr/drivers/serial/libdrivers__serial.a(uart_nrfx_uarte.c.obj)
 .text.uarte_nrfx_poll_out
                0x00026830       0x94 zephyr/drivers/serial/libdrivers__serial.a(uart_nrfx_uarte.c.obj)
 .text.uarte_instance_init.isra.0
                0x000268c4      0x1c4 zephyr/drivers/serial/libdrivers__serial.a(uart_nrfx_uarte.c.obj)
 .text.uarte_0_init
                0x00026a88       0x30 zephyr/drivers/serial/libdrivers__serial.a(uart_nrfx_uarte.c.obj)
 .text.uarte_1_init
                0x00026ab8       0x30 zephyr/drivers/serial/libdrivers__serial.a(uart_nrfx_uarte.c.obj)
 .text.entropy_cc3xx_rng_get_entropy
                0x00026ae8       0x7c zephyr/drivers/entropy/libdrivers__entropy.a(entropy_cc310.c.obj)
 .text._nrf_modem_lib_init
                0x00026b64       0x7c modules/nrf/lib/nrf_modem_lib/lib..__nrf__lib__nrf_modem_lib.a(nrf_modem_lib.c.obj)
 .text.nrf_modem_lib_shutdown_wait
                0x00026be0       0x94 modules/nrf/lib/nrf_modem_lib/lib..__nrf__lib__nrf_modem_lib.a(nrf_modem_lib.c.obj)
                0x00026be0                nrf_modem_lib_shutdown_wait
 .text.nrf_modem_lib_get_init_ret
                0x00026c74        0xc modules/nrf/lib/nrf_modem_lib/lib..__nrf__lib__nrf_modem_lib.a(nrf_modem_lib.c.obj)
                0x00026c74                nrf_modem_lib_get_init_ret
 .text.thread_monitor_entry_get
                0x00026c80       0x40 modules/nrf/lib/nrf_modem_lib/lib..__nrf__lib__nrf_modem_lib.a(nrf_modem_os.c.obj)
 .text.rpc_proxy_irq_handler
                0x00026cc0       0x50 modules/nrf/lib/nrf_modem_lib/lib..__nrf__lib__nrf_modem_lib.a(nrf_modem_os.c.obj)
                0x00026cc0                rpc_proxy_irq_handler
 .text.nrf_modem_os_timedwait
                0x00026d10      0x170 modules/nrf/lib/nrf_modem_lib/lib..__nrf__lib__nrf_modem_lib.a(nrf_modem_os.c.obj)
                0x00026d10                nrf_modem_os_timedwait
 .text.nrf_modem_os_errno_set
                0x00026e80      0x324 modules/nrf/lib/nrf_modem_lib/lib..__nrf__lib__nrf_modem_lib.a(nrf_modem_os.c.obj)
                0x00026e80                nrf_modem_os_errno_set
 .text.nrf_modem_os_application_irq_set
                0x000271a4       0x10 modules/nrf/lib/nrf_modem_lib/lib..__nrf__lib__nrf_modem_lib.a(nrf_modem_os.c.obj)
                0x000271a4                nrf_modem_os_application_irq_set
 .text.nrf_modem_os_application_irq_clear
                0x000271b4       0x10 modules/nrf/lib/nrf_modem_lib/lib..__nrf__lib__nrf_modem_lib.a(nrf_modem_os.c.obj)
                0x000271b4                nrf_modem_os_application_irq_clear
 .text.nrf_modem_os_trace_irq_set
                0x000271c4       0x10 modules/nrf/lib/nrf_modem_lib/lib..__nrf__lib__nrf_modem_lib.a(nrf_modem_os.c.obj)
                0x000271c4                nrf_modem_os_trace_irq_set
 .text.nrf_modem_os_trace_irq_clear
                0x000271d4       0x10 modules/nrf/lib/nrf_modem_lib/lib..__nrf__lib__nrf_modem_lib.a(nrf_modem_os.c.obj)
                0x000271d4                nrf_modem_os_trace_irq_clear
 .text.nrf_modem_os_alloc
                0x000271e4       0x10 modules/nrf/lib/nrf_modem_lib/lib..__nrf__lib__nrf_modem_lib.a(nrf_modem_os.c.obj)
                0x000271e4                nrf_modem_os_alloc
 .text.nrf_modem_os_free
                0x000271f4        0xc modules/nrf/lib/nrf_modem_lib/lib..__nrf__lib__nrf_modem_lib.a(nrf_modem_os.c.obj)
                0x000271f4                nrf_modem_os_free
 .text.nrf_modem_os_shm_tx_alloc
                0x00027200       0x10 modules/nrf/lib/nrf_modem_lib/lib..__nrf__lib__nrf_modem_lib.a(nrf_modem_os.c.obj)
                0x00027200                nrf_modem_os_shm_tx_alloc
 .text.nrf_modem_os_shm_tx_free
                0x00027210        0xc modules/nrf/lib/nrf_modem_lib/lib..__nrf__lib__nrf_modem_lib.a(nrf_modem_os.c.obj)
                0x00027210                nrf_modem_os_shm_tx_free
 .text.nrf_modem_os_init
                0x0002721c       0x50 modules/nrf/lib/nrf_modem_lib/lib..__nrf__lib__nrf_modem_lib.a(nrf_modem_os.c.obj)
                0x0002721c                nrf_modem_os_init
 .text.z_to_nrf_optname
                0x0002726c      0x1d4 modules/nrf/lib/nrf_modem_lib/lib..__nrf__lib__nrf_modem_lib.a(nrf91_sockets.c.obj)
 .text.nrf91_nrf_modem_lib_socket_offload_init
                0x00027440       0x20 modules/nrf/lib/nrf_modem_lib/lib..__nrf__lib__nrf_modem_lib.a(nrf91_sockets.c.obj)
 .text.nrf91_socket_offload_ioctl
                0x00027460      0x148 modules/nrf/lib/nrf_modem_lib/lib..__nrf__lib__nrf_modem_lib.a(nrf91_sockets.c.obj)
 .text.nrf91_socket_iface_init
                0x000275a8       0x18 modules/nrf/lib/nrf_modem_lib/lib..__nrf__lib__nrf_modem_lib.a(nrf91_sockets.c.obj)
 .text.nrf91_socket_offload_getaddrinfo
                0x000275c0      0x1fc modules/nrf/lib/nrf_modem_lib/lib..__nrf__lib__nrf_modem_lib.a(nrf91_sockets.c.obj)
 .text.nrf91_socket_offload_sendmsg
                0x000277bc      0x108 modules/nrf/lib/nrf_modem_lib/lib..__nrf__lib__nrf_modem_lib.a(nrf91_sockets.c.obj)
 .text.allocate_ctx
                0x000278c4       0x44 modules/nrf/lib/nrf_modem_lib/lib..__nrf__lib__nrf_modem_lib.a(nrf91_sockets.c.obj)
 .text.release_ctx
                0x00027908       0x2c modules/nrf/lib/nrf_modem_lib/lib..__nrf__lib__nrf_modem_lib.a(nrf91_sockets.c.obj)
 .text.nrf91_socket_offload_accept
                0x00027934       0xb8 modules/nrf/lib/nrf_modem_lib/lib..__nrf__lib__nrf_modem_lib.a(nrf91_sockets.c.obj)
 .text.nrf91_socket_create
                0x000279ec       0x88 modules/nrf/lib/nrf_modem_lib/lib..__nrf__lib__nrf_modem_lib.a(nrf91_sockets.c.obj)
 .text.open_socket
                0x00027a74       0x28 modules/nrf/lib/at_cmd/lib..__nrf__lib__at_cmd.a(at_cmd.c.obj)
 .text.complete_cmd
                0x00027a9c       0x2c modules/nrf/lib/at_cmd/lib..__nrf__lib__at_cmd.a(at_cmd.c.obj)
 .text.at_cmd_driver_init
                0x00027ac8       0xa8 modules/nrf/lib/at_cmd/lib..__nrf__lib__at_cmd.a(at_cmd.c.obj)
 .text.load_cmd_and_write
                0x00027b70       0xfc modules/nrf/lib/at_cmd/lib..__nrf__lib__at_cmd.a(at_cmd.c.obj)
 .text.socket_thread_fn
                0x00027c6c      0x26c modules/nrf/lib/at_cmd/lib..__nrf__lib__at_cmd.a(at_cmd.c.obj)
 .text.at_cmd_write
                0x00027ed8      0x134 modules/nrf/lib/at_cmd/lib..__nrf__lib__at_cmd.a(at_cmd.c.obj)
                0x00027ed8                at_cmd_write
 .text.at_cmd_set_notification_handler
                0x0002800c       0x38 modules/nrf/lib/at_cmd/lib..__nrf__lib__at_cmd.a(at_cmd.c.obj)
                0x0002800c                at_cmd_set_notification_handler
 .text.module_init
                0x00028044       0x4c modules/nrf/lib/at_notif/lib..__nrf__lib__at_notif.a(at_notif.c.obj)
 .text.k_mutex_unlock.constprop.0
                0x00028090        0xc modules/nrf/lib/at_notif/lib..__nrf__lib__at_notif.a(at_notif.c.obj)
 .text.notif_dispatch
                0x0002809c       0x4c modules/nrf/lib/at_notif/lib..__nrf__lib__at_notif.a(at_notif.c.obj)
 .text.date_time_init
                0x000280e8       0x24 modules/nrf/lib/date_time/lib..__nrf__lib__date_time.a(date_time.c.obj)
 .text.date_time_notify_event.constprop.0
                0x0002810c       0x14 modules/nrf/lib/date_time/lib..__nrf__lib__date_time.a(date_time.c.obj)
 .text.date_time_handler
                0x00028120       0x20 modules/nrf/lib/date_time/lib..__nrf__lib__date_time.a(date_time.c.obj)
 .text.new_date_time_get
                0x00028140      0x260 modules/nrf/lib/date_time/lib..__nrf__lib__date_time.a(date_time.c.obj)
 .text.api_uninit
                0x000283a0       0x28 modules/nrf/subsys/net/lib/nrf_cloud/lib..__nrf__subsys__net__lib__nrf_cloud.a(nrf_cloud.c.obj)
 .text.connect_error_translate.part.0
                0x000283c8       0x2c modules/nrf/subsys/net/lib/nrf_cloud/lib..__nrf__subsys__net__lib__nrf_cloud.a(nrf_cloud.c.obj)
 .text.connect_error_translate
                0x000283f4       0xb0 modules/nrf/subsys/net/lib/nrf_cloud/lib..__nrf__subsys__net__lib__nrf_cloud.a(nrf_cloud.c.obj)
 .text.api_event_handler
                0x000284a4      0x1c0 modules/nrf/subsys/net/lib/nrf_cloud/lib..__nrf__subsys__net__lib__nrf_cloud.a(nrf_cloud.c.obj)
 .text.nfsm_get_current_state
                0x00028664        0xc modules/nrf/subsys/net/lib/nrf_cloud/lib..__nrf__subsys__net__lib__nrf_cloud.a(nrf_cloud.c.obj)
                0x00028664                nfsm_get_current_state
 .text.nfsm_set_current_state_and_notify
                0x00028670       0x78 modules/nrf/subsys/net/lib/nrf_cloud/lib..__nrf__subsys__net__lib__nrf_cloud.a(nrf_cloud.c.obj)
                0x00028670                nfsm_set_current_state_and_notify
 .text.nfsm_get_disconnect_requested
                0x000286e8       0x14 modules/nrf/subsys/net/lib/nrf_cloud/lib..__nrf__subsys__net__lib__nrf_cloud.a(nrf_cloud.c.obj)
                0x000286e8                nfsm_get_disconnect_requested
 .text.nrf_cloud_init
                0x000286fc       0x44 modules/nrf/subsys/net/lib/nrf_cloud/lib..__nrf__subsys__net__lib__nrf_cloud.a(nrf_cloud.c.obj)
                0x000286fc                nrf_cloud_init
 .text.api_init
                0x00028740       0x28 modules/nrf/subsys/net/lib/nrf_cloud/lib..__nrf__subsys__net__lib__nrf_cloud.a(nrf_cloud.c.obj)
 .text.nrf_cloud_connect
                0x00028768       0x78 modules/nrf/subsys/net/lib/nrf_cloud/lib..__nrf__subsys__net__lib__nrf_cloud.a(nrf_cloud.c.obj)
                0x00028768                nrf_cloud_connect
 .text.nrf_cloud_disconnect
                0x000287e0       0x30 modules/nrf/subsys/net/lib/nrf_cloud/lib..__nrf__subsys__net__lib__nrf_cloud.a(nrf_cloud.c.obj)
                0x000287e0                nrf_cloud_disconnect
 .text.nrf_cloud_run
                0x00028810      0x1a0 modules/nrf/subsys/net/lib/nrf_cloud/lib..__nrf__subsys__net__lib__nrf_cloud.a(nrf_cloud.c.obj)
                0x00028810                nrf_cloud_run
 .text.nrf_cloud_send
                0x000289b0       0xc0 modules/nrf/subsys/net/lib/nrf_cloud/lib..__nrf__subsys__net__lib__nrf_cloud.a(nrf_cloud.c.obj)
                0x000289b0                nrf_cloud_send
 .text.api_send
                0x00028a70       0xc0 modules/nrf/subsys/net/lib/nrf_cloud/lib..__nrf__subsys__net__lib__nrf_cloud.a(nrf_cloud.c.obj)
 .text.nct_input
                0x00028b30        0xc modules/nrf/subsys/net/lib/nrf_cloud/lib..__nrf__subsys__net__lib__nrf_cloud.a(nrf_cloud.c.obj)
                0x00028b30                nct_input
 .text.nct_apply_update
                0x00028b3c        0xc modules/nrf/subsys/net/lib/nrf_cloud/lib..__nrf__subsys__net__lib__nrf_cloud.a(nrf_cloud.c.obj)
                0x00028b3c                nct_apply_update
 .text.nrf_cloud_decode_desired_obj
                0x00028b48       0x24 modules/nrf/subsys/net/lib/nrf_cloud/lib..__nrf__subsys__net__lib__nrf_cloud.a(nrf_cloud_codec.c.obj)
 .text.nrf_cloud_decode_requested_state
                0x00028b6c      0x18c modules/nrf/subsys/net/lib/nrf_cloud/lib..__nrf__subsys__net__lib__nrf_cloud.a(nrf_cloud_codec.c.obj)
                0x00028b6c                nrf_cloud_decode_requested_state
 .text.nrf_cloud_encode_config_response
                0x00028cf8      0x168 modules/nrf/subsys/net/lib/nrf_cloud/lib..__nrf__subsys__net__lib__nrf_cloud.a(nrf_cloud_codec.c.obj)
                0x00028cf8                nrf_cloud_encode_config_response
 .text.nrf_cloud_decode_data_endpoint
                0x00028e60      0x188 modules/nrf/subsys/net/lib/nrf_cloud/lib..__nrf__subsys__net__lib__nrf_cloud.a(nrf_cloud_codec.c.obj)
                0x00028e60                nrf_cloud_decode_data_endpoint
 .text.state_ua_pin_wait
                0x00028fe8       0x98 modules/nrf/subsys/net/lib/nrf_cloud/lib..__nrf__subsys__net__lib__nrf_cloud.a(nrf_cloud_fsm.c.obj)
 .text.cc_connection_handler
                0x00029080       0x50 modules/nrf/subsys/net/lib/nrf_cloud/lib..__nrf__subsys__net__lib__nrf_cloud.a(nrf_cloud_fsm.c.obj)
 .text.cc_rx_data_handler
                0x000290d0      0x1e4 modules/nrf/subsys/net/lib/nrf_cloud/lib..__nrf__subsys__net__lib__nrf_cloud.a(nrf_cloud_fsm.c.obj)
 .text.nfsm_init
                0x000292b4        0xc modules/nrf/subsys/net/lib/nrf_cloud/lib..__nrf__subsys__net__lib__nrf_cloud.a(nrf_cloud_fsm.c.obj)
                0x000292b4                nfsm_init
 .text.nfsm_handle_incoming_event
                0x000292c0       0xac modules/nrf/subsys/net/lib/nrf_cloud/lib..__nrf__subsys__net__lib__nrf_cloud.a(nrf_cloud_fsm.c.obj)
                0x000292c0                nfsm_handle_incoming_event
 .text.cc_tx_ack_handler
                0x0002936c       0x80 modules/nrf/subsys/net/lib/nrf_cloud/lib..__nrf__subsys__net__lib__nrf_cloud.a(nrf_cloud_fsm.c.obj)
 .text.connection_handler
                0x000293ec       0x98 modules/nrf/subsys/net/lib/nrf_cloud/lib..__nrf__subsys__net__lib__nrf_cloud.a(nrf_cloud_fsm.c.obj)
 .text.dc_endpoint_reset
                0x00029484       0x1c modules/nrf/subsys/net/lib/nrf_cloud/lib..__nrf__subsys__net__lib__nrf_cloud.a(nrf_cloud_transport.c.obj)
 .text.get_next_message_id
                0x000294a0       0x24 modules/nrf/subsys/net/lib/nrf_cloud/lib..__nrf__subsys__net__lib__nrf_cloud.a(nrf_cloud_transport.c.obj)
 .text.nct_settings_set
                0x000294c4       0x9c modules/nrf/subsys/net/lib/nrf_cloud/lib..__nrf__subsys__net__lib__nrf_cloud.a(nrf_cloud_transport.c.obj)
 .text.nrf_cloud_fota_cb_handler
                0x00029560       0xc4 modules/nrf/subsys/net/lib/nrf_cloud/lib..__nrf__subsys__net__lib__nrf_cloud.a(nrf_cloud_transport.c.obj)
 .text.allocate_and_format_topic
                0x00029624       0x54 modules/nrf/subsys/net/lib/nrf_cloud/lib..__nrf__subsys__net__lib__nrf_cloud.a(nrf_cloud_transport.c.obj)
 .text.nct_reset_topics
                0x00029678       0x7c modules/nrf/subsys/net/lib/nrf_cloud/lib..__nrf__subsys__net__lib__nrf_cloud.a(nrf_cloud_transport.c.obj)
 .text.dc_send  0x000296f4       0x60 modules/nrf/subsys/net/lib/nrf_cloud/lib..__nrf__subsys__net__lib__nrf_cloud.a(nrf_cloud_transport.c.obj)
 .text.dc_endpoint_free
                0x00029754       0x3c modules/nrf/subsys/net/lib/nrf_cloud/lib..__nrf__subsys__net__lib__nrf_cloud.a(nrf_cloud_transport.c.obj)
 .text.save_session_state
                0x00029790       0x50 modules/nrf/subsys/net/lib/nrf_cloud/lib..__nrf__subsys__net__lib__nrf_cloud.a(nrf_cloud_transport.c.obj)
                0x00029790                save_session_state
 .text.nct_mqtt_evt_handler
                0x000297e0      0x298 modules/nrf/subsys/net/lib/nrf_cloud/lib..__nrf__subsys__net__lib__nrf_cloud.a(nrf_cloud_transport.c.obj)
 .text.nct_mqtt_connect
                0x00029a78      0x130 modules/nrf/subsys/net/lib/nrf_cloud/lib..__nrf__subsys__net__lib__nrf_cloud.a(nrf_cloud_transport.c.obj)
                0x00029a78                nct_mqtt_connect
 .text.nct_init
                0x00029ba8      0x2cc modules/nrf/subsys/net/lib/nrf_cloud/lib..__nrf__subsys__net__lib__nrf_cloud.a(nrf_cloud_transport.c.obj)
                0x00029ba8                nct_init
 .text.nct_connect
                0x00029e74       0xd8 modules/nrf/subsys/net/lib/nrf_cloud/lib..__nrf__subsys__net__lib__nrf_cloud.a(nrf_cloud_transport.c.obj)
                0x00029e74                nct_connect
 .text.nct_cc_connect
                0x00029f4c       0x4c modules/nrf/subsys/net/lib/nrf_cloud/lib..__nrf__subsys__net__lib__nrf_cloud.a(nrf_cloud_transport.c.obj)
                0x00029f4c                nct_cc_connect
 .text.nct_cc_send
                0x00029f98       0xd4 modules/nrf/subsys/net/lib/nrf_cloud/lib..__nrf__subsys__net__lib__nrf_cloud.a(nrf_cloud_transport.c.obj)
                0x00029f98                nct_cc_send
 .text.nct_dc_endpoint_set
                0x0002a06c       0x84 modules/nrf/subsys/net/lib/nrf_cloud/lib..__nrf__subsys__net__lib__nrf_cloud.a(nrf_cloud_transport.c.obj)
                0x0002a06c                nct_dc_endpoint_set
 .text.nct_dc_endpoint_get
                0x0002a0f0       0x5c modules/nrf/subsys/net/lib/nrf_cloud/lib..__nrf__subsys__net__lib__nrf_cloud.a(nrf_cloud_transport.c.obj)
                0x0002a0f0                nct_dc_endpoint_get
 .text.nct_dc_connect
                0x0002a14c       0x5c modules/nrf/subsys/net/lib/nrf_cloud/lib..__nrf__subsys__net__lib__nrf_cloud.a(nrf_cloud_transport.c.obj)
                0x0002a14c                nct_dc_connect
 .text.nct_dc_disconnect
                0x0002a1a8       0x68 modules/nrf/subsys/net/lib/nrf_cloud/lib..__nrf__subsys__net__lib__nrf_cloud.a(nrf_cloud_transport.c.obj)
                0x0002a1a8                nct_dc_disconnect
 .text.nct_disconnect
                0x0002a210       0x3c modules/nrf/subsys/net/lib/nrf_cloud/lib..__nrf__subsys__net__lib__nrf_cloud.a(nrf_cloud_transport.c.obj)
                0x0002a210                nct_disconnect
 .text.nct_process
                0x0002a24c       0x18 modules/nrf/subsys/net/lib/nrf_cloud/lib..__nrf__subsys__net__lib__nrf_cloud.a(nrf_cloud_transport.c.obj)
                0x0002a24c                nct_process
 .text.nct_keepalive_time_left
                0x0002a264        0xc modules/nrf/subsys/net/lib/nrf_cloud/lib..__nrf__subsys__net__lib__nrf_cloud.a(nrf_cloud_transport.c.obj)
                0x0002a264                nct_keepalive_time_left
 .text.nct_socket_get
                0x0002a270        0xc modules/nrf/subsys/net/lib/nrf_cloud/lib..__nrf__subsys__net__lib__nrf_cloud.a(nrf_cloud_transport.c.obj)
                0x0002a270                nct_socket_get
 .text.fota_settings_set
                0x0002a27c       0xb8 modules/nrf/subsys/net/lib/nrf_cloud/lib..__nrf__subsys__net__lib__nrf_cloud.a(nrf_cloud_fota.c.obj)
 .text.add_number_to_array
                0x0002a334       0x50 modules/nrf/subsys/net/lib/nrf_cloud/lib..__nrf__subsys__net__lib__nrf_cloud.a(nrf_cloud_fota.c.obj)
 .text.add_string_to_array
                0x0002a384       0x48 modules/nrf/subsys/net/lib/nrf_cloud/lib..__nrf__subsys__net__lib__nrf_cloud.a(nrf_cloud_fota.c.obj)
 .text.publish  0x0002a3cc       0x78 modules/nrf/subsys/net/lib/nrf_cloud/lib..__nrf__subsys__net__lib__nrf_cloud.a(nrf_cloud_fota.c.obj)
 .text.save_validate_status
                0x0002a444       0xc0 modules/nrf/subsys/net/lib/nrf_cloud/lib..__nrf__subsys__net__lib__nrf_cloud.a(nrf_cloud_fota.c.obj)
 .text.reset_topics
                0x0002a504       0x24 modules/nrf/subsys/net/lib/nrf_cloud/lib..__nrf__subsys__net__lib__nrf_cloud.a(nrf_cloud_fota.c.obj)
 .text.build_topic
                0x0002a528       0x6c modules/nrf/subsys/net/lib/nrf_cloud/lib..__nrf__subsys__net__lib__nrf_cloud.a(nrf_cloud_fota.c.obj)
 .text.get_string_from_array
                0x0002a594       0x4c modules/nrf/subsys/net/lib/nrf_cloud/lib..__nrf__subsys__net__lib__nrf_cloud.a(nrf_cloud_fota.c.obj)
 .text.get_number_from_array
                0x0002a5e0       0x4c modules/nrf/subsys/net/lib/nrf_cloud/lib..__nrf__subsys__net__lib__nrf_cloud.a(nrf_cloud_fota.c.obj)
 .text.send_event.constprop.0
                0x0002a62c       0x44 modules/nrf/subsys/net/lib/nrf_cloud/lib..__nrf__subsys__net__lib__nrf_cloud.a(nrf_cloud_fota.c.obj)
 .text.cleanup_job.constprop.0
                0x0002a670       0x60 modules/nrf/subsys/net/lib/nrf_cloud/lib..__nrf__subsys__net__lib__nrf_cloud.a(nrf_cloud_fota.c.obj)
 .text.send_job_update
                0x0002a6d0      0x100 modules/nrf/subsys/net/lib/nrf_cloud/lib..__nrf__subsys__net__lib__nrf_cloud.a(nrf_cloud_fota.c.obj)
 .text.http_fota_handler
                0x0002a7d0      0x158 modules/nrf/subsys/net/lib/nrf_cloud/lib..__nrf__subsys__net__lib__nrf_cloud.a(nrf_cloud_fota.c.obj)
 .text.report_validated_job_status
                0x0002a928       0xb4 modules/nrf/subsys/net/lib/nrf_cloud/lib..__nrf__subsys__net__lib__nrf_cloud.a(nrf_cloud_fota.c.obj)
 .text.nrf_cloud_fota_init
                0x0002a9dc      0x1c4 modules/nrf/subsys/net/lib/nrf_cloud/lib..__nrf__subsys__net__lib__nrf_cloud.a(nrf_cloud_fota.c.obj)
                0x0002a9dc                nrf_cloud_fota_init
 .text.nrf_cloud_fota_endpoint_set
                0x0002aba0       0x78 modules/nrf/subsys/net/lib/nrf_cloud/lib..__nrf__subsys__net__lib__nrf_cloud.a(nrf_cloud_fota.c.obj)
                0x0002aba0                nrf_cloud_fota_endpoint_set
 .text.nrf_cloud_fota_endpoint_set_and_report
                0x0002ac18       0x3c modules/nrf/subsys/net/lib/nrf_cloud/lib..__nrf__subsys__net__lib__nrf_cloud.a(nrf_cloud_fota.c.obj)
                0x0002ac18                nrf_cloud_fota_endpoint_set_and_report
 .text.nrf_cloud_fota_endpoint_clear
                0x0002ac54       0x10 modules/nrf/subsys/net/lib/nrf_cloud/lib..__nrf__subsys__net__lib__nrf_cloud.a(nrf_cloud_fota.c.obj)
                0x0002ac54                nrf_cloud_fota_endpoint_clear
 .text.nrf_cloud_fota_subscribe
                0x0002ac64       0x78 modules/nrf/subsys/net/lib/nrf_cloud/lib..__nrf__subsys__net__lib__nrf_cloud.a(nrf_cloud_fota.c.obj)
                0x0002ac64                nrf_cloud_fota_subscribe
 .text.nrf_cloud_fota_unsubscribe
                0x0002acdc       0x3c modules/nrf/subsys/net/lib/nrf_cloud/lib..__nrf__subsys__net__lib__nrf_cloud.a(nrf_cloud_fota.c.obj)
                0x0002acdc                nrf_cloud_fota_unsubscribe
 .text.nrf_cloud_fota_update_check
                0x0002ad18       0x50 modules/nrf/subsys/net/lib/nrf_cloud/lib..__nrf__subsys__net__lib__nrf_cloud.a(nrf_cloud_fota.c.obj)
                0x0002ad18                nrf_cloud_fota_update_check
 .text.nrf_cloud_fota_mqtt_evt_handler
                0x0002ad68      0x444 modules/nrf/subsys/net/lib/nrf_cloud/lib..__nrf__subsys__net__lib__nrf_cloud.a(nrf_cloud_fota.c.obj)
                0x0002ad68                nrf_cloud_fota_mqtt_evt_handler
 .text.fragment_evt_send
                0x0002b1ac       0x5c modules/nrf/subsys/net/lib/download_client/lib..__nrf__subsys__net__lib__download_client.a(download_client.c.obj)
 .text.download_client_init
                0x0002b208       0x5c modules/nrf/subsys/net/lib/download_client/lib..__nrf__subsys__net__lib__download_client.a(download_client.c.obj)
                0x0002b208                download_client_init
 .text.download_client_connect
                0x0002b264      0x568 modules/nrf/subsys/net/lib/download_client/lib..__nrf__subsys__net__lib__download_client.a(download_client.c.obj)
                0x0002b264                download_client_connect
 .text.download_client_disconnect
                0x0002b7cc       0x54 modules/nrf/subsys/net/lib/download_client/lib..__nrf__subsys__net__lib__download_client.a(download_client.c.obj)
                0x0002b7cc                download_client_disconnect
 .text.reconnect
                0x0002b820       0x40 modules/nrf/subsys/net/lib/download_client/lib..__nrf__subsys__net__lib__download_client.a(download_client.c.obj)
 .text.download_thread
                0x0002b860      0x248 modules/nrf/subsys/net/lib/download_client/lib..__nrf__subsys__net__lib__download_client.a(download_client.c.obj)
                0x0002b860                download_thread
 .text.download_client_start
                0x0002baa8       0x74 modules/nrf/subsys/net/lib/download_client/lib..__nrf__subsys__net__lib__download_client.a(download_client.c.obj)
                0x0002baa8                download_client_start
 .text.url_parse_proto
                0x0002bb1c       0x6c modules/nrf/subsys/net/lib/download_client/lib..__nrf__subsys__net__lib__download_client.a(parse.c.obj)
                0x0002bb1c                url_parse_proto
 .text.url_parse_host
                0x0002bb88       0x70 modules/nrf/subsys/net/lib/download_client/lib..__nrf__subsys__net__lib__download_client.a(parse.c.obj)
                0x0002bb88                url_parse_host
 .text.url_parse_port
                0x0002bbf8       0x80 modules/nrf/subsys/net/lib/download_client/lib..__nrf__subsys__net__lib__download_client.a(parse.c.obj)
                0x0002bbf8                url_parse_port
 .text.url_parse_file
                0x0002bc78       0x68 modules/nrf/subsys/net/lib/download_client/lib..__nrf__subsys__net__lib__download_client.a(parse.c.obj)
                0x0002bc78                url_parse_file
 .text.http_get_request_send
                0x0002bce0       0xe0 modules/nrf/subsys/net/lib/download_client/lib..__nrf__subsys__net__lib__download_client.a(http.c.obj)
                0x0002bce0                http_get_request_send
 .text.http_parse
                0x0002bdc0      0x1a4 modules/nrf/subsys/net/lib/download_client/lib..__nrf__subsys__net__lib__download_client.a(http.c.obj)
                0x0002bdc0                http_parse
 .text.download_with_offset
                0x0002bf64       0x90 modules/nrf/subsys/net/lib/fota_download/lib..__nrf__subsys__net__lib__fota_download.a(fota_download.c.obj)
 .text.send_error_evt
                0x0002bff4       0x2c modules/nrf/subsys/net/lib/fota_download/lib..__nrf__subsys__net__lib__fota_download.a(fota_download.c.obj)
 .text.download_client_callback
                0x0002c020      0x2a0 modules/nrf/subsys/net/lib/fota_download/lib..__nrf__subsys__net__lib__fota_download.a(fota_download.c.obj)
 .text.dfu_target_callback_handler
                0x0002c2c0       0x38 modules/nrf/subsys/net/lib/fota_download/lib..__nrf__subsys__net__lib__fota_download.a(fota_download.c.obj)
 .text.fota_download_start_with_image_type
                0x0002c2f8       0x98 modules/nrf/subsys/net/lib/fota_download/lib..__nrf__subsys__net__lib__fota_download.a(fota_download.c.obj)
                0x0002c2f8                fota_download_start_with_image_type
 .text.fota_download_init
                0x0002c390       0x84 modules/nrf/subsys/net/lib/fota_download/lib..__nrf__subsys__net__lib__fota_download.a(fota_download.c.obj)
                0x0002c390                fota_download_init
 .text.dfu_target_img_type
                0x0002c414       0x4c modules/nrf/subsys/dfu/dfu_target/lib..__nrf__subsys__dfu__dfu_target.a(dfu_target.c.obj)
                0x0002c414                dfu_target_img_type
 .text.dfu_target_init
                0x0002c460       0x64 modules/nrf/subsys/dfu/dfu_target/lib..__nrf__subsys__dfu__dfu_target.a(dfu_target.c.obj)
                0x0002c460                dfu_target_init
 .text.dfu_target_offset_get
                0x0002c4c4       0x14 modules/nrf/subsys/dfu/dfu_target/lib..__nrf__subsys__dfu__dfu_target.a(dfu_target.c.obj)
                0x0002c4c4                dfu_target_offset_get
 .text.dfu_target_write
                0x0002c4d8       0x18 modules/nrf/subsys/dfu/dfu_target/lib..__nrf__subsys__dfu__dfu_target.a(dfu_target.c.obj)
                0x0002c4d8                dfu_target_write
 .text.dfu_target_done
                0x0002c4f0       0x48 modules/nrf/subsys/dfu/dfu_target/lib..__nrf__subsys__dfu__dfu_target.a(dfu_target.c.obj)
                0x0002c4f0                dfu_target_done
 .text.dfu_target_reset
                0x0002c538       0x40 modules/nrf/subsys/dfu/dfu_target/lib..__nrf__subsys__dfu__dfu_target.a(dfu_target.c.obj)
                0x0002c538                dfu_target_reset
 .text.dfu_target_stream_get_stream
                0x0002c578        0x8 modules/nrf/subsys/dfu/dfu_target/lib..__nrf__subsys__dfu__dfu_target.a(dfu_target_stream.c.obj)
                0x0002c578                dfu_target_stream_get_stream
 .text.dfu_target_stream_init
                0x0002c580       0x6c modules/nrf/subsys/dfu/dfu_target/lib..__nrf__subsys__dfu__dfu_target.a(dfu_target_stream.c.obj)
                0x0002c580                dfu_target_stream_init
 .text.dfu_target_stream_offset_get
                0x0002c5ec       0x14 modules/nrf/subsys/dfu/dfu_target/lib..__nrf__subsys__dfu__dfu_target.a(dfu_target_stream.c.obj)
                0x0002c5ec                dfu_target_stream_offset_get
 .text.dfu_target_stream_write
                0x0002c600       0x3c modules/nrf/subsys/dfu/dfu_target/lib..__nrf__subsys__dfu__dfu_target.a(dfu_target_stream.c.obj)
                0x0002c600                dfu_target_stream_write
 .text.dfu_target_stream_done
                0x0002c63c       0x4c modules/nrf/subsys/dfu/dfu_target/lib..__nrf__subsys__dfu__dfu_target.a(dfu_target_stream.c.obj)
                0x0002c63c                dfu_target_stream_done
 .text.get_modem_error
                0x0002c688       0x54 modules/nrf/subsys/dfu/dfu_target/lib..__nrf__subsys__dfu__dfu_target.a(dfu_target_modem_delta.c.obj)
 .text.delete_banked_modem_delta_fw
                0x0002c6dc       0xe8 modules/nrf/subsys/dfu/dfu_target/lib..__nrf__subsys__dfu__dfu_target.a(dfu_target_modem_delta.c.obj)
 .text.dfu_target_modem_delta_identify
                0x0002c7c4       0x10 modules/nrf/subsys/dfu/dfu_target/lib..__nrf__subsys__dfu__dfu_target.a(dfu_target_modem_delta.c.obj)
                0x0002c7c4                dfu_target_modem_delta_identify
 .text.dfu_target_modem_delta_init
                0x0002c7d4      0x1bc modules/nrf/subsys/dfu/dfu_target/lib..__nrf__subsys__dfu__dfu_target.a(dfu_target_modem_delta.c.obj)
                0x0002c7d4                dfu_target_modem_delta_init
 .text.dfu_target_modem_delta_offset_get
                0x0002c990       0x10 modules/nrf/subsys/dfu/dfu_target/lib..__nrf__subsys__dfu__dfu_target.a(dfu_target_modem_delta.c.obj)
                0x0002c990                dfu_target_modem_delta_offset_get
 .text.dfu_target_modem_delta_write
                0x0002c9a0       0xb4 modules/nrf/subsys/dfu/dfu_target/lib..__nrf__subsys__dfu__dfu_target.a(dfu_target_modem_delta.c.obj)
                0x0002c9a0                dfu_target_modem_delta_write
 .text.dfu_target_modem_delta_done
                0x0002ca54       0x94 modules/nrf/subsys/dfu/dfu_target/lib..__nrf__subsys__dfu__dfu_target.a(dfu_target_modem_delta.c.obj)
                0x0002ca54                dfu_target_modem_delta_done
 .text.dfu_target_mcuboot_identify
                0x0002cae8       0x10 modules/nrf/subsys/dfu/dfu_target/lib..__nrf__subsys__dfu__dfu_target.a(dfu_target_mcuboot.c.obj)
                0x0002cae8                dfu_target_mcuboot_identify
 .text.dfu_target_mcuboot_set_buf
                0x0002caf8       0x24 modules/nrf/subsys/dfu/dfu_target/lib..__nrf__subsys__dfu__dfu_target.a(dfu_target_mcuboot.c.obj)
                0x0002caf8                dfu_target_mcuboot_set_buf
 .text.dfu_target_mcuboot_init
                0x0002cb1c       0xe0 modules/nrf/subsys/dfu/dfu_target/lib..__nrf__subsys__dfu__dfu_target.a(dfu_target_mcuboot.c.obj)
                0x0002cb1c                dfu_target_mcuboot_init
 .text.dfu_target_mcuboot_done
                0x0002cbfc       0x7c modules/nrf/subsys/dfu/dfu_target/lib..__nrf__subsys__dfu__dfu_target.a(dfu_target_mcuboot.c.obj)
                0x0002cbfc                dfu_target_mcuboot_done
 .text.check_ext_api_requests
                0x0002cc78       0x9c modules/nrf/subsys/fw_info/lib..__nrf__subsys__fw_info.a(fw_info.c.obj)
 .text.bh1749_async_init
                0x0002cd14       0xb0 modules/nrf/drivers/sensor/bh1749/lib..__nrf__drivers__sensor__bh1749.a(bh1749.c.obj)
 .text.bh1749_channel_get
                0x0002cdc4       0x5c modules/nrf/drivers/sensor/bh1749/lib..__nrf__drivers__sensor__bh1749.a(bh1749.c.obj)
 .text.bh1749_init
                0x0002ce20       0x90 modules/nrf/drivers/sensor/bh1749/lib..__nrf__drivers__sensor__bh1749.a(bh1749.c.obj)
 .text.bh1749_async_init_rgb_enable
                0x0002ceb0       0x38 modules/nrf/drivers/sensor/bh1749/lib..__nrf__drivers__sensor__bh1749.a(bh1749.c.obj)
 .text.bh1749_async_init_configure
                0x0002cee8       0x50 modules/nrf/drivers/sensor/bh1749/lib..__nrf__drivers__sensor__bh1749.a(bh1749.c.obj)
 .text.bh1749_sample_fetch
                0x0002cf38       0xe8 modules/nrf/drivers/sensor/bh1749/lib..__nrf__drivers__sensor__bh1749.a(bh1749.c.obj)
 .text.bh1749_async_init_reset_check
                0x0002d020       0xec modules/nrf/drivers/sensor/bh1749/lib..__nrf__drivers__sensor__bh1749.a(bh1749.c.obj)
 .text.boot_write_magic
                0x0002d10c       0x1c modules/mcuboot/boot/bootutil/zephyr/libmcuboot_util.a(bootutil_public.c.obj)
                0x0002d10c                boot_write_magic
 .text.boot_read_swap_state
                0x0002d128       0xa0 modules/mcuboot/boot/bootutil/zephyr/libmcuboot_util.a(bootutil_public.c.obj)
                0x0002d128                boot_read_swap_state
 .text.boot_write_swap_info
                0x0002d1c8       0x48 modules/mcuboot/boot/bootutil/zephyr/libmcuboot_util.a(bootutil_public.c.obj)
                0x0002d1c8                boot_write_swap_info
 .text.boot_set_pending_multi
                0x0002d210       0xa0 modules/mcuboot/boot/bootutil/zephyr/libmcuboot_util.a(bootutil_public.c.obj)
                0x0002d210                boot_set_pending_multi
 .text.parse_string
                0x0002d2b0      0x1e4 modules/cjson/libcjson.a(cJSON.c.obj)
 .text.compare_double
                0x0002d494       0x90 modules/cjson/libcjson.a(cJSON.c.obj)
 .text.get_object_item
                0x0002d524       0x70 modules/cjson/libcjson.a(cJSON.c.obj)
 .text.print_string_ptr
                0x0002d594      0x15c modules/cjson/libcjson.a(cJSON.c.obj)
 .text.print_value
                0x0002d6f0      0x3a0 modules/cjson/libcjson.a(cJSON.c.obj)
 .text.print.constprop.0
                0x0002da90       0x98 modules/cjson/libcjson.a(cJSON.c.obj)
 .text.cJSON_strdup.isra.0.constprop.0
                0x0002db28       0x30 modules/cjson/libcjson.a(cJSON.c.obj)
 .text.add_item_to_object.constprop.0
                0x0002db58       0x54 modules/cjson/libcjson.a(cJSON.c.obj)
 .text.cJSON_InitHooks
                0x0002dbac       0x48 modules/cjson/libcjson.a(cJSON.c.obj)
                0x0002dbac                cJSON_InitHooks
 .text.cJSON_Delete
                0x0002dbf4       0x48 modules/cjson/libcjson.a(cJSON.c.obj)
                0x0002dbf4                cJSON_Delete
 .text.cJSON_ParseWithLengthOpts
                0x0002dc3c       0xdc modules/cjson/libcjson.a(cJSON.c.obj)
                0x0002dc3c                cJSON_ParseWithLengthOpts
 .text.cJSON_CreateNull
                0x0002dd18       0x18 modules/cjson/libcjson.a(cJSON.c.obj)
                0x0002dd18                cJSON_CreateNull
 .text.cJSON_CreateString
                0x0002dd30       0x30 modules/cjson/libcjson.a(cJSON.c.obj)
                0x0002dd30                cJSON_CreateString
 .text.cJSON_CreateArray
                0x0002dd60       0x18 modules/cjson/libcjson.a(cJSON.c.obj)
                0x0002dd60                cJSON_CreateArray
 .text.cJSON_CreateObject
                0x0002dd78       0x18 modules/cjson/libcjson.a(cJSON.c.obj)
                0x0002dd78                cJSON_CreateObject
 .text.cJSON_Init
                0x0002dd90       0x1c modules/cjson/libcjson.a(cJSON_os.c.obj)
                0x0002dd90                cJSON_Init
 .text.SystemInit
                0x0002ddac       0x2c modules/hal_nordic/nrfx/libmodules__hal_nordic__nrfx.a(system_nrf9160.c.obj)
                0x0002ddac                SystemInit
 .text.nrf_clock_is_running.constprop.0
                0x0002ddd8       0x60 modules/hal_nordic/nrfx/libmodules__hal_nordic__nrfx.a(nrfx_clock.c.obj)
 .text.nrfx_clock_init
                0x0002de38       0x48 modules/hal_nordic/nrfx/libmodules__hal_nordic__nrfx.a(nrfx_clock.c.obj)
                0x0002de38                nrfx_clock_init
 .text.nrfx_clock_enable
                0x0002de80       0x40 modules/hal_nordic/nrfx/libmodules__hal_nordic__nrfx.a(nrfx_clock.c.obj)
                0x0002de80                nrfx_clock_enable
 .text.nrfx_clock_start
                0x0002dec0       0xac modules/hal_nordic/nrfx/libmodules__hal_nordic__nrfx.a(nrfx_clock.c.obj)
                0x0002dec0                nrfx_clock_start
 .text.nrfx_clock_stop
                0x0002df6c       0xd8 modules/hal_nordic/nrfx/libmodules__hal_nordic__nrfx.a(nrfx_clock.c.obj)
                0x0002df6c                nrfx_clock_stop
 .text.nrfx_power_clock_irq_handler
                0x0002e044       0x68 modules/hal_nordic/nrfx/libmodules__hal_nordic__nrfx.a(nrfx_clock.c.obj)
                0x0002e044                nrfx_power_clock_irq_handler
 .text.nrfx_dppi_channel_alloc
                0x0002e0ac       0x54 modules/hal_nordic/nrfx/libmodules__hal_nordic__nrfx.a(nrfx_dppi.c.obj)
                0x0002e0ac                nrfx_dppi_channel_alloc
 .text.nrfx_gpiote_channel_free
                0x0002e100       0x44 modules/hal_nordic/nrfx/libmodules__hal_nordic__nrfx.a(nrfx_gpiote.c.obj)
                0x0002e100                nrfx_gpiote_channel_free
 .text.nrfx_gpiote_channel_alloc
                0x0002e144       0x70 modules/hal_nordic/nrfx/libmodules__hal_nordic__nrfx.a(nrfx_gpiote.c.obj)
                0x0002e144                nrfx_gpiote_channel_alloc
 .text.nrfx_ipc_init
                0x0002e1b4       0x50 modules/hal_nordic/nrfx/libmodules__hal_nordic__nrfx.a(nrfx_ipc.c.obj)
                0x0002e1b4                nrfx_ipc_init
 .text.nrfx_ipc_config_load
                0x0002e204       0x88 modules/hal_nordic/nrfx/libmodules__hal_nordic__nrfx.a(nrfx_ipc.c.obj)
                0x0002e204                nrfx_ipc_config_load
 .text.nrfx_ipc_uninit
                0x0002e28c       0x88 modules/hal_nordic/nrfx/libmodules__hal_nordic__nrfx.a(nrfx_ipc.c.obj)
                0x0002e28c                nrfx_ipc_uninit
 .text.nrfx_ipc_irq_handler
                0x0002e314       0x74 modules/hal_nordic/nrfx/libmodules__hal_nordic__nrfx.a(nrfx_ipc.c.obj)
                0x0002e314                nrfx_ipc_irq_handler
 .text.nrfx_nvmc_page_erase
                0x0002e388       0x64 modules/hal_nordic/nrfx/libmodules__hal_nordic__nrfx.a(nrfx_nvmc.c.obj)
                0x0002e388                nrfx_nvmc_page_erase
 .text.nrfx_nvmc_word_write
                0x0002e3ec       0x74 modules/hal_nordic/nrfx/libmodules__hal_nordic__nrfx.a(nrfx_nvmc.c.obj)
                0x0002e3ec                nrfx_nvmc_word_write
 .text.nrf_pwm_sequence_set
                0x0002e460       0xf8 modules/hal_nordic/nrfx/libmodules__hal_nordic__nrfx.a(nrfx_pwm.c.obj)
 .text.nrf_gpio_pin_port_decode
                0x0002e558       0x70 modules/hal_nordic/nrfx/libmodules__hal_nordic__nrfx.a(nrfx_pwm.c.obj)
 .text.nrfx_pwm_init
                0x0002e5c8      0x17c modules/hal_nordic/nrfx/libmodules__hal_nordic__nrfx.a(nrfx_pwm.c.obj)
                0x0002e5c8                nrfx_pwm_init
 .text.nrfx_pwm_simple_playback
                0x0002e744       0xe8 modules/hal_nordic/nrfx/libmodules__hal_nordic__nrfx.a(nrfx_pwm.c.obj)
                0x0002e744                nrfx_pwm_simple_playback
 .text.nrfx_pwm_is_stopped
                0x0002e82c       0x5c modules/hal_nordic/nrfx/libmodules__hal_nordic__nrfx.a(nrfx_pwm.c.obj)
                0x0002e82c                nrfx_pwm_is_stopped
 .text.nrfx_pwm_stop
                0x0002e888       0x64 modules/hal_nordic/nrfx/libmodules__hal_nordic__nrfx.a(nrfx_pwm.c.obj)
                0x0002e888                nrfx_pwm_stop
 .text.nrf_gpio_pin_port_decode
                0x0002e8ec       0x70 modules/hal_nordic/nrfx/libmodules__hal_nordic__nrfx.a(nrfx_spim.c.obj)
 .text.nrfx_spim_init
                0x0002e95c      0x18c modules/hal_nordic/nrfx/libmodules__hal_nordic__nrfx.a(nrfx_spim.c.obj)
                0x0002e95c                nrfx_spim_init
 .text.nrfx_spim_xfer
                0x0002eae8      0x1f4 modules/hal_nordic/nrfx/libmodules__hal_nordic__nrfx.a(nrfx_spim.c.obj)
                0x0002eae8                nrfx_spim_xfer
 .text.nrfx_spim_3_irq_handler
                0x0002ecdc       0x74 modules/hal_nordic/nrfx/libmodules__hal_nordic__nrfx.a(nrfx_spim.c.obj)
                0x0002ecdc                nrfx_spim_3_irq_handler
 .text.nrf_gpio_pin_port_decode
                0x0002ed50       0x70 modules/hal_nordic/nrfx/libmodules__hal_nordic__nrfx.a(nrfx_twim.c.obj)
 .text.nrfx_twim_init
                0x0002edc0       0xf4 modules/hal_nordic/nrfx/libmodules__hal_nordic__nrfx.a(nrfx_twim.c.obj)
                0x0002edc0                nrfx_twim_init
 .text.nrfx_twim_enable
                0x0002eeb4       0x54 modules/hal_nordic/nrfx/libmodules__hal_nordic__nrfx.a(nrfx_twim.c.obj)
                0x0002eeb4                nrfx_twim_enable
 .text.nrfx_twim_disable
                0x0002ef08       0x70 modules/hal_nordic/nrfx/libmodules__hal_nordic__nrfx.a(nrfx_twim.c.obj)
                0x0002ef08                nrfx_twim_disable
 .text.nrfx_twim_xfer
                0x0002ef78      0x3fc modules/hal_nordic/nrfx/libmodules__hal_nordic__nrfx.a(nrfx_twim.c.obj)
                0x0002ef78                nrfx_twim_xfer
 .text.nrfx_twim_2_irq_handler
                0x0002f374      0x1ac modules/hal_nordic/nrfx/libmodules__hal_nordic__nrfx.a(nrfx_twim.c.obj)
                0x0002f374                nrfx_twim_2_irq_handler
 .text.nrfx_wdt_init
                0x0002f520       0xb4 modules/hal_nordic/nrfx/libmodules__hal_nordic__nrfx.a(nrfx_wdt.c.obj)
                0x0002f520                nrfx_wdt_init
 .text.nrfx_wdt_enable
                0x0002f5d4       0x64 modules/hal_nordic/nrfx/libmodules__hal_nordic__nrfx.a(nrfx_wdt.c.obj)
                0x0002f5d4                nrfx_wdt_enable
 .text.nrfx_wdt_channel_alloc
                0x0002f638       0x98 modules/hal_nordic/nrfx/libmodules__hal_nordic__nrfx.a(nrfx_wdt.c.obj)
                0x0002f638                nrfx_wdt_channel_alloc
 .text.nrfx_wdt_channel_feed
                0x0002f6d0       0x48 modules/hal_nordic/nrfx/libmodules__hal_nordic__nrfx.a(nrfx_wdt.c.obj)
                0x0002f6d0                nrfx_wdt_channel_feed
 .text.nrfx_wdt_0_irq_handler
                0x0002f718       0x20 modules/hal_nordic/nrfx/libmodules__hal_nordic__nrfx.a(nrfx_wdt.c.obj)
                0x0002f718                nrfx_wdt_0_irq_handler
 .text.nrf_gpio_pin_port_decode
                0x0002f738       0x70 modules/hal_nordic/nrfx/libmodules__hal_nordic__nrfx.a(nrfx_twi_twim.c.obj)
 .text.nrfx_twi_twim_bus_recover
                0x0002f7a8       0xbc modules/hal_nordic/nrfx/libmodules__hal_nordic__nrfx.a(nrfx_twi_twim.c.obj)
                0x0002f7a8                nrfx_twi_twim_bus_recover
 .text.rpc_handle_data_message
                0x0002f864       0x48 C:/Users/helo/v1.6.0/nrfxlib/nrf_modem/lib/cortex-m33/hard-float/libmodem.a(rpc_framework.c.obj)
                0x0002f864                rpc_handle_data_message
 .text.ipc_trace_init
                0x0002f8ac        0xc C:/Users/helo/v1.6.0/nrfxlib/nrf_modem/lib/cortex-m33/hard-float/libmodem.a(ipc_trace.c.obj)
                0x0002f8ac                ipc_trace_init
 .text.nrf_modem_os_trace_irq_handler
                0x0002f8b8       0x58 C:/Users/helo/v1.6.0/nrfxlib/nrf_modem/lib/cortex-m33/hard-float/libmodem.a(ipc_trace.c.obj)
                0x0002f8b8                nrf_modem_os_trace_irq_handler
 .text.ipc_trace_handle
                0x0002f910      0x128 C:/Users/helo/v1.6.0/nrfxlib/nrf_modem/lib/cortex-m33/hard-float/libmodem.a(ipc_trace.c.obj)
                0x0002f910                ipc_trace_handle
 .text.rpc_trace_coredump_in_progress
                0x0002fa38        0xc C:/Users/helo/v1.6.0/nrfxlib/nrf_modem/lib/cortex-m33/hard-float/libmodem.a(ipc_trace.c.obj)
                0x0002fa38                rpc_trace_coredump_in_progress
 .text.handle_modem_rpc_msg
                0x0002fa44       0x84 C:/Users/helo/v1.6.0/nrfxlib/nrf_modem/lib/cortex-m33/hard-float/libmodem.a(rpc_transport_ipc.c.obj)
 .text.rpc_transport_ipc_data_msg_send
                0x0002fac8       0x5c C:/Users/helo/v1.6.0/nrfxlib/nrf_modem/lib/cortex-m33/hard-float/libmodem.a(rpc_transport_ipc.c.obj)
                0x0002fac8                rpc_transport_ipc_data_msg_send
 .text.rpc_transport_ipc_ctrl_msg_send
                0x0002fb24       0x4c C:/Users/helo/v1.6.0/nrfxlib/nrf_modem/lib/cortex-m33/hard-float/libmodem.a(rpc_transport_ipc.c.obj)
                0x0002fb24                rpc_transport_ipc_ctrl_msg_send
 .text.rpc_transport_ipc_data_msg_alloc
                0x0002fb70       0x24 C:/Users/helo/v1.6.0/nrfxlib/nrf_modem/lib/cortex-m33/hard-float/libmodem.a(rpc_transport_ipc.c.obj)
                0x0002fb70                rpc_transport_ipc_data_msg_alloc
 .text.rpc_transport_ipc_ctrl_msg_alloc
                0x0002fb94       0x18 C:/Users/helo/v1.6.0/nrfxlib/nrf_modem/lib/cortex-m33/hard-float/libmodem.a(rpc_transport_ipc.c.obj)
                0x0002fb94                rpc_transport_ipc_ctrl_msg_alloc
 .text.rpc_transport_ipc_data_alloc
                0x0002fbac       0x14 C:/Users/helo/v1.6.0/nrfxlib/nrf_modem/lib/cortex-m33/hard-float/libmodem.a(rpc_transport_ipc.c.obj)
                0x0002fbac                rpc_transport_ipc_data_alloc
 .text.nrf_modem_os_application_irq_handler
                0x0002fbc0       0x20 C:/Users/helo/v1.6.0/nrfxlib/nrf_modem/lib/cortex-m33/hard-float/libmodem.a(rpc_transport_ipc.c.obj)
                0x0002fbc0                nrf_modem_os_application_irq_handler
 .text.rpc_transport_ipc_msg_free
                0x0002fbe0       0x4c C:/Users/helo/v1.6.0/nrfxlib/nrf_modem/lib/cortex-m33/hard-float/libmodem.a(rpc_transport_ipc.c.obj)
                0x0002fbe0                rpc_transport_ipc_msg_free
 .text.rpc_transport_ipc_data_free
                0x0002fc2c       0x44 C:/Users/helo/v1.6.0/nrfxlib/nrf_modem/lib/cortex-m33/hard-float/libmodem.a(rpc_transport_ipc.c.obj)
                0x0002fc2c                rpc_transport_ipc_data_free
 .text.rpc_transport_ipc_init
                0x0002fc70      0x188 C:/Users/helo/v1.6.0/nrfxlib/nrf_modem/lib/cortex-m33/hard-float/libmodem.a(rpc_transport_ipc.c.obj)
                0x0002fc70                rpc_transport_ipc_init
 .text.ipc_irq_handler
                0x0002fdf8      0x134 C:/Users/helo/v1.6.0/nrfxlib/nrf_modem/lib/cortex-m33/hard-float/libmodem.a(rpc_transport_ipc.c.obj)
                0x0002fdf8                ipc_irq_handler
 .text.gnss_client_event_handler
                0x0002ff2c       0x10 C:/Users/helo/v1.6.0/nrfxlib/nrf_modem/lib/cortex-m33/hard-float/libmodem.a(rpc_gnss_client.c.obj)
                0x0002ff2c                gnss_client_event_handler
 .text.rpc_gnss_client_set_handler
                0x0002ff3c        0xc C:/Users/helo/v1.6.0/nrfxlib/nrf_modem/lib/cortex-m33/hard-float/libmodem.a(rpc_gnss_client.c.obj)
                0x0002ff3c                rpc_gnss_client_set_handler
 .text.interface_init
                0x0002ff48       0x18 C:/Users/helo/v1.6.0/nrfxlib/nrf_modem/lib/cortex-m33/hard-float/libmodem.a(interface.c.obj)
                0x0002ff48                interface_init
 .text.interface_socket_allocate
                0x0002ff60       0x4c C:/Users/helo/v1.6.0/nrfxlib/nrf_modem/lib/cortex-m33/hard-float/libmodem.a(interface.c.obj)
                0x0002ff60                interface_socket_allocate
 .text.interface_socket_free
                0x0002ffac       0x18 C:/Users/helo/v1.6.0/nrfxlib/nrf_modem/lib/cortex-m33/hard-float/libmodem.a(interface.c.obj)
                0x0002ffac                interface_socket_free
 .text.interface_socket_packet_handler_update
                0x0002ffc4       0x34 C:/Users/helo/v1.6.0/nrfxlib/nrf_modem/lib/cortex-m33/hard-float/libmodem.a(interface.c.obj)
                0x0002ffc4                interface_socket_packet_handler_update
 .text.interface_socket_wait
                0x0002fff8       0x44 C:/Users/helo/v1.6.0/nrfxlib/nrf_modem/lib/cortex-m33/hard-float/libmodem.a(interface.c.obj)
                0x0002fff8                interface_socket_wait
 .text.interface_from_internal_id_search
                0x0003003c       0x30 C:/Users/helo/v1.6.0/nrfxlib/nrf_modem/lib/cortex-m33/hard-float/libmodem.a(interface.c.obj)
                0x0003003c                interface_from_internal_id_search
 .text.interface_socket_from_handle_get
                0x0003006c       0x20 C:/Users/helo/v1.6.0/nrfxlib/nrf_modem/lib/cortex-m33/hard-float/libmodem.a(interface.c.obj)
                0x0003006c                interface_socket_from_handle_get
 .text.interface_socket_setopt
                0x0003008c       0x70 C:/Users/helo/v1.6.0/nrfxlib/nrf_modem/lib/cortex-m33/hard-float/libmodem.a(interface.c.obj)
                0x0003008c                interface_socket_setopt
 .text.interface_socket_getopt
                0x000300fc       0x78 C:/Users/helo/v1.6.0/nrfxlib/nrf_modem/lib/cortex-m33/hard-float/libmodem.a(interface.c.obj)
                0x000300fc                interface_socket_getopt
 .text.interface_socket_fcntl
                0x00030174       0x68 C:/Users/helo/v1.6.0/nrfxlib/nrf_modem/lib/cortex-m33/hard-float/libmodem.a(interface.c.obj)
                0x00030174                interface_socket_fcntl
 .text.rpc_error_to_nrf_errno
                0x000301dc       0x10 C:/Users/helo/v1.6.0/nrfxlib/nrf_modem/lib/cortex-m33/hard-float/libmodem.a(ip_interface.c.obj)
                0x000301dc                rpc_error_to_nrf_errno
 .text.rpc_error_to_nrf_gai_errno
                0x000301ec       0x38 C:/Users/helo/v1.6.0/nrfxlib/nrf_modem/lib/cortex-m33/hard-float/libmodem.a(ip_interface.c.obj)
                0x000301ec                rpc_error_to_nrf_gai_errno
 .text.ip_interface_init
                0x00030224       0x30 C:/Users/helo/v1.6.0/nrfxlib/nrf_modem/lib/cortex-m33/hard-float/libmodem.a(ip_interface.c.obj)
                0x00030224                ip_interface_init
 .text.ip_interface_open
                0x00030254       0xfc C:/Users/helo/v1.6.0/nrfxlib/nrf_modem/lib/cortex-m33/hard-float/libmodem.a(ip_interface.c.obj)
                0x00030254                ip_interface_open
 .text.ip_interface_close
                0x00030350       0x94 C:/Users/helo/v1.6.0/nrfxlib/nrf_modem/lib/cortex-m33/hard-float/libmodem.a(ip_interface.c.obj)
                0x00030350                ip_interface_close
 .text.ip_interface_sendto
                0x000303e4      0x240 C:/Users/helo/v1.6.0/nrfxlib/nrf_modem/lib/cortex-m33/hard-float/libmodem.a(ip_interface.c.obj)
                0x000303e4                ip_interface_sendto
 .text.ip_interface_socketoption_get
                0x00030624      0x100 C:/Users/helo/v1.6.0/nrfxlib/nrf_modem/lib/cortex-m33/hard-float/libmodem.a(ip_interface.c.obj)
                0x00030624                ip_interface_socketoption_get
 .text.ip_interface_bind
                0x00030724       0xc4 C:/Users/helo/v1.6.0/nrfxlib/nrf_modem/lib/cortex-m33/hard-float/libmodem.a(ip_interface.c.obj)
                0x00030724                ip_interface_bind
 .text.ip_interface_listen
                0x000307e8       0xa8 C:/Users/helo/v1.6.0/nrfxlib/nrf_modem/lib/cortex-m33/hard-float/libmodem.a(ip_interface.c.obj)
                0x000307e8                ip_interface_listen
 .text.ip_interface_accept
                0x00030890      0x1d0 C:/Users/helo/v1.6.0/nrfxlib/nrf_modem/lib/cortex-m33/hard-float/libmodem.a(ip_interface.c.obj)
                0x00030890                ip_interface_accept
 .text.ip_interface_setopt
                0x00030a60      0x174 C:/Users/helo/v1.6.0/nrfxlib/nrf_modem/lib/cortex-m33/hard-float/libmodem.a(ip_interface.c.obj)
                0x00030a60                ip_interface_setopt
 .text.ip_interface_getaddrinfo
                0x00030bd4      0x21c C:/Users/helo/v1.6.0/nrfxlib/nrf_modem/lib/cortex-m33/hard-float/libmodem.a(ip_interface.c.obj)
                0x00030bd4                ip_interface_getaddrinfo
 .text.ip_interface_freeaddrinfo
                0x00030df0       0x34 C:/Users/helo/v1.6.0/nrfxlib/nrf_modem/lib/cortex-m33/hard-float/libmodem.a(ip_interface.c.obj)
                0x00030df0                ip_interface_freeaddrinfo
 .text.rpc_ip_event_handler
                0x00030e24      0x474 C:/Users/helo/v1.6.0/nrfxlib/nrf_modem/lib/cortex-m33/hard-float/libmodem.a(ip_interface.c.obj)
                0x00030e24                rpc_ip_event_handler
 .text.secure_socket_dtls_timeout_check